Archive member included to satisfy reference by file (symbol)

/opt/devkitpro/devkitARM/bin/../lib/gcc/arm-none-eabi/12.2.0/thumb/libgcc.a(_call_via_rX.o)
                              mm_main_gba.o (_call_via_r1)
/opt/devkitpro/devkitARM/bin/../lib/gcc/arm-none-eabi/12.2.0/thumb/libgcc.a(_aeabi_ldivmod.o)
                              bn_hw_text.o (__aeabi_ldivmod)
/opt/devkitpro/devkitARM/bin/../lib/gcc/arm-none-eabi/12.2.0/thumb/libgcc.a(_aeabi_uldivmod.o)
                              bn_hw_text.o (__aeabi_uldivmod)
/opt/devkitpro/devkitARM/bin/../lib/gcc/arm-none-eabi/12.2.0/thumb/libgcc.a(_udivmoddi4.o)
                              /opt/devkitpro/devkitARM/bin/../lib/gcc/arm-none-eabi/12.2.0/thumb/libgcc.a(_aeabi_ldivmod.o) (__udivmoddi4)

Discarded input sections

 .text          0x0000000000000000        0x0 /opt/devkitpro/devkitARM/bin/../lib/gcc/arm-none-eabi/12.2.0/../../../../arm-none-eabi/lib/thumb/gba_crt0.o
 .data          0x0000000000000000        0x0 /opt/devkitpro/devkitARM/bin/../lib/gcc/arm-none-eabi/12.2.0/../../../../arm-none-eabi/lib/thumb/gba_crt0.o
 .bss           0x0000000000000000        0x0 /opt/devkitpro/devkitARM/bin/../lib/gcc/arm-none-eabi/12.2.0/../../../../arm-none-eabi/lib/thumb/gba_crt0.o
 .text          0x0000000000000000        0x0 /opt/devkitpro/devkitARM/bin/../lib/gcc/arm-none-eabi/12.2.0/thumb/crti.o
 .data          0x0000000000000000        0x0 /opt/devkitpro/devkitARM/bin/../lib/gcc/arm-none-eabi/12.2.0/thumb/crti.o
 .bss           0x0000000000000000        0x0 /opt/devkitpro/devkitARM/bin/../lib/gcc/arm-none-eabi/12.2.0/thumb/crti.o
 .text          0x0000000000000000        0x0 /opt/devkitpro/devkitARM/bin/../lib/gcc/arm-none-eabi/12.2.0/thumb/crtbegin.o
 .data          0x0000000000000000        0x0 /opt/devkitpro/devkitARM/bin/../lib/gcc/arm-none-eabi/12.2.0/thumb/crtbegin.o
 .bss           0x0000000000000000        0x0 /opt/devkitpro/devkitARM/bin/../lib/gcc/arm-none-eabi/12.2.0/thumb/crtbegin.o
 .rodata.all_implied_fbits
                0x0000000000000000       0x24 /opt/devkitpro/devkitARM/bin/../lib/gcc/arm-none-eabi/12.2.0/thumb/crtbegin.o
 .text          0x0000000000000000        0x0 _bn_audio_soundbank.bin.o
 .data          0x0000000000000000        0x0 _bn_audio_soundbank.bin.o
 .bss           0x0000000000000000        0x0 _bn_audio_soundbank.bin.o
 .text          0x0000000000000000        0x0 base_bn_gfx.o
 .data          0x0000000000000000        0x0 base_bn_gfx.o
 .bss           0x0000000000000000        0x0 base_bn_gfx.o
 .text          0x0000000000000000        0x0 base_habilidad_bn_gfx.o
 .data          0x0000000000000000        0x0 base_habilidad_bn_gfx.o
 .bss           0x0000000000000000        0x0 base_habilidad_bn_gfx.o
 .text          0x0000000000000000        0x0 base_v_bn_gfx.o
 .data          0x0000000000000000        0x0 base_v_bn_gfx.o
 .bss           0x0000000000000000        0x0 base_v_bn_gfx.o
 .text          0x0000000000000000        0x0 base_v_habilidad_bn_gfx.o
 .data          0x0000000000000000        0x0 base_v_habilidad_bn_gfx.o
 .bss           0x0000000000000000        0x0 base_v_habilidad_bn_gfx.o
 .text          0x0000000000000000        0x0 boton_listo_bn_gfx.o
 .data          0x0000000000000000        0x0 boton_listo_bn_gfx.o
 .bss           0x0000000000000000        0x0 boton_listo_bn_gfx.o
 .text          0x0000000000000000        0x0 boton_usar_bn_gfx.o
 .data          0x0000000000000000        0x0 boton_usar_bn_gfx.o
 .bss           0x0000000000000000        0x0 boton_usar_bn_gfx.o
 .text          0x0000000000000000        0x0 brillo_de_camila_bn_gfx.o
 .data          0x0000000000000000        0x0 brillo_de_camila_bn_gfx.o
 .bss           0x0000000000000000        0x0 brillo_de_camila_bn_gfx.o
 .text          0x0000000000000000        0x0 cambio_bn_gfx.o
 .data          0x0000000000000000        0x0 cambio_bn_gfx.o
 .bss           0x0000000000000000        0x0 cambio_bn_gfx.o
 .text          0x0000000000000000        0x0 caramelo_energetico_bn_gfx.o
 .data          0x0000000000000000        0x0 caramelo_energetico_bn_gfx.o
 .bss           0x0000000000000000        0x0 caramelo_energetico_bn_gfx.o
 .text          0x0000000000000000        0x0 carta_back_bn_gfx.o
 .data          0x0000000000000000        0x0 carta_back_bn_gfx.o
 .bss           0x0000000000000000        0x0 carta_back_bn_gfx.o
 .text          0x0000000000000000        0x0 cinturon_eleccion_bn_gfx.o
 .data          0x0000000000000000        0x0 cinturon_eleccion_bn_gfx.o
 .bss           0x0000000000000000        0x0 cinturon_eleccion_bn_gfx.o
 .text          0x0000000000000000        0x0 cramobot_bn_gfx.o
 .data          0x0000000000000000        0x0 cramobot_bn_gfx.o
 .bss           0x0000000000000000        0x0 cramobot_bn_gfx.o
 .text          0x0000000000000000        0x0 cristal_niebla_bn_gfx.o
 .data          0x0000000000000000        0x0 cristal_niebla_bn_gfx.o
 .bss           0x0000000000000000        0x0 cristal_niebla_bn_gfx.o
[...]
Memory Configuration

Name             Origin             Length             Attributes
rom              0x0000000008000000 0x0000000002000000
iwram            0x0000000003000000 0x0000000000008000
ewram            0x0000000002000000 0x0000000000040000
*default*        0x0000000000000000 0xffffffffffffffff

Linker script and memory map

                0x0000000008000000                __text_start = ORIGIN (rom)
                0x0000000002040000                __eheap_end = (ORIGIN (ewram) + LENGTH (ewram))
                0x0000000003000000                __iwram_start = ORIGIN (iwram)
                0x0000000003008000                __iwram_top = (ORIGIN (iwram) + LENGTH (iwram))
                0x0000000003007fa0                __sp_irq = (__iwram_top - 0x60)
                0x0000000003007f00                __sp_usr = (__sp_irq - 0xa0)
                0x0000000003007ff8                __irq_flags = 0x3007ff8
                0x0000000008000000                . = __text_start

.crt0           0x0000000008000000      0x210
 *(.crt0)
 .crt0          0x0000000008000000      0x210 /opt/devkitpro/devkitARM/bin/../lib/gcc/arm-none-eabi/12.2.0/../../../../arm-none-eabi/lib/thumb/gba_crt0.o
                0x0000000008000000                _start
                0x00000000080000c4                __boot_method
                0x00000000080000c5                __slave_number
                0x00000000080000e0                start_vector
                0x0000000008000210                . = ALIGN (0x4)

.init           0x0000000008000210        0xc
 *(SORT_NONE(.init))
 .init          0x0000000008000210        0x4 /opt/devkitpro/devkitARM/bin/../lib/gcc/arm-none-eabi/12.2.0/thumb/crti.o
                0x0000000008000210                _init
 .init          0x0000000008000214        0x8 /opt/devkitpro/devkitARM/bin/../lib/gcc/arm-none-eabi/12.2.0/thumb/crtn.o

.plt            0x000000000800021c        0x0
 *(.plt)
                0x000000000800021c                . = ALIGN (0x4)

.text           0x0000000008000220    0x29620
 *(EXCLUDE_FILE(*.iwram*) .text*)
 .text.__do_global_dtors_aux
                0x0000000008000220       0x2c /opt/devkitpro/devkitARM/bin/../lib/gcc/arm-none-eabi/12.2.0/thumb/crtbegin.o
 .text.frame_dummy
                0x000000000800024c       0x24 /opt/devkitpro/devkitARM/bin/../lib/gcc/arm-none-eabi/12.2.0/thumb/crtbegin.o
 .text._ZNK5carta13obtener_tipo1Ev
                0x0000000008000270        0x4 carta.o
                0x0000000008000270                carta::obtener_tipo1() const
 .text._ZNK5carta13obtener_tipo2Ev
                0x0000000008000274        0x4 carta.o
                0x0000000008000274                carta::obtener_tipo2() const
 .text._ZN5carta16establecer_tipo1Ei
                0x0000000008000278        0x4 carta.o
                0x0000000008000278                carta::establecer_tipo1(int)
 .text._ZN5carta16establecer_tipo2Ei
                0x000000000800027c        0x4 carta.o
                0x000000000800027c                carta::establecer_tipo2(int)
 .text._ZN5carta21establecer_atachado_aEPS_
                0x0000000008000280        0x4 carta.o
                0x0000000008000280                carta::establecer_atachado_a(carta*)
 .text._ZN3_bn6assert9show_argsIJA19_ciA4_ciEEEvPKcS5_S5_iDpRKT_
                0x0000000008000284       0x6c carta.o
                0x0000000008000284                void _bn::assert::show_args<char [19], int, char [4], int>(char const*, char const*, char const*, int, char const (&) [19], int const&, char const (&) [4], int const&)
 .text._ZN5cartaC2EN2bn6stringILi32EEEii
                0x00000000080002f0       0x8c carta.o
                0x00000000080002f0                carta::carta(bn::string<32>, int, int)
                0x00000000080002f0                carta::carta(bn::string<32>, int, int)
 .text._ZN5carta17establecer_nombreERKN2bn6stringILi32EEE
                0x000000000800037c       0x64 carta.o
                0x000000000800037c                carta::establecer_nombre(bn::string<32> const&)
 .text._ZNK5carta14obtener_nombreEv
                0x00000000080003e0       0x74 carta.o
                0x00000000080003e0                carta::obtener_nombre() const
 .text._ZN7estatusC2Ei
                0x0000000008000454       0x20 estatus.o
                0x0000000008000454                estatus::estatus(int)
                0x0000000008000454                estatus::estatus(int)
 .text._ZN3_bn6assert9show_argsIA16_cEEvPKcS4_S4_iRKT_
                0x0000000008000474       0x50 estatus.o
                0x0000000008000474                void _bn::assert::show_args<char [16]>(char const*, char const*, char const*, int, char const (&) [16])
 .text._ZN3_bn6assert9show_argsIA15_cEEvPKcS4_S4_iRKT_
                0x00000000080004c4       0x50 estatus.o
                0x00000000080004c4                void _bn::assert::show_args<char [15]>(char const*, char const*, char const*, int, char const (&) [15])
 .text._ZN7estatus19agrega_mini_energiaEiN2bn11fixed_pointE
                0x0000000008000514       0x6c estatus.o
                0x0000000008000514                estatus::agrega_mini_energia(int, bn::fixed_point)
 .text._ZN3_bn6assert9show_argsIA17_cEEvPKcS4_S4_iRKT_
                0x0000000008000580       0x50 estatus.o
                0x0000000008000580                void _bn::assert::show_args<char [17]>(char const*, char const*, char const*, int, char const (&) [17])
 .text._Z6dibujaiiiiRN2bn6vectorINS_10sprite_ptrELi60EEE
                0x00000000080005d0      0xaac funciones_cartas.o
                0x00000000080005d0                dibuja(int, int, int, int, bn::vector<bn::sprite_ptr, 60>&)
 .text._Z6dibujaiiiiRN2bn6vectorINS_10sprite_ptrELi60EEEPS1_
                0x000000000800107c     0x1304 funciones_cartas.o
                0x000000000800107c                dibuja(int, int, int, int, bn::vector<bn::sprite_ptr, 60>&, bn::sprite_ptr*)
 .text._Z17dibuja_carta_full5cartaii
                0x0000000008002380     0x28a4 funciones_cartas_full.o
                0x0000000008002380                dibuja_carta_full(carta, int, int)
 .text._ZN2bn7ivectorINS_11fixed_pointEE7_assignERKS2_.isra.0
                0x0000000008004c24       0x24 funciones_combate.o
 .text._Z13agrega_imagenN2bn6vectorI5cartaLi60EEERNS0_INS_10sprite_ptrELi60EEES1_i
                0x0000000008004c48       0x44 funciones_combate.o
                0x0000000008004c48                agrega_imagen(bn::vector<carta, 60>, bn::vector<bn::sprite_ptr, 60>&, carta, int)
 .text._ZN2bn7ivectorI5cartaE7_assignERKS2_.isra.0
                0x0000000008004c8c       0xb8 funciones_combate.o
 .text._ZN3_bn6assert9show_argsIA16_ciEEvPKcS4_S4_iRKT_RKT0_
                0x0000000008004d44       0x58 funciones_combate.o
                0x0000000008004d44                void _bn::assert::show_args<char [16], int>(char const*, char const*, char const*, int, char const (&) [16], int const&)
 .text._Z9distanciaN2bn11fixed_pointES0_
                0x0000000008004d9c       0x34 funciones_combate.o
                0x0000000008004d9c                distancia(bn::fixed_point, bn::fixed_point)
 .text._ZN3_bn6assert9show_argsIJA16_ciA4_ciEEEvPKcS5_S5_iDpRKT_
                0x0000000008004dd0       0x6c funciones_combate.o
                0x0000000008004dd0                void _bn::assert::show_args<char [16], int, char [4], int>(char const*, char const*, char const*, int, char const (&) [16], int const&, char const (&) [4], int const&)
 .text._Z17reorganiza_imagenRN2bn6vectorINS_10sprite_ptrELi60EEEii
                0x0000000008004e3c       0x8c funciones_combate.o
                0x0000000008004e3c                reorganiza_imagen(bn::vector<bn::sprite_ptr, 60>&, int, int)
 .text._Z17reorganiza_imagenRN2bn6vectorINS_10sprite_ptrELi60EEEPiNS0_INS_11fixed_pointELi19EEEi
                0x0000000008004ec8       0x98 funciones_combate.o
                0x0000000008004ec8                reorganiza_imagen(bn::vector<bn::sprite_ptr, 60>&, int*, bn::vector<bn::fixed_point, 19>, int)
 .text._Z22verificar_mano_inicialN2bn6vectorI5cartaLi60EEEPi
                0x0000000008004f60      0x11c funciones_combate.o
                0x0000000008004f60                verificar_mano_inicial(bn::vector<carta, 60>, int*)
 .text._Z11robar_cartaN2bn6vectorI5cartaLi60EEERNS0_INS_10sprite_ptrELi60EEERS3_Piii
                0x000000000800507c      0x26c funciones_combate.o
                0x000000000800507c                robar_carta(bn::vector<carta, 60>, bn::vector<bn::sprite_ptr, 60>&, bn::sprite_ptr&, int*, int, int)
 .text._Z6cambioRN2bn6vectorI5cartaLi60EEEii
                0x00000000080052e8      0x14c funciones_combate.o
                0x00000000080052e8                cambio(bn::vector<carta, 60>&, int, int)
 .text._Z8barajearRN2bn6vectorI5cartaLi60EEEPiiRNS_6randomE
                0x0000000008005434       0x90 funciones_combate.o
                0x0000000008005434                barajear(bn::vector<carta, 60>&, int*, int, bn::random&)
 .text._Z11mas_cercanoN2bn11fixed_pointENS_6vectorIS0_Li19EEENS1_INS_10sprite_ptrELi60EEES4_iPi
                0x00000000080054c4      0x5b8 funciones_combate.o
                0x00000000080054c4                mas_cercano(bn::fixed_point, bn::vector<bn::fixed_point, 19>, bn::vector<bn::sprite_ptr, 60>, bn::vector<bn::sprite_ptr, 60>, int, int*)
 .text._Z11seleccionarRN2bn6vectorI5cartaLi60EEES3_NS0_INS_11fixed_pointELi19EEERNS0_INS_10sprite_ptrELi60EEES8_PiS6_iRi
                0x0000000008005a7c      0x818 funciones_combate.o
                0x0000000008005a7c                seleccionar(bn::vector<carta, 60>&, bn::vector<carta, 60>&, bn::vector<bn::fixed_point, 19>, bn::vector<bn::sprite_ptr, 60>&, bn::vector<bn::sprite_ptr, 60>&, int*, bn::sprite_ptr, int, int&)
 .text._ZN2bn7ivectorINS_11fixed_pointEE9push_backERKS1_
                0x0000000008006294       0x44 funciones_combate.o
                0x0000000008006294                bn::ivector<bn::fixed_point>::push_back(bn::fixed_point const&)
 .text._ZN2bn7ivectorI5cartaE6insertEPKS1_RS3_.isra.0
                0x00000000080062d8      0x1f0 funciones_combate.o
 .text._Z12agrega_cartaRN2bn6vectorI5cartaLi60EEERNS0_INS_10sprite_ptrELi60EEES1_PiiNS0_INS_11fixed_pointELi19EEEi
                0x00000000080064c8      0x330 funciones_combate.o
                0x00000000080064c8                agrega_carta(bn::vector<carta, 60>&, bn::vector<bn::sprite_ptr, 60>&, carta, int*, int, bn::vector<bn::fixed_point, 19>, int)
 .text._Z13retirar_cartaRN2bn6vectorI5cartaLi60EEERNS0_INS_10sprite_ptrELi60EEEPii
                0x00000000080067f8      0x264 funciones_combate.o
                0x00000000080067f8                retirar_carta(bn::vector<carta, 60>&, bn::vector<bn::sprite_ptr, 60>&, int*, int)
 .text._Z10mano_juegoRN2bn6vectorI5cartaLi60EEERNS0_INS_10sprite_ptrELi60EEEPiiNS0_INS_11fixed_pointELi19EEEiRNS0_I7estatusLi6EEE
                0x0000000008006a5c      0x1ec funciones_combate.o
                0x0000000008006a5c                mano_juego(bn::vector<carta, 60>&, bn::vector<bn::sprite_ptr, 60>&, int*, int, bn::vector<bn::fixed_point, 19>, int, bn::vector<estatus, 6>&)
 .text._Z14mano_atachadasRN2bn6vectorI5cartaLi60EEERNS0_INS_10sprite_ptrELi60EEEPiiNS0_INS_11fixed_pointELi19EEEi
                0x0000000008006c48       0xec funciones_combate.o
                0x0000000008006c48                mano_atachadas(bn::vector<carta, 60>&, bn::vector<bn::sprite_ptr, 60>&, int*, int, bn::vector<bn::fixed_point, 19>, int)
 .text._Z11juega_cartaRN2bn6vectorI5cartaLi60EEES3_RNS0_INS_10sprite_ptrELi60EEES6_PS1_iRS4_PiNS0_INS_11fixed_pointELi19EEERNS0_I7estatusLi6EEESE_RbSF_
                0x0000000008006d34      0x38c funciones_combate.o
                0x0000000008006d34                juega_carta(bn::vector<carta, 60>&, bn::vector<carta, 60>&, bn::vector<bn::sprite_ptr, 60>&, bn::vector<bn::sprite_ptr, 60>&, carta*, int, bn::sprite_ptr&, int*, bn::vector<bn::fixed_point, 19>, bn::vector<estatus, 6>&, bn::vector<estatus, 6>&, bool&, bool&)
 .text._Z13turno_jugadorN2bn6vectorINS_11fixed_pointELi19EEERNS0_INS_10sprite_ptrELi60EEERS3_S5_RNS0_I5cartaLi60EEES9_PiSA_iRNS0_I7estatusLi6EEESD_
                0x00000000080070c0      0xc60 funciones_combate.o
                0x00000000080070c0                turno_jugador(bn::vector<bn::fixed_point, 19>, bn::vector<bn::sprite_ptr, 60>&, bn::sprite_ptr&, bn::vector<bn::sprite_ptr, 60>&, bn::vector<carta, 60>&, bn::vector<carta, 60>&, int*, int*, int, bn::vector<estatus, 6>&, bn::vector<estatus, 6>&)
 .text._Z13seteo_inicialN2bn6vectorINS_11fixed_pointELi19EEERNS0_INS_10sprite_ptrELi60EEERS3_S5_RNS0_I5cartaLi60EEES9_PiSA_RNS0_I7estatusLi6EEESD_
                0x0000000008007d20      0x9d0 funciones_combate.o
                0x0000000008007d20                seteo_inicial(bn::vector<bn::fixed_point, 19>, bn::vector<bn::sprite_ptr, 60>&, bn::sprite_ptr&, bn::vector<bn::sprite_ptr, 60>&, bn::vector<carta, 60>&, bn::vector<carta, 60>&, int*, int*, bn::vector<estatus, 6>&, bn::vector<estatus, 6>&)
 .text._Z12deck_premiosRN2bn6vectorI5cartaLi60EEERNS0_INS_10sprite_ptrELi60EEEPiNS0_INS_11fixed_pointELi19EEEi
                0x00000000080086f0       0xf0 funciones_combate.o
                0x00000000080086f0                deck_premios(bn::vector<carta, 60>&, bn::vector<bn::sprite_ptr, 60>&, int*, bn::vector<bn::fixed_point, 19>, int)
 .text._Z7combateRN2bn6vectorI5cartaLi60EEES3_RNS_6randomE
                0x00000000080087e0      0xa64 funciones_combate.o
                0x00000000080087e0                combate(bn::vector<carta, 60>&, bn::vector<carta, 60>&, bn::random&)
 .text._ZN2bneqERKNS_12istring_baseES2_.isra.0
                0x0000000008009244       0x30 funciones_diccionario.o
 .text._Z17diccionario_vstar5carta
                0x0000000008009274       0x74 funciones_diccionario.o
                0x0000000008009274                diccionario_vstar(carta)
 .text._Z20obtener_imagen_vstar5cartaii
                0x00000000080092e8       0x14 funciones_diccionario.o
                0x00000000080092e8                obtener_imagen_vstar(carta, int, int)
 .text._ZN2bn7istring6assignEPKc.isra.0
                0x00000000080092fc       0x88 funciones_diccionario.o
 .text._Z19obtener_imagen_vmax5cartaii
                0x0000000008009384       0xcc funciones_diccionario.o
                0x0000000008009384                obtener_imagen_vmax(carta, int, int)
 .text._Z16obtener_imagen_v5cartaii
                0x0000000008009450      0x12c funciones_diccionario.o
                0x0000000008009450                obtener_imagen_v(carta, int, int)
 .text._Z21obtener_imagen_normal5cartaii
                0x000000000800957c      0x1b8 funciones_diccionario.o
                0x000000000800957c                obtener_imagen_normal(carta, int, int)
 .text._Z25obtener_imagen_no_pokemon5cartaii
                0x0000000008009734      0x504 funciones_diccionario.o
                0x0000000008009734                obtener_imagen_no_pokemon(carta, int, int)
 .text._Z14obtener_imagen5cartaii
                0x0000000008009c38      0x1dc funciones_diccionario.o
                0x0000000008009c38                obtener_imagen(carta, int, int)
 .text._Z20diccionario_energias5carta
                0x0000000008009e14      0x218 funciones_diccionario.o
                0x0000000008009e14                diccionario_energias(carta)
 .text._Z23diccionario_v_habilidad5carta
                0x000000000800a02c      0xab4 funciones_diccionario.o
                0x000000000800a02c                diccionario_v_habilidad(carta)
 .text._Z16diccionario_vmax5carta
                0x000000000800aae0      0xb80 funciones_diccionario.o
                0x000000000800aae0                diccionario_vmax(carta)
 .text._Z13diccionario_v5carta
                0x000000000800b660      0xd00 funciones_diccionario.o
                0x000000000800b660                diccionario_v(carta)
 .text._Z28diccionario_normal_habilidad5carta
                0x000000000800c360      0xf40 funciones_diccionario.o
                0x000000000800c360                diccionario_normal_habilidad(carta)
 .text._Z18diccionario_normal5carta
                0x000000000800d2a0      0xc74 funciones_diccionario.o
                0x000000000800d2a0                diccionario_normal(carta)
 .text._Z9es_basico5carta
                0x000000000800df14      0x14c funciones_diccionario.o
                0x000000000800df14                es_basico(carta)
 .text._ZN2bn7ivectorINS_6stringILi30EEEE9push_backERKS2_
                0x000000000800e060       0xa8 funciones_diccionario.o
                0x000000000800e060                bn::ivector<bn::string<30> >::push_back(bn::string<30> const&)
 .text._Z22diccionario_no_pokemon5carta
                0x000000000800e108     0x1b20 funciones_diccionario.o
                0x000000000800e108                diccionario_no_pokemon(carta)
 .text._Z28obtener_informacion_completa5carta
                0x000000000800fc28      0x258 funciones_diccionario.o
                0x000000000800fc28                obtener_informacion_completa(carta)
 .text._Z19dibuja_mini_energiaiiiRN2bn6vectorINS_10sprite_ptrELi10EEE
                0x000000000800fe80       0xe4 funciones_mini_energias.o
                0x000000000800fe80                dibuja_mini_energia(int, int, int, bn::vector<bn::sprite_ptr, 10>&)
 .text._Z19dibuja_mini_energiaiiiRN2bn6vectorINS_10sprite_ptrELi5EEE
                0x000000000800ff64        0xc funciones_mini_energias.o
                0x000000000800ff64                dibuja_mini_energia(int, int, int, bn::vector<bn::sprite_ptr, 5>&)
 .text._Z19dibuja_mini_energiaiiiRN2bn6vectorINS_10sprite_ptrELi2EEE
                0x000000000800ff70        0xc funciones_mini_energias.o
                0x000000000800ff70                dibuja_mini_energia(int, int, int, bn::vector<bn::sprite_ptr, 2>&)
 .text._Z19dibuja_mini_energiaiN2bn7fixed_tILi12EEES1_RNS_6vectorINS_10sprite_ptrELi10EEE
                0x000000000800ff7c       0xe4 funciones_mini_energias.o
                0x000000000800ff7c                dibuja_mini_energia(int, bn::fixed_t<12>, bn::fixed_t<12>, bn::vector<bn::sprite_ptr, 10>&)
 .text._Z19mostrar_informacion5carta
                0x0000000008010060      0xf88 funciones_mostrar_informacion.o
                0x0000000008010060                mostrar_informacion(carta)
 .text._ZN2bn7istring6assignEPKc.isra.0
                0x0000000008010fe8       0x84 main.o
 .text._ZN2bn7ivectorI5cartaE9push_backEOS1_
                0x000000000801106c       0xc8 main.o
                0x000000000801106c                bn::ivector<carta>::push_back(carta&&)
 .text.startup.main
                0x0000000008011134      0xb80 main.o
                0x0000000008011134                main
 .text._ZN3_bn6assert9show_argsIA15_ciEEvPKcS4_S4_iRKT_RKT0_
                0x0000000008011cb4       0x58 common_stats.o
                0x0000000008011cb4                void _bn::assert::show_args<char [15], int>(char const*, char const*, char const*, int, char const (&) [15], int const&)
 .text._ZN2bn13ostringstream6appendILi12EEEvNS_7fixed_tIXT_EEE
                0x0000000008011d0c       0xa0 common_stats.o
                0x0000000008011d0c                void bn::ostringstream::append<12>(bn::fixed_t<12>)
 .text._ZN2bn13ostringstream11append_argsIiJA4_ciEEEvRKT_DpRKT0_.isra.0
                0x0000000008011dac       0x24 bn_affine_bg_animate_actions.o
 .text._ZN3_bn6assert9show_argsIJA23_ciA4_ciEEEvPKcS5_S5_iDpRKT_
                0x0000000008011dd0       0x5c bn_affine_bg_animate_actions.o
                0x0000000008011dd0                void _bn::assert::show_args<char [23], int, char [4], int>(char const*, char const*, char const*, int, char const (&) [23], int const&, char const (&) [4], int const&)
 .text._ZN3_bn6assert9show_argsIA24_ciEEvPKcS4_S4_iRKT_RKT0_
                0x0000000008011e2c       0x58 bn_affine_bg_animate_actions.o
                0x0000000008011e2c                void _bn::assert::show_args<char [24], int>(char const*, char const*, char const*, int, char const (&) [24], int const&)
 .text._ZN3_bn6assert9show_argsIA28_ciEEvPKcS4_S4_iRKT_RKT0_
                0x0000000008011e84       0x58 bn_affine_bg_animate_actions.o
                0x0000000008011e84                void _bn::assert::show_args<char [28], int>(char const*, char const*, char const*, int, char const (&) [28], int const&)
 .text._ZN3_bn6assert9show_argsIJA28_ciA4_ciEEEvPKcS5_S5_iDpRKT_
                0x0000000008011edc       0x5c bn_affine_bg_animate_actions.o
                0x0000000008011edc                void _bn::assert::show_args<char [28], int, char [4], int>(char const*, char const*, char const*, int, char const (&) [28], int const&, char const (&) [4], int const&)
 .text._ZN2bn13audio_manager12_GLOBAL__N_111static_dataD2Ev
                0x0000000008011f38        0x4 bn_audio_manager.o
 .text._ZN2bn13audio_manager4initEv
                0x0000000008011f3c       0x48 bn_audio_manager.o
                0x0000000008011f3c                bn::audio_manager::init()
 .text._ZN2bn13audio_manager7disableEv
                0x0000000008011f84        0xc bn_audio_manager.o
                0x0000000008011f84                bn::audio_manager::disable()
 .text._ZN2bn13audio_manager10sound_dataEt
                0x0000000008011f90       0x64 bn_audio_manager.o
                0x0000000008011f90                bn::audio_manager::sound_data(unsigned short)
 .text._ZN2bn13audio_manager6updateEv
                0x0000000008011ff4        0xc bn_audio_manager.o
                0x0000000008011ff4                bn::audio_manager::update()
 .text._ZN2bn13audio_manager6commitEv
                0x0000000008012000        0xc bn_audio_manager.o
                0x0000000008012000                bn::audio_manager::commit()
 .text._ZN2bn13audio_manager4stopEv
                0x000000000801200c       0x6c bn_audio_manager.o
                0x000000000801200c                bn::audio_manager::stop()
 .text._ZN3_bn6assert9show_argsIA18_ciEEvPKcS4_S4_iRKT_RKT0_
                0x0000000008012078       0x58 bn_audio_manager.o
                0x0000000008012078                void _bn::assert::show_args<char [18], int>(char const*, char const*, char const*, int, char const (&) [18], int const&)
 .text._ZN3_bn6assert9show_argsIA14_ciEEvPKcS4_S4_iRKT_RKT0_
                0x00000000080120d0       0x58 bn_audio_manager.o
                0x00000000080120d0                void _bn::assert::show_args<char [14], int>(char const*, char const*, char const*, int, char const (&) [14], int const&)
 .text._ZN3_bn6assert9show_argsIA19_ciEEvPKcS4_S4_iRKT_RKT0_
                0x0000000008012128       0x58 bn_audio_manager.o
                0x0000000008012128                void _bn::assert::show_args<char [19], int>(char const*, char const*, char const*, int, char const (&) [19], int const&)
 .text._ZN3_bn6assert9show_argsIA26_ciEEvPKcS4_S4_iRKT_RKT0_
                0x0000000008012180       0x58 bn_audio_manager.o
                0x0000000008012180                void _bn::assert::show_args<char [26], int>(char const*, char const*, char const*, int, char const (&) [26], int const&)
 .text._ZN3_bn6assert9show_argsIA33_cEEvPKcS4_S4_iRKT_
                0x00000000080121d8       0x50 bn_audio_manager.o
                0x00000000080121d8                void _bn::assert::show_args<char [33]>(char const*, char const*, char const*, int, char const (&) [33])
 .text._ZN3_bn6assert9show_argsIA25_cEEvPKcS4_S4_iRKT_
                0x0000000008012228       0x50 bn_audio_manager.o
                0x0000000008012228                void _bn::assert::show_args<char [25]>(char const*, char const*, char const*, int, char const (&) [25])
 .text._ZN3_bn6assert9show_argsIA24_cEEvPKcS4_S4_iRKT_
                0x0000000008012278       0x50 bn_audio_manager.o
                0x0000000008012278                void _bn::assert::show_args<char [24]>(char const*, char const*, char const*, int, char const (&) [24])
 .text._ZN3_bn6assert9show_argsIA26_cEEvPKcS4_S4_iRKT_
                0x00000000080122c8       0x50 bn_audio_manager.o
                0x00000000080122c8                void _bn::assert::show_args<char [26]>(char const*, char const*, char const*, int, char const (&) [26])
 .text._ZN3_bn6assert9show_argsIA25_ciEEvPKcS4_S4_iRKT_RKT0_
                0x0000000008012318       0x58 bn_audio_manager.o
                0x0000000008012318                void _bn::assert::show_args<char [25], int>(char const*, char const*, char const*, int, char const (&) [25], int const&)
 .text._ZN2bn13audio_manager16execute_commandsEv
                0x0000000008012370      0x71c bn_audio_manager.o
                0x0000000008012370                bn::audio_manager::execute_commands()
 .text.startup._GLOBAL__sub_I__ZN2bn5audio16update_on_vblankEv
                0x0000000008012a8c       0x98 bn_audio_manager.o
 .text._ZN2bn18best_fit_allocator4freeEPv
                0x0000000008012b24      0x110 bn_best_fit_allocator.o
                0x0000000008012b24                bn::best_fit_allocator::free(void*)
 .text._ZN3_bn6assert9show_argsIA23_cEEvPKcS4_S4_iRKT_
                0x0000000008012c34       0x50 bn_best_fit_allocator.o
                0x0000000008012c34                void _bn::assert::show_args<char [23]>(char const*, char const*, char const*, int, char const (&) [23])
 .text._ZN2bn18best_fit_allocatorD2Ev
                0x0000000008012c84       0x34 bn_best_fit_allocator.o
                0x0000000008012c84                bn::best_fit_allocator::~best_fit_allocator()
                0x0000000008012c84                bn::best_fit_allocator::~best_fit_allocator()
 .text._ZN2bn18best_fit_allocator5allocEi
                0x0000000008012cb8      0x15c bn_best_fit_allocator.o
                0x0000000008012cb8                bn::best_fit_allocator::alloc(int)
 .text._ZN3_bn6assert9show_argsIA20_ciEEvPKcS4_S4_iRKT_RKT0_
                0x0000000008012e14       0x58 bn_best_fit_allocator.o
                0x0000000008012e14                void _bn::assert::show_args<char [20], int>(char const*, char const*, char const*, int, char const (&) [20], int const&)
 .text._ZN3_bn6assert9show_argsIA14_cEEvPKcS4_S4_iRKT_
                0x0000000008012e6c       0x50 bn_best_fit_allocator.o
                0x0000000008012e6c                void _bn::assert::show_args<char [14]>(char const*, char const*, char const*, int, char const (&) [14])
 .text._ZN3_bn6assert9show_argsIA21_cEEvPKcS4_S4_iRKT_
                0x0000000008012ebc       0x50 bn_best_fit_allocator.o
                0x0000000008012ebc                void _bn::assert::show_args<char [21]>(char const*, char const*, char const*, int, char const (&) [21])
 .text._ZN2bn18best_fit_allocator5resetEPvi
                0x0000000008012f0c       0xbc bn_best_fit_allocator.o
                0x0000000008012f0c                bn::best_fit_allocator::reset(void*, int)
 .text._ZN2bn17bg_blocks_manager12_GLOBAL__N_117_hw_commit_offsetEPKtjtPt
                0x0000000008012fc8       0x90 bn_bg_blocks_manager.o
 .text._ZN2bn13ostringstream11append_argsIiJA4_ctEEEvRKT_DpRKT0_.isra.0
                0x0000000008013058       0x24 bn_bg_blocks_manager.o
 .text._ZN2bn13ostringstream11append_argsIiJA4_ciEEEvRKT_DpRKT0_.isra.0
                0x000000000801307c       0x24 bn_bg_blocks_manager.o
 .text._ZNK2bn18regular_bg_map_ptr2idEv
                0x00000000080130a0       0x18 bn_bg_blocks_manager.o
                0x00000000080130a0                bn::regular_bg_map_ptr::id() const
 .text._ZNK2bn18regular_bg_map_ptr10dimensionsEv
                0x00000000080130b8       0x20 bn_bg_blocks_manager.o
                0x00000000080130b8                bn::regular_bg_map_ptr::dimensions() const
 .text._ZNK2bn18regular_bg_map_ptr3bigEv
                0x00000000080130d8       0x1c bn_bg_blocks_manager.o
                0x00000000080130d8                bn::regular_bg_map_ptr::big() const
 .text._ZNK2bn20regular_bg_tiles_ptr3cbbEv
                0x00000000080130f4       0x18 bn_bg_blocks_manager.o
                0x00000000080130f4                bn::regular_bg_tiles_ptr::cbb() const
 .text._ZN2bn17affine_bg_map_ptrC2ERKS0_
                0x000000000801310c       0x20 bn_bg_blocks_manager.o
                0x000000000801310c                bn::affine_bg_map_ptr::affine_bg_map_ptr(bn::affine_bg_map_ptr const&)
                0x000000000801310c                bn::affine_bg_map_ptr::affine_bg_map_ptr(bn::affine_bg_map_ptr const&)
 .text._ZNK2bn17affine_bg_map_ptr2idEv
                0x000000000801312c       0x18 bn_bg_blocks_manager.o
                0x000000000801312c                bn::affine_bg_map_ptr::id() const
 .text._ZNK2bn17affine_bg_map_ptr10dimensionsEv
                0x0000000008013144       0x20 bn_bg_blocks_manager.o
                0x0000000008013144                bn::affine_bg_map_ptr::dimensions() const
 .text._ZNK2bn17affine_bg_map_ptr3bigEv
                0x0000000008013164       0x1c bn_bg_blocks_manager.o
                0x0000000008013164                bn::affine_bg_map_ptr::big() const
 .text._ZNK2bn19affine_bg_tiles_ptr3cbbEv
                0x0000000008013180       0x18 bn_bg_blocks_manager.o
                0x0000000008013180                bn::affine_bg_tiles_ptr::cbb() const
 .text._ZN2bn17bg_blocks_manager10log_statusEv
                0x0000000008013198      0x440 bn_bg_blocks_manager.o
                0x0000000008013198                bn::bg_blocks_manager::log_status()
 .text._ZN2bn17bg_blocks_manager15decrease_usagesEi
                0x00000000080135d8       0x98 bn_bg_blocks_manager.o
                0x00000000080135d8                bn::bg_blocks_manager::decrease_usages(int)
 .text._ZN2bn18regular_bg_map_ptrD2Ev
                0x0000000008013670       0x18 bn_bg_blocks_manager.o
                0x0000000008013670                bn::regular_bg_map_ptr::~regular_bg_map_ptr()
                0x0000000008013670                bn::regular_bg_map_ptr::~regular_bg_map_ptr()
 .text._ZN2bn17affine_bg_map_ptrD2Ev
                0x0000000008013688       0x18 bn_bg_blocks_manager.o
                0x0000000008013688                bn::affine_bg_map_ptr::~affine_bg_map_ptr()
                0x0000000008013688                bn::affine_bg_map_ptr::~affine_bg_map_ptr()
 .text._ZN2bn17bg_blocks_manager12_GLOBAL__N_111static_dataD2Ev
                0x00000000080136a0       0x5c bn_bg_blocks_manager.o
 .text._ZN2bn17bg_blocks_manager12_GLOBAL__N_110items_list12insert_afterEiRKNS1_9item_typeE.constprop.0
                0x00000000080136fc      0x254 bn_bg_blocks_manager.o
 .text._ZN2bn17bg_blocks_manager4initEv
                0x0000000008013950       0xb4 bn_bg_blocks_manager.o
                0x0000000008013950                bn::bg_blocks_manager::init()
 .text._ZN2bn17bg_blocks_manager11must_commitEi
                0x0000000008013a04       0x14 bn_bg_blocks_manager.o
                0x0000000008013a04                bn::bg_blocks_manager::must_commit(int)
 .text._ZN2bn17bg_blocks_manager6updateEv
                0x0000000008013a18      0x238 bn_bg_blocks_manager.o
                0x0000000008013a18                bn::bg_blocks_manager::update()
 .text._ZN3_bn6assert9show_argsIA52_ctEEvPKcS4_S4_iRKT_RKT0_
                0x0000000008013c50       0x58 bn_bg_blocks_manager.o
                0x0000000008013c50                void _bn::assert::show_args<char [52], unsigned short>(char const*, char const*, char const*, int, char const (&) [52], unsigned short const&)
 .text._ZN3_bn6assert9show_argsIJA20_ciA4_ctEEEvPKcS5_S5_iDpRKT_
                0x0000000008013ca8       0x5c bn_bg_blocks_manager.o
                0x0000000008013ca8                void _bn::assert::show_args<char [20], int, char [4], unsigned short>(char const*, char const*, char const*, int, char const (&) [20], int const&, char const (&) [4], unsigned short const&)
 .text._ZN3_bn6assert9show_argsIJA22_ciA4_ciEEEvPKcS5_S5_iDpRKT_
                0x0000000008013d04       0x5c bn_bg_blocks_manager.o
                0x0000000008013d04                void _bn::assert::show_args<char [22], int, char [4], int>(char const*, char const*, char const*, int, char const (&) [22], int const&, char const (&) [4], int const&)
 .text._ZN3_bn6assert9show_argsIJA58_ciA4_ciEEEvPKcS5_S5_iDpRKT_
                0x0000000008013d60       0x5c bn_bg_blocks_manager.o
                0x0000000008013d60                void _bn::assert::show_args<char [58], int, char [4], int>(char const*, char const*, char const*, int, char const (&) [58], int const&, char const (&) [4], int const&)
 .text._ZN3_bn6assert9show_argsIA38_cEEvPKcS4_S4_iRKT_
                0x0000000008013dbc       0x50 bn_bg_blocks_manager.o
                0x0000000008013dbc                void _bn::assert::show_args<char [38]>(char const*, char const*, char const*, int, char const (&) [38])
 .text._ZN3_bn6assert9show_argsIA27_ciEEvPKcS4_S4_iRKT_RKT0_
                0x0000000008013e0c       0x58 bn_bg_blocks_manager.o
                0x0000000008013e0c                void _bn::assert::show_args<char [27], int>(char const*, char const*, char const*, int, char const (&) [27], int const&)
 .text._ZN2bn17bg_blocks_manager12_GLOBAL__N_110_hw_commitEPKtNS_16compression_typeEiPt
                0x0000000008013e64       0x50 bn_bg_blocks_manager.o
 .text._ZN3_bn6assert9show_argsIA22_ciEEvPKcS4_S4_iRKT_RKT0_
                0x0000000008013eb4       0x58 bn_bg_blocks_manager.o
                0x0000000008013eb4                void _bn::assert::show_args<char [22], int>(char const*, char const*, char const*, int, char const (&) [22], int const&)
 .text._ZN3_bn6assert9show_argsIA19_cEEvPKcS4_S4_iRKT_
                0x0000000008013f0c       0x50 bn_bg_blocks_manager.o
                0x0000000008013f0c                void _bn::assert::show_args<char [19]>(char const*, char const*, char const*, int, char const (&) [19])
 .text._ZN2bn17bg_blocks_manager12_GLOBAL__N_116_find_tiles_implEPKtNS_16compression_typeEib
                0x0000000008013f5c       0xec bn_bg_blocks_manager.o
 .text._ZN3_bn6assert9show_argsIJA32_cA15_cPKtA16_ciA17_ciA34_cN2bn11string_viewEEEEvPKcSC_SC_iDpRKT_
                0x0000000008014048       0x94 bn_bg_blocks_manager.o
                0x0000000008014048                void _bn::assert::show_args<char [32], char [15], unsigned short const*, char [16], int, char [17], int, char [34], bn::string_view>(char const*, char const*, char const*, int, char const (&) [32], char const (&) [15], unsigned short const* const&, char const (&) [16], int const&, char const (&) [17], int const&, char const (&) [34], bn::string_view const&)
 .text._ZN3_bn6assert9show_argsIJA31_cA15_cPKtA16_ciA17_ciA34_cN2bn11string_viewEEEEvPKcSC_SC_iDpRKT_
                0x00000000080140dc       0x94 bn_bg_blocks_manager.o
                0x00000000080140dc                void _bn::assert::show_args<char [31], char [15], unsigned short const*, char [16], int, char [17], int, char [34], bn::string_view>(char const*, char const*, char const*, int, char const (&) [31], char const (&) [15], unsigned short const* const&, char const (&) [16], int const&, char const (&) [17], int const&, char const (&) [34], bn::string_view const&)
 .text._ZN3_bn6assert9show_argsIJA30_cA13_cPKtA14_ciA15_ciA17_ciA34_cN2bn11string_viewEEEEvPKcSD_SD_iDpRKT_
                0x0000000008014170       0xa8 bn_bg_blocks_manager.o
                0x0000000008014170                void _bn::assert::show_args<char [30], char [13], unsigned short const*, char [14], int, char [15], int, char [17], int, char [34], bn::string_view>(char const*, char const*, char const*, int, char const (&) [30], char const (&) [13], unsigned short const* const&, char const (&) [14], int const&, char const (&) [15], int const&, char const (&) [17], int const&, char const (&) [34], bn::string_view const&)
 .text._ZN3_bn6assert9show_argsIA31_cEEvPKcS4_S4_iRKT_
                0x0000000008014218       0x50 bn_bg_blocks_manager.o
                0x0000000008014218                void _bn::assert::show_args<char [31]>(char const*, char const*, char const*, int, char const (&) [31])
 .text._ZN2bn17bg_blocks_manager22set_affine_map_paletteEiONS_14bg_palette_ptrE
                0x0000000008014268       0x9c bn_bg_blocks_manager.o
                0x0000000008014268                bn::bg_blocks_manager::set_affine_map_palette(int, bn::bg_palette_ptr&&)
 .text._ZN3_bn6assert9show_argsIJA29_cA13_cPKhA14_ciA15_ciA17_ciA34_cN2bn11string_viewEEEEvPKcSD_SD_iDpRKT_
                0x0000000008014304       0xa8 bn_bg_blocks_manager.o
                0x0000000008014304                void _bn::assert::show_args<char [29], char [13], unsigned char const*, char [14], int, char [15], int, char [17], int, char [34], bn::string_view>(char const*, char const*, char const*, int, char const (&) [29], char const (&) [13], unsigned char const* const&, char const (&) [14], int const&, char const (&) [15], int const&, char const (&) [17], int const&, char const (&) [34], bn::string_view const&)
 .text._ZN3_bn6assert9show_argsIJA37_ciA4_ciEEEvPKcS5_S5_iDpRKT_
                0x00000000080143ac       0x5c bn_bg_blocks_manager.o
                0x00000000080143ac                void _bn::assert::show_args<char [37], int, char [4], int>(char const*, char const*, char const*, int, char const (&) [37], int const&, char const (&) [4], int const&)
 .text._ZN3_bn6assert9show_argsIA22_cEEvPKcS4_S4_iRKT_
                0x0000000008014408       0x50 bn_bg_blocks_manager.o
                0x0000000008014408                void _bn::assert::show_args<char [22]>(char const*, char const*, char const*, int, char const (&) [22])
 .text._ZNK2bn18regular_bg_map_ptr5tilesEv
                0x0000000008014458       0x48 bn_bg_blocks_manager.o
                0x0000000008014458                bn::regular_bg_map_ptr::tiles() const
 .text._ZNK2bn17affine_bg_map_ptr5tilesEv
                0x00000000080144a0       0x48 bn_bg_blocks_manager.o
                0x00000000080144a0                bn::affine_bg_map_ptr::tiles() const
 .text._ZNK2bn18regular_bg_map_ptr3bppEv
                0x00000000080144e8       0x4c bn_bg_blocks_manager.o
                0x00000000080144e8                bn::regular_bg_map_ptr::bpp() const
 .text._ZN2bn17bg_blocks_manager21update_affine_map_rowEiii
                0x0000000008014534      0x144 bn_bg_blocks_manager.o
                0x0000000008014534                bn::bg_blocks_manager::update_affine_map_row(int, int, int)
 .text._ZN2bn17bg_blocks_manager23set_affine_map_positionEiii
                0x0000000008014678      0x1e4 bn_bg_blocks_manager.o
                0x0000000008014678                bn::bg_blocks_manager::set_affine_map_position(int, int, int)
 .text._ZN2bn17bg_blocks_manager20set_affine_map_tilesEiONS_19affine_bg_tiles_ptrE
                0x000000000801485c      0x144 bn_bg_blocks_manager.o
                0x000000000801485c                bn::bg_blocks_manager::set_affine_map_tiles(int, bn::affine_bg_tiles_ptr&&)
 .text._ZN2bn17bg_blocks_manager12_GLOBAL__N_121_find_affine_map_implERKNS_18affine_bg_map_itemEPKhRKNS_19affine_bg_tiles_ptrERKNS_14bg_palette_ptrE
                0x00000000080149a0      0x1f4 bn_bg_blocks_manager.o
 .text._ZN2bn17bg_blocks_manager21update_affine_map_colEiii
                0x0000000008014b94      0x298 bn_bg_blocks_manager.o
                0x0000000008014b94                bn::bg_blocks_manager::update_affine_map_col(int, int, int)
 .text._ZN2bn17bg_blocks_manager22update_regular_map_rowEiii
                0x0000000008014e2c      0x17c bn_bg_blocks_manager.o
                0x0000000008014e2c                bn::bg_blocks_manager::update_regular_map_row(int, int, int)
 .text._ZN2bn17bg_blocks_manager22update_regular_map_colEiii
                0x0000000008014fa8      0x1f8 bn_bg_blocks_manager.o
                0x0000000008014fa8                bn::bg_blocks_manager::update_regular_map_col(int, int, int)
 .text._ZN2bn17bg_blocks_manager24set_regular_map_positionEiii
                0x00000000080151a0      0x210 bn_bg_blocks_manager.o
                0x00000000080151a0                bn::bg_blocks_manager::set_regular_map_position(int, int, int)
 .text._ZN2bn17bg_blocks_manager33set_regular_map_tiles_and_paletteEiONS_20regular_bg_tiles_ptrEONS_14bg_palette_ptrE
                0x00000000080153b0      0x2e8 bn_bg_blocks_manager.o
                0x00000000080153b0                bn::bg_blocks_manager::set_regular_map_tiles_and_palette(int, bn::regular_bg_tiles_ptr&&, bn::bg_palette_ptr&&)
 .text._ZN2bn17bg_blocks_manager21set_regular_map_tilesEiONS_20regular_bg_tiles_ptrE
                0x0000000008015698      0x25c bn_bg_blocks_manager.o
                0x0000000008015698                bn::bg_blocks_manager::set_regular_map_tiles(int, bn::regular_bg_tiles_ptr&&)
 .text._ZN2bn17bg_blocks_manager23set_regular_map_paletteEiONS_14bg_palette_ptrE
                0x00000000080158f4      0x224 bn_bg_blocks_manager.o
                0x00000000080158f4                bn::bg_blocks_manager::set_regular_map_palette(int, bn::bg_palette_ptr&&)
 .text._ZN2bn17bg_blocks_manager12_GLOBAL__N_122_find_regular_map_implERKNS_19regular_bg_map_itemEPKtRKNS_20regular_bg_tiles_ptrERKNS_14bg_palette_ptrE
                0x0000000008015b18      0x27c bn_bg_blocks_manager.o
 .text._ZN2bn17bg_blocks_manager12_GLOBAL__N_112_commit_itemERKNS1_9item_typeE
                0x0000000008015d94      0x180 bn_bg_blocks_manager.o
 .text._ZN2bn17bg_blocks_manager6commitEv
                0x0000000008015f14       0x48 bn_bg_blocks_manager.o
                0x0000000008015f14                bn::bg_blocks_manager::commit()
 .text._ZN2bn17bg_blocks_manager12_GLOBAL__N_112_create_itemEiibONS1_11create_dataE
                0x0000000008015f5c      0x3bc bn_bg_blocks_manager.o
 .text._ZN2bn17bg_blocks_manager12_GLOBAL__N_112_create_implEONS1_11create_dataE
                0x0000000008016318      0x1d4 bn_bg_blocks_manager.o
 .text._ZN2bn17bg_blocks_manager20create_regular_tilesERKNS_21regular_bg_tiles_itemEb
                0x00000000080164ec      0x138 bn_bg_blocks_manager.o
                0x00000000080164ec                bn::bg_blocks_manager::create_regular_tiles(bn::regular_bg_tiles_item const&, bool)
 .text._ZN2bn17bg_blocks_manager19create_affine_tilesERKNS_20affine_bg_tiles_itemEb
                0x0000000008016624      0x12c bn_bg_blocks_manager.o
                0x0000000008016624                bn::bg_blocks_manager::create_affine_tiles(bn::affine_bg_tiles_item const&, bool)
 .text._ZN2bn17bg_blocks_manager18create_regular_mapERKNS_19regular_bg_map_itemEPKtONS_20regular_bg_tiles_ptrEONS_14bg_palette_ptrEb
                0x0000000008016750      0x280 bn_bg_blocks_manager.o
                0x0000000008016750                bn::bg_blocks_manager::create_regular_map(bn::regular_bg_map_item const&, unsigned short const*, bn::regular_bg_tiles_ptr&&, bn::bg_palette_ptr&&, bool)
 .text._ZN2bn18regular_bg_map_ptr6createERKNS_15regular_bg_itemEi
                0x00000000080169d0       0xcc bn_bg_blocks_manager.o
                0x00000000080169d0                bn::regular_bg_map_ptr::create(bn::regular_bg_item const&, int)
 .text._ZN2bn17bg_blocks_manager17create_affine_mapERKNS_18affine_bg_map_itemEPKhONS_19affine_bg_tiles_ptrEONS_14bg_palette_ptrEb
                0x0000000008016a9c      0x1fc bn_bg_blocks_manager.o
                0x0000000008016a9c                bn::bg_blocks_manager::create_affine_map(bn::affine_bg_map_item const&, unsigned char const*, bn::affine_bg_tiles_ptr&&, bn::bg_palette_ptr&&, bool)
 .text._ZN2bn17affine_bg_map_ptr6createERKNS_14affine_bg_itemEi
                0x0000000008016c98       0xc8 bn_bg_blocks_manager.o
                0x0000000008016c98                bn::affine_bg_map_ptr::create(bn::affine_bg_item const&, int)
 .text._ZN3_bn6assert9show_argsIA39_ciEEvPKcS4_S4_iRKT_RKT0_
                0x0000000008016d60       0x58 bn_bg_blocks_manager.o
                0x0000000008016d60                void _bn::assert::show_args<char [39], int>(char const*, char const*, char const*, int, char const (&) [39], int const&)
 .text.startup._GLOBAL__sub_I__ZN2bn7bg_maps16used_cells_countEv
                0x0000000008016db8       0x7c bn_bg_blocks_manager.o
 .text._ZN2bn11bgs_manager12_GLOBAL__N_129_check_unique_regular_big_mapERNS1_9item_typeE
                0x0000000008016e34       0x68 bn_bgs_manager.o
 .text._ZN2bn11bgs_manager12_GLOBAL__N_128_check_unique_affine_big_mapERNS1_9item_typeE
                0x0000000008016e9c       0x68 bn_bgs_manager.o
 .text._ZN2bn11bgs_manager12_GLOBAL__N_111static_dataD2Ev
                0x0000000008016f04       0x10 bn_bgs_manager.o
 .text._ZN2bn11bgs_manager12_GLOBAL__N_133_update_item_hw_affine_attributesERKNS1_9item_typeE
                0x0000000008016f14       0x48 bn_bgs_manager.o
 .text._ZN2bn11bgs_manager4initEv
                0x0000000008016f5c       0x8c bn_bgs_manager.o
                0x0000000008016f5c                bn::bgs_manager::init()
 .text._ZN2bn11bgs_manager5hw_idEPv
                0x0000000008016fe8        0x8 bn_bgs_manager.o
                0x0000000008016fe8                bn::bgs_manager::hw_id(void*)
 .text._ZN2bn11bgs_manager11hw_positionEPv
                0x0000000008016ff0        0x4 bn_bgs_manager.o
                0x0000000008016ff0                bn::bgs_manager::hw_position(void*)
 .text._ZN2bn11bgs_manager14mat_attributesEPv
                0x0000000008016ff4        0x4 bn_bgs_manager.o
                0x0000000008016ff4                bn::bgs_manager::mat_attributes(void*)
 .text._ZN2bn11bgs_manager20update_windows_flagsEPj
                0x0000000008016ff8       0x7c bn_bgs_manager.o
                0x0000000008016ff8                bn::bgs_manager::update_windows_flags(unsigned int*)
 .text._ZN2bn11bgs_manager14update_camerasEv
                0x0000000008017074      0x14c bn_bgs_manager.o
                0x0000000008017074                bn::bgs_manager::update_cameras()
 .text._ZN2bn11bgs_manager28update_regular_map_tiles_cbbEii
                0x00000000080171c0       0xa8 bn_bgs_manager.o
                0x00000000080171c0                bn::bgs_manager::update_regular_map_tiles_cbb(int, int)
 .text._ZN2bn11bgs_manager27update_affine_map_tiles_cbbEii
                0x0000000008017268       0xa8 bn_bgs_manager.o
                0x0000000008017268                bn::bgs_manager::update_affine_map_tiles_cbb(int, int)
 .text._ZN2bn11bgs_manager30update_regular_map_palette_bppEiNS_8bpp_modeE
                0x0000000008017310       0xac bn_bgs_manager.o
                0x0000000008017310                bn::bgs_manager::update_regular_map_palette_bpp(int, bn::bpp_mode)
 .text._ZN2bn11bgs_manager36fill_hblank_effect_regular_positionsEiPKNS_7fixed_tILi12EEEPt
                0x00000000080173bc       0x38 bn_bgs_manager.o
                0x00000000080173bc                bn::bgs_manager::fill_hblank_effect_regular_positions(int, bn::fixed_t<12> const*, unsigned short*)
 .text._ZN2bn11bgs_manager45fill_hblank_effect_pivot_horizontal_positionsEPvPKNS_7fixed_tILi12EEEPj
                0x00000000080173f4       0x24 bn_bgs_manager.o
                0x00000000080173f4                bn::bgs_manager::fill_hblank_effect_pivot_horizontal_positions(void*, bn::fixed_t<12> const*, unsigned int*)
 .text._ZN2bn11bgs_manager43fill_hblank_effect_pivot_vertical_positionsEPvPKNS_7fixed_tILi12EEEPj
                0x0000000008017418       0x24 bn_bgs_manager.o
                0x0000000008017418                bn::bgs_manager::fill_hblank_effect_pivot_vertical_positions(void*, bn::fixed_t<12> const*, unsigned int*)
 .text._ZN2bn11bgs_manager6commitEb
                0x000000000801743c       0x58 bn_bgs_manager.o
                0x000000000801743c                bn::bgs_manager::commit(bool)
 .text._ZN2bn11bgs_manager4stopEv
                0x0000000008017494       0x28 bn_bgs_manager.o
                0x0000000008017494                bn::bgs_manager::stop()
 .text._ZN3_bn6assert9show_argsIA17_ciEEvPKcS4_S4_iRKT_RKT0_
                0x00000000080174bc       0x58 bn_bgs_manager.o
                0x00000000080174bc                void _bn::assert::show_args<char [17], int>(char const*, char const*, char const*, int, char const (&) [17], int const&)
 .text._ZN3_bn6assert9show_argsIA30_cEEvPKcS4_S4_iRKT_
                0x0000000008017514       0x50 bn_bgs_manager.o
                0x0000000008017514                void _bn::assert::show_args<char [30]>(char const*, char const*, char const*, int, char const (&) [30])
 .text._ZN3_bn6assert9show_argsIA27_cEEvPKcS4_S4_iRKT_
                0x0000000008017564       0x50 bn_bgs_manager.o
                0x0000000008017564                void _bn::assert::show_args<char [27]>(char const*, char const*, char const*, int, char const (&) [27])
 .text._ZN3_bn6assert9show_argsIA46_cEEvPKcS4_S4_iRKT_
                0x00000000080175b4       0x50 bn_bgs_manager.o
                0x00000000080175b4                void _bn::assert::show_args<char [46]>(char const*, char const*, char const*, int, char const (&) [46])
 .text._ZN3_bn6assert9show_argsIA45_cEEvPKcS4_S4_iRKT_
                0x0000000008017604       0x50 bn_bgs_manager.o
                0x0000000008017604                void _bn::assert::show_args<char [45]>(char const*, char const*, char const*, int, char const (&) [45])
 .text._ZN2bn11bgs_manager15rebuild_handlesEv.part.0
                0x0000000008017654      0x198 bn_bgs_manager.o
 .text._ZN3_bn6assert9show_argsIA16_cN2bn7fixed_tILi12EEEEEvPKcS7_S7_iRKT_RKT0_
                0x00000000080177ec       0x58 bn_bgs_manager.o
                0x00000000080177ec                void _bn::assert::show_args<char [16], bn::fixed_t<12> >(char const*, char const*, char const*, int, char const (&) [16], bn::fixed_t<12> const&)
 .text._ZN2bn18regular_bg_builder11release_mapEv
                0x0000000008017844       0x78 bn_bgs_manager.o
                0x0000000008017844                bn::regular_bg_builder::release_map()
 .text._ZN2bn11bgs_manager37fill_hblank_effect_regular_attributesEPvPKNS_21regular_bg_attributesEPt
                0x00000000080178bc      0x100 bn_bgs_manager.o
                0x00000000080178bc                bn::bgs_manager::fill_hblank_effect_regular_attributes(void*, bn::regular_bg_attributes const*, unsigned short*)
 .text._ZN2bn11bgs_manager6updateEv
                0x00000000080179bc      0x164 bn_bgs_manager.o
                0x00000000080179bc                bn::bgs_manager::update()
 .text._ZN2bn11bgs_manager15commit_big_mapsEv
                0x0000000008017b20      0x1d4 bn_bgs_manager.o
                0x0000000008017b20                bn::bgs_manager::commit_big_maps()
 .text._ZN2bn11bgs_manager12_GLOBAL__N_19item_type18update_regular_mapEv
                0x0000000008017cf4      0x1bc bn_bgs_manager.o
 .text._ZN2bn11bgs_manager12_GLOBAL__N_19item_type17update_affine_mapEb
                0x0000000008017eb0      0x2b4 bn_bgs_manager.o
 .text._ZN2bn11bgs_manager12_GLOBAL__N_19item_typeC2EONS_17affine_bg_builderEONS_17affine_bg_map_ptrE.isra.0
                0x0000000008018164      0x204 bn_bgs_manager.o
 .text._ZN2bn11bgs_manager36fill_hblank_effect_affine_attributesEPvPKNS_20affine_bg_attributesEPt
                0x0000000008018368      0x104 bn_bgs_manager.o
                0x0000000008018368                bn::bgs_manager::fill_hblank_effect_affine_attributes(void*, bn::affine_bg_attributes const*, unsigned short*)
 .text._ZN2bn17affine_bg_builder11release_mapEv
                0x000000000801846c       0x80 bn_bgs_manager.o
                0x000000000801846c                bn::affine_bg_builder::release_map()
 .text._ZN2bn11bgs_manager11regular_mapEPv
                0x00000000080184ec       0x34 bn_bgs_manager.o
                0x00000000080184ec                bn::bgs_manager::regular_map(void*)
 .text._ZN2bn11bgs_manager10affine_mapEPv
                0x0000000008018520       0x34 bn_bgs_manager.o
                0x0000000008018520                bn::bgs_manager::affine_map(void*)
 .text._ZN2bn11bgs_manager12_GLOBAL__N_112_insert_itemERNS1_9item_typeE
                0x0000000008018554      0x100 bn_bgs_manager.o
 .text._ZN3_bn6assert9show_argsIA13_cEEvPKcS4_S4_iRKT_
                0x0000000008018654       0x50 bn_bgs_manager.o
                0x0000000008018654                void _bn::assert::show_args<char [13]>(char const*, char const*, char const*, int, char const (&) [13])
 .text._ZN2bn11bgs_manager6createEONS_17affine_bg_builderE
                0x00000000080186a4       0xc8 bn_bgs_manager.o
                0x00000000080186a4                bn::bgs_manager::create(bn::affine_bg_builder&&)
 .text._ZN2bn13affine_bg_ptr6createERKNS_17affine_bg_builderE
                0x000000000801876c       0xbc bn_bgs_manager.o
                0x000000000801876c                bn::affine_bg_ptr::create(bn::affine_bg_builder const&)
 .text._ZNK2bn17affine_bg_builder5buildEv
                0x0000000008018828       0x10 bn_bgs_manager.o
                0x0000000008018828                bn::affine_bg_builder::build() const
 .text._ZN2bn11bgs_manager6createEONS_18regular_bg_builderE
                0x0000000008018838      0x1e4 bn_bgs_manager.o
                0x0000000008018838                bn::bgs_manager::create(bn::regular_bg_builder&&)
 .text._ZNK2bn15regular_bg_item9create_bgENS_7fixed_tILi12EEES2_
                0x0000000008018a1c       0x78 bn_bgs_manager.o
                0x0000000008018a1c                bn::regular_bg_item::create_bg(bn::fixed_t<12>, bn::fixed_t<12>) const
 .text._ZN2bn5eraseIPNS_11bgs_manager12_GLOBAL__N_19item_typeEEENS_7ivectorIT_E9size_typeERS7_RKS6_.constprop.0.isra.0
                0x0000000008018a94      0x150 bn_bgs_manager.o
 .text._ZN2bn11bgs_manager15decrease_usagesEPv
                0x0000000008018be4       0xa8 bn_bgs_manager.o
                0x0000000008018be4                bn::bgs_manager::decrease_usages(void*)
 .text._ZN2bn13affine_bg_ptrD2Ev
                0x0000000008018c8c       0x18 bn_bgs_manager.o
                0x0000000008018c8c                bn::affine_bg_ptr::~affine_bg_ptr()
                0x0000000008018c8c                bn::affine_bg_ptr::~affine_bg_ptr()
 .text._ZN2bn14regular_bg_ptrD2Ev
                0x0000000008018ca4       0x18 bn_bgs_manager.o
                0x0000000008018ca4                bn::regular_bg_ptr::~regular_bg_ptr()
                0x0000000008018ca4                bn::regular_bg_ptr::~regular_bg_ptr()
 .text._ZN2bn13affine_bg_ptr12set_priorityEi
                0x0000000008018cbc       0x68 bn_bgs_manager.o
                0x0000000008018cbc                bn::affine_bg_ptr::set_priority(int)
 .text._ZN2bn14regular_bg_ptr12set_priorityEi
                0x0000000008018d24       0x68 bn_bgs_manager.o
                0x0000000008018d24                bn::regular_bg_ptr::set_priority(int)
 .text.startup._GLOBAL__sub_I__ZN2bn3bgs16used_items_countEv
                0x0000000008018d8c       0x90 bn_bgs_manager.o
 .text._ZN2bn10camera_ptrC2ERKS0_
                0x0000000008018e1c       0x20 bn_cameras_manager.o
                0x0000000008018e1c                bn::camera_ptr::camera_ptr(bn::camera_ptr const&)
                0x0000000008018e1c                bn::camera_ptr::camera_ptr(bn::camera_ptr const&)
 .text._ZN2bn10camera_ptrD2Ev
                0x0000000008018e3c       0x38 bn_cameras_manager.o
                0x0000000008018e3c                bn::camera_ptr::~camera_ptr()
                0x0000000008018e3c                bn::camera_ptr::~camera_ptr()
 .text._ZNK2bn10camera_ptr8positionEv
                0x0000000008018e74       0x14 bn_cameras_manager.o
                0x0000000008018e74                bn::camera_ptr::position() const
 .text._ZN2bn15cameras_manager4initEv
                0x0000000008018e88       0x24 bn_cameras_manager.o
                0x0000000008018e88                bn::cameras_manager::init()
 .text._ZN2bn15cameras_manager6updateEv
                0x0000000008018eac       0x28 bn_cameras_manager.o
                0x0000000008018eac                bn::cameras_manager::update()
 .text.startup._GLOBAL__sub_I__ZN2bn7cameras16used_items_countEv
                0x0000000008018ed4       0x24 bn_cameras_manager.o
 .text._ZN2bn4core12_GLOBAL__N_14stopEb
                0x0000000008018ef8       0x54 bn_core.o
 .text._ZN2bn4core12_GLOBAL__N_111update_implEv
                0x0000000008018f4c       0xd8 bn_core.o
 .text._ZN2bn11string_viewC2EPKc
                0x0000000008019024       0x1c bn_core.o
                0x0000000008019024                bn::string_view::string_view(char const*)
                0x0000000008019024                bn::string_view::string_view(char const*)
 .text._ZN3_bn6assert12_GLOBAL__N_110_show_implEPKcS3_S3_iRKN2bn11string_viewE
                0x0000000008019040       0x80 bn_core.o
 .text._ZN2bn4core6updateEv
                0x00000000080190c0       0x68 bn_core.o
                0x00000000080190c0                bn::core::update()
 .text._ZN2bn4core4initERKNS_11string_viewE
                0x0000000008019128      0x124 bn_core.o
                0x0000000008019128                bn::core::init(bn::string_view const&)
 .text._ZN2bn4core4initEv
                0x000000000801924c       0x18 bn_core.o
                0x000000000801924c                bn::core::init()
 .text._ZN2bn4core9on_vblankEv
                0x0000000008019264       0x2c bn_core.o
                0x0000000008019264                bn::core::on_vblank()
 .text._ZN3_bn6assert4showEPKcS2_S2_iRKN2bn12istring_baseE
                0x0000000008019290       0x18 bn_core.o
                0x0000000008019290                _bn::assert::show(char const*, char const*, char const*, int, bn::istring_base const&)
 .text.startup._GLOBAL__sub_I__ZN2bn4core4initEv
                0x00000000080192a8       0x4c bn_core.o
 .text._ZN2bn15display_manager12_GLOBAL__N_111static_dataD2Ev
                0x00000000080192f4       0x34 bn_display_manager.o
 .text._ZN2bn15display_manager12_GLOBAL__N_134_update_rect_windows_hw_boundariesEi
                0x0000000008019328       0x84 bn_display_manager.o
 .text._ZN2bn15display_manager4initEv
                0x00000000080193ac       0x98 bn_display_manager.o
                0x00000000080193ac                bn::display_manager::init()
 .text._ZN2bn15display_manager8set_modeEi
                0x0000000008019444       0x1c bn_display_manager.o
                0x0000000008019444                bn::display_manager::set_mode(int)
 .text._ZN2bn15display_manager14set_bg_enabledEib
                0x0000000008019460       0x1c bn_display_manager.o
                0x0000000008019460                bn::display_manager::set_bg_enabled(int, bool)
 .text._ZN2bn15display_manager15disable_all_bgsEv
                0x000000000801947c       0x18 bn_display_manager.o
                0x000000000801947c                bn::display_manager::disable_all_bgs()
 .text._ZN2bn15display_manager36fill_mosaic_hblank_effect_attributesEPKNS_17mosaic_attributesEPt
                0x0000000008019494       0xb4 bn_display_manager.o
                0x0000000008019494                bn::display_manager::fill_mosaic_hblank_effect_attributes(bn::mosaic_attributes const*, unsigned short*)
 .text._ZN2bn15display_manager23set_blending_bg_enabledEib
                0x0000000008019548       0x1c bn_display_manager.o
                0x0000000008019548                bn::display_manager::set_blending_bg_enabled(int, bool)
 .text._ZN2bn15display_manager32blending_transparency_top_weightEv
                0x0000000008019564       0x18 bn_display_manager.o
                0x0000000008019564                bn::display_manager::blending_transparency_top_weight()
 .text._ZN2bn15display_manager35blending_transparency_bottom_weightEv
                0x000000000801957c       0x28 bn_display_manager.o
                0x000000000801957c                bn::display_manager::blending_transparency_bottom_weight()
 .text._ZN2bn15display_manager51fill_blending_transparency_hblank_effect_attributesEPKNS_32blending_transparency_attributesEPt
                0x00000000080195a4       0x30 bn_display_manager.o
                0x00000000080195a4                bn::display_manager::fill_blending_transparency_hblank_effect_attributes(bn::blending_transparency_attributes const*, unsigned short*)
 .text._ZN2bn15display_manager21blending_fade_enabledEv
                0x00000000080195d4        0xc bn_display_manager.o
                0x00000000080195d4                bn::display_manager::blending_fade_enabled()
 .text._ZN2bn15display_manager39fill_blending_fade_hblank_effect_alphasEPKNS_19blending_fade_alphaEPt
                0x00000000080195e0       0x24 bn_display_manager.o
                0x00000000080195e0                bn::display_manager::fill_blending_fade_hblank_effect_alphas(bn::blending_fade_alpha const*, unsigned short*)
 .text._ZN2bn15display_manager26update_windows_visible_bgsEv
                0x0000000008019604       0x14 bn_display_manager.o
                0x0000000008019604                bn::display_manager::update_windows_visible_bgs()
 .text._ZN2bn15display_manager36rect_window_hw_horizontal_boundariesEi
                0x0000000008019618       0x14 bn_display_manager.o
                0x0000000008019618                bn::display_manager::rect_window_hw_horizontal_boundaries(int)
 .text._ZN2bn15display_manager34rect_window_hw_vertical_boundariesEi
                0x000000000801962c       0x14 bn_display_manager.o
                0x000000000801962c                bn::display_manager::rect_window_hw_vertical_boundaries(int)
 .text._ZN2bn15display_manager52fill_rect_window_hblank_effect_horizontal_boundariesERKNS_4pairIiiEEPKNS1_INS_7fixed_tILi12EEES6_EEPt
                0x0000000008019640      0x13c bn_display_manager.o
                0x0000000008019640                bn::display_manager::fill_rect_window_hblank_effect_horizontal_boundaries(bn::pair<int, int> const&, bn::pair<bn::fixed_t<12>, bn::fixed_t<12> > const*, unsigned short*)
 .text._ZN2bn15display_manager50fill_rect_window_hblank_effect_vertical_boundariesERKNS_4pairIiiEEPKNS1_INS_7fixed_tILi12EEES6_EEPt
                0x000000000801977c      0x13c bn_display_manager.o
                0x000000000801977c                bn::display_manager::fill_rect_window_hblank_effect_vertical_boundaries(bn::pair<int, int> const&, bn::pair<bn::fixed_t<12>, bn::fixed_t<12> > const*, unsigned short*)
 .text._ZN2bn15display_manager36fill_green_swap_hblank_effect_statesEPKbPt
                0x00000000080198b8       0x38 bn_display_manager.o
                0x00000000080198b8                bn::display_manager::fill_green_swap_hblank_effect_states(bool const*, unsigned short*)
 .text._ZN2bn15display_manager14update_camerasEv
                0x00000000080198f0       0x40 bn_display_manager.o
                0x00000000080198f0                bn::display_manager::update_cameras()
 .text._ZN2bn15display_manager6updateEv
                0x0000000008019930      0x214 bn_display_manager.o
                0x0000000008019930                bn::display_manager::update()
 .text._ZN2bn15display_manager6commitEv
                0x0000000008019b44      0x130 bn_display_manager.o
                0x0000000008019b44                bn::display_manager::commit()
 .text._ZN2bn15display_manager4stopEv
                0x0000000008019c74       0x2c bn_display_manager.o
                0x0000000008019c74                bn::display_manager::stop()
 .text._ZN3_bn6assert9show_argsIA66_cEEvPKcS4_S4_iRKT_
                0x0000000008019ca0       0x50 bn_display_manager.o
                0x0000000008019ca0                void _bn::assert::show_args<char [66]>(char const*, char const*, char const*, int, char const (&) [66])
 .text._ZN3_bn6assert9show_argsIA29_cN2bn7fixed_tILi12EEEEEvPKcS7_S7_iRKT_RKT0_
                0x0000000008019cf0       0x58 bn_display_manager.o
                0x0000000008019cf0                void _bn::assert::show_args<char [29], bn::fixed_t<12> >(char const*, char const*, char const*, int, char const (&) [29], bn::fixed_t<12> const&)
 .text._ZN2bn8blending22set_transparency_alphaENS_7fixed_tILi12EEE
                0x0000000008019d48       0x94 bn_display_manager.o
                0x0000000008019d48                bn::blending::set_transparency_alpha(bn::fixed_t<12>)
 .text.startup._GLOBAL__sub_I__ZNK2bn6window7show_bgERKNS_14regular_bg_ptrE
                0x0000000008019ddc       0x88 bn_display_manager.o
 .text._ZN2bn18igeneric_pool_baseC2EPci
                0x0000000008019e64       0x10 bn_generic_pool.o
                0x0000000008019e64                bn::igeneric_pool_base::igeneric_pool_base(char*, int)
                0x0000000008019e64                bn::igeneric_pool_base::igeneric_pool_base(char*, int)
 .text._ZN2bn18igeneric_pool_base5_freeEPc
                0x0000000008019e74       0x10 bn_generic_pool.o
                0x0000000008019e74                bn::igeneric_pool_base::_free(char*)
 .text._ZN3_bn6assert9show_argsIA18_cEEvPKcS4_S4_iRKT_
                0x0000000008019e84       0x50 bn_generic_pool.o
                0x0000000008019e84                void _bn::assert::show_args<char [18]>(char const*, char const*, char const*, int, char const (&) [18])
 .text._ZN2bn18igeneric_pool_baseD2Ev
                0x0000000008019ed4       0x30 bn_generic_pool.o
                0x0000000008019ed4                bn::igeneric_pool_base::~igeneric_pool_base()
                0x0000000008019ed4                bn::igeneric_pool_base::~igeneric_pool_base()
 .text._ZN2bn18igeneric_pool_base9_allocateEv
                0x0000000008019f04       0x48 bn_generic_pool.o
                0x0000000008019f04                bn::igeneric_pool_base::_allocate()
 .text._ZN2bn12gpio_manager5sleepEv
                0x0000000008019f4c       0x28 bn_gpio_manager.o
                0x0000000008019f4c                bn::gpio_manager::sleep()
 .text._ZN2bn22hblank_effects_manager12_GLOBAL__N_19item_type18_output_values_ptrEv
                0x0000000008019f74       0x40 bn_hblank_effects_manager.o
 .text._ZN2bn22hblank_effects_manager7disableEv
                0x0000000008019fb4       0x24 bn_hblank_effects_manager.o
                0x0000000008019fb4                bn::hblank_effects_manager::disable()
 .text._ZN2bn22hblank_effects_manager6commitEv
                0x0000000008019fd8       0x74 bn_hblank_effects_manager.o
                0x0000000008019fd8                bn::hblank_effects_manager::commit()
 .text._ZN2bn22hblank_effects_manager12_GLOBAL__N_110_is_uint32ENS0_12handler_typeE
                0x000000000801a04c       0x64 bn_hblank_effects_manager.o
 .text._ZN2bn22hblank_effects_manager12_GLOBAL__N_19item_type12check_updateEv
                0x000000000801a0b0     0x16d8 bn_hblank_effects_manager.o
 .text._ZN2bn22hblank_effects_manager6updateEv
                0x000000000801b788      0x1ec bn_hblank_effects_manager.o
                0x000000000801b788                bn::hblank_effects_manager::update()
 .text._ZN2bn22hblank_effects_manager4initEv
                0x000000000801b974      0x190 bn_hblank_effects_manager.o
                0x000000000801b974                bn::hblank_effects_manager::init()
 .text.startup._GLOBAL__sub_I__ZN2bn4hbes10used_countEv
                0x000000000801bb04       0xe8 bn_hblank_effects_manager.o
 .text._ZN2bn12hdma_manager4initEv
                0x000000000801bbec       0x40 bn_hdma_manager.o
                0x000000000801bbec                bn::hdma_manager::init()
 .text._ZN2bn12hdma_manager10force_stopEv
                0x000000000801bc2c       0x3c bn_hdma_manager.o
                0x000000000801bc2c                bn::hdma_manager::force_stop()
 .text._ZN2bn12hdma_manager7disableEv
                0x000000000801bc68       0x30 bn_hdma_manager.o
                0x000000000801bc68                bn::hdma_manager::disable()
 .text._ZN2bn12hdma_manager6updateEv
                0x000000000801bc98       0x6c bn_hdma_manager.o
                0x000000000801bc98                bn::hdma_manager::update()
 .text._ZN2bn12hdma_manager6commitEb
                0x000000000801bd04      0x118 bn_hdma_manager.o
                0x000000000801bd04                bn::hdma_manager::commit(bool)
 .text.startup._GLOBAL__sub_I__ZN2bn4hdma7runningEv
                0x000000000801be1c       0x34 bn_hdma_manager.o
 .text._ZN2bn6keypad9a_pressedEv
                0x000000000801be50       0x10 bn_keypad_manager.o
                0x000000000801be50                bn::keypad::a_pressed()
 .text._ZN2bn6keypad9b_pressedEv
                0x000000000801be60       0x10 bn_keypad_manager.o
                0x000000000801be60                bn::keypad::b_pressed()
 .text._ZN2bn6keypad13right_pressedEv
                0x000000000801be70       0x10 bn_keypad_manager.o
                0x000000000801be70                bn::keypad::right_pressed()
 .text._ZN2bn6keypad12left_pressedEv
                0x000000000801be80       0x10 bn_keypad_manager.o
                0x000000000801be80                bn::keypad::left_pressed()
 .text._ZN2bn6keypad7up_heldEv
                0x000000000801be90       0x10 bn_keypad_manager.o
                0x000000000801be90                bn::keypad::up_held()
 .text._ZN2bn6keypad10up_pressedEv
                0x000000000801bea0       0x10 bn_keypad_manager.o
                0x000000000801bea0                bn::keypad::up_pressed()
 .text._ZN2bn6keypad9down_heldEv
                0x000000000801beb0       0x10 bn_keypad_manager.o
                0x000000000801beb0                bn::keypad::down_held()
 .text._ZN2bn6keypad12down_pressedEv
                0x000000000801bec0       0x10 bn_keypad_manager.o
                0x000000000801bec0                bn::keypad::down_pressed()
 .text._ZN2bn6keypad9l_pressedEv
                0x000000000801bed0       0x10 bn_keypad_manager.o
                0x000000000801bed0                bn::keypad::l_pressed()
 .text._ZN2bn6keypad10l_releasedEv
                0x000000000801bee0       0x10 bn_keypad_manager.o
                0x000000000801bee0                bn::keypad::l_released()
 .text._ZN2bn14keypad_manager4stopEv
                0x000000000801bef0        0x4 bn_keypad_manager.o
                0x000000000801bef0                bn::keypad_manager::stop()
 .text._ZN2bn14keypad_manager6updateEv
                0x000000000801bef4       0xa8 bn_keypad_manager.o
                0x000000000801bef4                bn::keypad_manager::update()
 .text._ZN2bn14keypad_manager4initERKNS_11string_viewE
                0x000000000801bf9c       0x64 bn_keypad_manager.o
                0x000000000801bf9c                bn::keypad_manager::init(bn::string_view const&)
 .text._ZN2bn12link_manager4initEv
                0x000000000801c000        0xc bn_link_manager.o
                0x000000000801c000                bn::link_manager::init()
 .text._ZN2bn12link_manager6activeEv
                0x000000000801c00c        0xc bn_link_manager.o
                0x000000000801c00c                bn::link_manager::active()
 .text._ZN2bn12link_manager7disableEv
                0x000000000801c018       0x18 bn_link_manager.o
                0x000000000801c018                bn::link_manager::disable()
 .text._ZN2bn3logERKNS_12istring_baseE
                0x000000000801c030       0x58 bn_log.o
                0x000000000801c030                bn::log(bn::istring_base const&)
 .text._ZN3_bn9sqrt_implEi
                0x000000000801c088       0x18 bn_math.o
                0x000000000801c088                _bn::sqrt_impl(int)
 .text._ZN2bn14memory_manager12_GLOBAL__N_111static_dataD2Ev
                0x000000000801c0a0       0x10 bn_memory_manager.o
 .text._ZdlPvj  0x000000000801c0b0       0x18 bn_memory_manager.o
                0x000000000801c0b0                operator delete(void*, unsigned int)
 .text._ZN2bn14memory_manager4initEv
                0x000000000801c0c8       0x2c bn_memory_manager.o
                0x000000000801c0c8                bn::memory_manager::init()
 .text._ZN3_bn6assert9show_argsIA35_cjEEvPKcS4_S4_iRKT_RKT0_
                0x000000000801c0f4       0x58 bn_memory_manager.o
                0x000000000801c0f4                void _bn::assert::show_args<char [35], unsigned int>(char const*, char const*, char const*, int, char const (&) [35], unsigned int const&)
 .text._Znwj    0x000000000801c14c       0x40 bn_memory_manager.o
                0x000000000801c14c                operator new(unsigned int)
 .text.startup._GLOBAL__sub_I__Znwj
                0x000000000801c18c       0x20 bn_memory_manager.o
 .text._ZN2bn16palettes_manager12_GLOBAL__N_111static_dataD2Ev
                0x000000000801c1ac        0x4 bn_palettes_manager.o
 .text._ZN2bn2hw8palettes9grayscaleEPKNS_5colorEiiPS2_.part.0
                0x000000000801c1b0       0x40 bn_palettes_manager.o
 .text._ZN2bn14bg_palette_ptrC2ERKS0_
                0x000000000801c1f0       0x2c bn_palettes_manager.o
                0x000000000801c1f0                bn::bg_palette_ptr::bg_palette_ptr(bn::bg_palette_ptr const&)
                0x000000000801c1f0                bn::bg_palette_ptr::bg_palette_ptr(bn::bg_palette_ptr const&)
 .text._ZNK2bn14bg_palette_ptr3bppEv
                0x000000000801c21c       0x20 bn_palettes_manager.o
                0x000000000801c21c                bn::bg_palette_ptr::bpp() const
 .text._ZN2bn18sprite_palette_ptrC2ERKS0_
                0x000000000801c23c       0x1c bn_palettes_manager.o
                0x000000000801c23c                bn::sprite_palette_ptr::sprite_palette_ptr(bn::sprite_palette_ptr const&)
                0x000000000801c23c                bn::sprite_palette_ptr::sprite_palette_ptr(bn::sprite_palette_ptr const&)
 .text._ZNK2bn18sprite_palette_ptr3bppEv
                0x000000000801c258       0x1c bn_palettes_manager.o
                0x000000000801c258                bn::sprite_palette_ptr::bpp() const
 .text._ZNK2bn13palettes_bank10log_statusEv
                0x000000000801c274      0x188 bn_palettes_manager.o
                0x000000000801c274                bn::palettes_bank::log_status() const
 .text._ZN2bn13palettes_bank10find_bpp_4ERKNS_4spanIKNS_5colorEEEt
                0x000000000801c3fc      0x11c bn_palettes_manager.o
                0x000000000801c3fc                bn::palettes_bank::find_bpp_4(bn::span<bn::color const> const&, unsigned short)
 .text._ZNK2bn13palettes_bank20retrieve_commit_dataEv
                0x000000000801c518       0x4c bn_palettes_manager.o
                0x000000000801c518                bn::palettes_bank::retrieve_commit_data() const
 .text._ZNK2bn13palettes_bank21_apply_global_effectsEiPNS_5colorE
                0x000000000801c564      0x13c bn_palettes_manager.o
                0x000000000801c564                bn::palettes_bank::_apply_global_effects(int, bn::color*) const
 .text._ZNK2bn13palettes_bank25fill_hblank_effect_colorsEPKNS_5colorEPt
                0x000000000801c6a0       0x30 bn_palettes_manager.o
                0x000000000801c6a0                bn::palettes_bank::fill_hblank_effect_colors(bn::color const*, unsigned short*) const
 .text._ZNK2bn13palettes_bank7palette13apply_effectsEiPNS_5colorE
                0x000000000801c6d0       0xbc bn_palettes_manager.o
                0x000000000801c6d0                bn::palettes_bank::palette::apply_effects(int, bn::color*) const
 .text._ZNK2bn13palettes_bank25fill_hblank_effect_colorsEiPKNS_5colorEPt
                0x000000000801c78c       0x44 bn_palettes_manager.o
                0x000000000801c78c                bn::palettes_bank::fill_hblank_effect_colors(int, bn::color const*, unsigned short*) const
 .text._ZN2bn13palettes_bank15_update_paletteEi
                0x000000000801c7d0       0x6c bn_palettes_manager.o
                0x000000000801c7d0                bn::palettes_bank::_update_palette(int)
 .text._ZN2bn13palettes_bank6updateEv
                0x000000000801c83c      0x130 bn_palettes_manager.o
                0x000000000801c83c                bn::palettes_bank::update()
 .text._ZN2bn13palettes_bankC2Ev
                0x000000000801c96c       0xd4 bn_palettes_manager.o
                0x000000000801c96c                bn::palettes_bank::palettes_bank()
                0x000000000801c96c                bn::palettes_bank::palettes_bank()
 .text._ZN2bn16palettes_manager4initEv
                0x000000000801ca40      0x16c bn_palettes_manager.o
                0x000000000801ca40                bn::palettes_manager::init()
 .text._ZN2bn16palettes_manager20sprite_palettes_bankEv
                0x000000000801cbac        0x8 bn_palettes_manager.o
                0x000000000801cbac                bn::palettes_manager::sprite_palettes_bank()
 .text._ZN2bn16palettes_manager16bg_palettes_bankEv
                0x000000000801cbb4        0x8 bn_palettes_manager.o
                0x000000000801cbb4                bn::palettes_manager::bg_palettes_bank()
 .text._ZN2bn16palettes_manager6updateEv
                0x000000000801cbbc       0x20 bn_palettes_manager.o
                0x000000000801cbbc                bn::palettes_manager::update()
 .text._ZN2bn16palettes_manager6commitEb
                0x000000000801cbdc      0x108 bn_palettes_manager.o
                0x000000000801cbdc                bn::palettes_manager::commit(bool)
 .text._ZN2bn16palettes_manager4stopEv
                0x000000000801cce4       0x20 bn_palettes_manager.o
                0x000000000801cce4                bn::palettes_manager::stop()
 .text._ZN3_bn6assert9show_argsIA35_cEEvPKcS4_S4_iRKT_
                0x000000000801cd04       0x50 bn_palettes_manager.o
                0x000000000801cd04                void _bn::assert::show_args<char [35]>(char const*, char const*, char const*, int, char const (&) [35])
 .text._ZN2bn13palettes_bank11colors_hashERKNS_4spanIKNS_5colorEEE
                0x000000000801cd54       0x48 bn_palettes_manager.o
                0x000000000801cd54                bn::palettes_bank::colors_hash(bn::span<bn::color const> const&)
 .text._ZN3_bn6assert9show_argsIJA43_ciA36_cA42_cEEEvPKcS6_S6_iDpRKT_
                0x000000000801cd9c       0x68 bn_palettes_manager.o
                0x000000000801cd9c                void _bn::assert::show_args<char [43], int, char [36], char [42]>(char const*, char const*, char const*, int, char const (&) [43], int const&, char const (&) [36], char const (&) [42])
 .text._ZN2bn13palettes_bank12create_bpp_8ERKNS_4spanIKNS_5colorEEENS_16compression_typeEb
                0x000000000801ce04      0x22c bn_palettes_manager.o
                0x000000000801ce04                bn::palettes_bank::create_bpp_8(bn::span<bn::color const> const&, bn::compression_type, bool)
 .text._ZNK2bn15bg_palette_item10decompressENS_4spanINS_5colorEEE
                0x000000000801d030      0x174 bn_palettes_manager.o
                0x000000000801d030                bn::bg_palette_item::decompress(bn::span<bn::color>) const
 .text._ZNK2bn19sprite_palette_item10decompressENS_4spanINS_5colorEEE
                0x000000000801d1a4      0x174 bn_palettes_manager.o
                0x000000000801d1a4                bn::sprite_palette_item::decompress(bn::span<bn::color>) const
 .text._ZN2bn13palettes_bank12create_bpp_4ERKNS_4spanIKNS_5colorEEEtb
                0x000000000801d318      0x298 bn_palettes_manager.o
                0x000000000801d318                bn::palettes_bank::create_bpp_4(bn::span<bn::color const> const&, unsigned short, bool)
 .text._ZN2bn12_GLOBAL__N_112_create_implERKNS_15bg_palette_itemEb
                0x000000000801d5b0       0x94 bn_palettes_manager.o
 .text._ZN2bn14bg_palette_ptr6createERKNS_15bg_palette_itemE
                0x000000000801d644       0x54 bn_palettes_manager.o
                0x000000000801d644                bn::bg_palette_ptr::create(bn::bg_palette_item const&)
 .text._ZNK2bn15bg_palette_item14create_paletteEv
                0x000000000801d698       0x10 bn_palettes_manager.o
                0x000000000801d698                bn::bg_palette_item::create_palette() const
 .text._ZN2bn12_GLOBAL__N_112_create_implERKNS_19sprite_palette_itemEb
                0x000000000801d6a8       0x7c bn_palettes_manager.o
 .text._ZNK2bn19sprite_palette_item14create_paletteEv
                0x000000000801d724       0x48 bn_palettes_manager.o
                0x000000000801d724                bn::sprite_palette_item::create_palette() const
 .text._ZNK2bn19sprite_palette_item18create_new_paletteEv
                0x000000000801d76c       0x8c bn_palettes_manager.o
                0x000000000801d76c                bn::sprite_palette_item::create_new_palette() const
 .text._ZN2bn14iunordered_mapItsNS_15identity_hasherENS_8equal_toItEEE5eraseERKNS4_14const_iteratorE.isra.0
                0x000000000801d7f8      0x1b4 bn_palettes_manager.o
 .text._ZN2bn13palettes_bank15decrease_usagesEi.part.0
                0x000000000801d9ac       0xdc bn_palettes_manager.o
 .text._ZN2bn18sprite_palette_ptrD2Ev
                0x000000000801da88       0x30 bn_palettes_manager.o
                0x000000000801da88                bn::sprite_palette_ptr::~sprite_palette_ptr()
                0x000000000801da88                bn::sprite_palette_ptr::~sprite_palette_ptr()
 .text._ZN2bn14bg_palette_ptrD2Ev
                0x000000000801dab8       0x3c bn_palettes_manager.o
                0x000000000801dab8                bn::bg_palette_ptr::~bg_palette_ptr()
                0x000000000801dab8                bn::bg_palette_ptr::~bg_palette_ptr()
 .text._ZN2bn18sprite_palette_ptraSERKS0_
                0x000000000801daf4       0x50 bn_palettes_manager.o
                0x000000000801daf4                bn::sprite_palette_ptr::operator=(bn::sprite_palette_ptr const&)
 .text._ZN2bn14bg_palette_ptraSERKS0_
                0x000000000801db44       0x5c bn_palettes_manager.o
                0x000000000801db44                bn::bg_palette_ptr::operator=(bn::bg_palette_ptr const&)
 .text._ZN2bn18sprite_palette_ptr4findERKNS_19sprite_palette_itemE
                0x000000000801dba0      0x134 bn_palettes_manager.o
                0x000000000801dba0                bn::sprite_palette_ptr::find(bn::sprite_palette_item const&)
 .text._ZNK2bn19sprite_palette_item12find_paletteEv
                0x000000000801dcd4       0x10 bn_palettes_manager.o
                0x000000000801dcd4                bn::sprite_palette_item::find_palette() const
 .text.startup._GLOBAL__sub_I__ZN2bn11bg_palettes17used_colors_countEv
                0x000000000801dce4       0x34 bn_palettes_manager.o
 .text._ZN2bn26sprite_affine_mats_manager12_GLOBAL__N_119_sprite_double_sizeILi32ELi16EEEbiiiii
                0x000000000801dd18       0x84 bn_sprite_affine_mats_manager.o
 .text._ZN2bn26sprite_affine_mats_manager12_GLOBAL__N_119_sprite_double_sizeILi16ELi32EEEbiiiii
                0x000000000801dd9c       0x84 bn_sprite_affine_mats_manager.o
 .text._ZNK2bn26sprite_affine_mats_manager12_GLOBAL__N_19item_type18sprite_double_sizeEiRKNS_17sprite_shape_sizeE
                0x000000000801de20      0x1c0 bn_sprite_affine_mats_manager.o
 .text._ZN2bn26sprite_affine_mats_manager12_GLOBAL__N_111static_dataD2Ev
                0x000000000801dfe0       0x44 bn_sprite_affine_mats_manager.o
 .text._ZNK2bn21sprite_affine_mat_ptr15horizontal_flipEv
                0x000000000801e024       0x18 bn_sprite_affine_mats_manager.o
                0x000000000801e024                bn::sprite_affine_mat_ptr::horizontal_flip() const
 .text._ZNK2bn21sprite_affine_mat_ptr13vertical_flipEv
                0x000000000801e03c       0x18 bn_sprite_affine_mats_manager.o
                0x000000000801e03c                bn::sprite_affine_mat_ptr::vertical_flip() const
 .text._ZNK2bn21sprite_affine_mat_ptr16flipped_identityEv
                0x000000000801e054       0x14 bn_sprite_affine_mats_manager.o
                0x000000000801e054                bn::sprite_affine_mat_ptr::flipped_identity() const
 .text._ZN2bn26sprite_affine_mats_manager13attach_spriteEiRNS_24intrusive_list_node_typeE
                0x000000000801e068       0x2c bn_sprite_affine_mats_manager.o
                0x000000000801e068                bn::sprite_affine_mats_manager::attach_sprite(int, bn::intrusive_list_node_type&)
 .text._ZN2bn26sprite_affine_mats_manager18sprite_double_sizeEiRKNS_17sprite_shape_sizeE
                0x000000000801e094       0x48 bn_sprite_affine_mats_manager.o
                0x000000000801e094                bn::sprite_affine_mats_manager::sprite_double_size(int, bn::sprite_shape_size const&)
 .text._ZN2bn26sprite_affine_mats_manager20retrieve_commit_dataEv
                0x000000000801e0dc       0x38 bn_sprite_affine_mats_manager.o
                0x000000000801e0dc                bn::sprite_affine_mats_manager::retrieve_commit_data()
 .text._ZN3_bn6assert9show_argsIA37_cEEvPKcS4_S4_iRKT_
                0x000000000801e114       0x50 bn_sprite_affine_mats_manager.o
                0x000000000801e114                void _bn::assert::show_args<char [37]>(char const*, char const*, char const*, int, char const (&) [37])
 .text._ZN2bn26sprite_affine_mats_manager15decrease_usagesEi.part.0
                0x000000000801e164       0x70 bn_sprite_affine_mats_manager.o
 .text._ZN2bn21sprite_affine_mat_ptrD2Ev
                0x000000000801e1d4       0x34 bn_sprite_affine_mats_manager.o
                0x000000000801e1d4                bn::sprite_affine_mat_ptr::~sprite_affine_mat_ptr()
                0x000000000801e1d4                bn::sprite_affine_mat_ptr::~sprite_affine_mat_ptr()
 .text._ZN2bn26sprite_affine_mats_manager6updateEv
                0x000000000801e208      0x310 bn_sprite_affine_mats_manager.o
                0x000000000801e208                bn::sprite_affine_mats_manager::update()
 .text._ZN2bn26sprite_affine_mats_manager4initEPv
                0x000000000801e518      0x108 bn_sprite_affine_mats_manager.o
                0x000000000801e518                bn::sprite_affine_mats_manager::init(void*)
 .text._ZN2bn26sprite_affine_mats_manager14dettach_spriteEiRNS_24intrusive_list_node_typeE
                0x000000000801e620       0x4c bn_sprite_affine_mats_manager.o
                0x000000000801e620                bn::sprite_affine_mats_manager::dettach_sprite(int, bn::intrusive_list_node_type&)
 .text.startup._GLOBAL__sub_I__ZN2bn18sprite_affine_mats10used_countEv
                0x000000000801e66c       0xb4 bn_sprite_affine_mats_manager.o
 .text._ZN2bn15sprites_manager12_GLOBAL__N_132_always_update_indexes_to_commitERKNS_20sprites_manager_itemE
                0x000000000801e720       0x48 bn_sprites_manager.o
 .text._ZN2bn15sprites_manager12_GLOBAL__N_111static_dataD2Ev
                0x000000000801e768       0x44 bn_sprites_manager.o
 .text._ZN2bn13ostringstream11append_argsIiJA4_ciEEEvRKT_DpRKT0_.isra.0
                0x000000000801e7ac       0x24 bn_sprites_manager.o
 .text._ZN2bn15sprites_manager12_GLOBAL__N_123_update_item_dimensionsERNS_20sprites_manager_itemE
                0x000000000801e7d0       0xcc bn_sprites_manager.o
 .text._ZN2bn10sprite_ptrC2ERKS0_
                0x000000000801e89c        0xc bn_sprites_manager.o
                0x000000000801e89c                bn::sprite_ptr::sprite_ptr(bn::sprite_ptr const&)
                0x000000000801e89c                bn::sprite_ptr::sprite_ptr(bn::sprite_ptr const&)
 .text._ZNK2bn10sprite_ptr1xEv
                0x000000000801e8a8        0x8 bn_sprites_manager.o
                0x000000000801e8a8                bn::sprite_ptr::x() const
 .text._ZN2bn10sprite_ptr5set_xENS_7fixed_tILi12EEE
                0x000000000801e8b0       0x48 bn_sprites_manager.o
                0x000000000801e8b0                bn::sprite_ptr::set_x(bn::fixed_t<12>)
 .text._ZNK2bn10sprite_ptr1yEv
                0x000000000801e8f8        0x8 bn_sprites_manager.o
                0x000000000801e8f8                bn::sprite_ptr::y() const
 .text._ZN2bn10sprite_ptr5set_yENS_7fixed_tILi12EEE
                0x000000000801e900       0x48 bn_sprites_manager.o
                0x000000000801e900                bn::sprite_ptr::set_y(bn::fixed_t<12>)
 .text._ZNK2bn10sprite_ptr8positionEv
                0x000000000801e948        0x8 bn_sprites_manager.o
                0x000000000801e948                bn::sprite_ptr::position() const
 .text._ZN2bn10sprite_ptr12set_positionENS_7fixed_tILi12EEES2_
                0x000000000801e950       0x6c bn_sprites_manager.o
                0x000000000801e950                bn::sprite_ptr::set_position(bn::fixed_t<12>, bn::fixed_t<12>)
 .text._ZN2bn10sprite_ptr12set_positionERKNS_11fixed_pointE
                0x000000000801e9bc       0x78 bn_sprites_manager.o
                0x000000000801e9bc                bn::sprite_ptr::set_position(bn::fixed_point const&)
 .text._ZN2bn10sprite_ptr11set_visibleEb
                0x000000000801ea34       0x64 bn_sprites_manager.o
                0x000000000801ea34                bn::sprite_ptr::set_visible(bool)
 .text._ZN2bn15sprites_manager4initEv
                0x000000000801ea98       0xd0 bn_sprites_manager.o
                0x000000000801ea98                bn::sprites_manager::init()
 .text._ZN2bn15sprites_manager5hw_idEPv
                0x000000000801eb68        0x8 bn_sprites_manager.o
                0x000000000801eb68                bn::sprites_manager::hw_id(void*)
 .text._ZN2bn15sprites_manager5shapeEPv
                0x000000000801eb70        0x8 bn_sprites_manager.o
                0x000000000801eb70                bn::sprites_manager::shape(void*)
 .text._ZN2bn15sprites_manager4sizeEPv
                0x000000000801eb78        0x8 bn_sprites_manager.o
                0x000000000801eb78                bn::sprites_manager::size(void*)
 .text._ZN2bn15sprites_manager10shape_sizeEPv
                0x000000000801eb80       0x14 bn_sprites_manager.o
                0x000000000801eb80                bn::sprites_manager::shape_size(void*)
 .text._ZN2bn15sprites_manager11hw_positionEPv
                0x000000000801eb94        0x4 bn_sprites_manager.o
                0x000000000801eb94                bn::sprites_manager::hw_position(void*)
 .text._ZN2bn15sprites_manager9view_modeEPv
                0x000000000801eb98        0xc bn_sprites_manager.o
                0x000000000801eb98                bn::sprites_manager::view_mode(void*)
 .text._ZN2bn15sprites_manager10affine_matEPv
                0x000000000801eba4        0x4 bn_sprites_manager.o
                0x000000000801eba4                bn::sprites_manager::affine_mat(void*)
 .text._ZN2bn15sprites_manager39fill_hblank_effect_horizontal_positionsEPviPKNS_7fixed_tILi12EEEPt
                0x000000000801eba8       0x44 bn_sprites_manager.o
                0x000000000801eba8                bn::sprites_manager::fill_hblank_effect_horizontal_positions(void*, int, bn::fixed_t<12> const*, unsigned short*)
 .text._ZN2bn15sprites_manager37fill_hblank_effect_vertical_positionsEPviPKNS_7fixed_tILi12EEEPt
                0x000000000801ebec       0x44 bn_sprites_manager.o
                0x000000000801ebec                bn::sprites_manager::fill_hblank_effect_vertical_positions(void*, int, bn::fixed_t<12> const*, unsigned short*)
 .text._ZN2bn15sprites_manager35fill_hblank_effect_first_attributesEiNS_12sprite_shapeENS_8bpp_modeEiPKNS_23sprite_first_attributesEPt
                0x000000000801ec30      0x108 bn_sprites_manager.o
                0x000000000801ec30                bn::sprites_manager::fill_hblank_effect_first_attributes(int, bn::sprite_shape, bn::bpp_mode, int, bn::sprite_first_attributes const*, unsigned short*)
 .text._ZN2bn15sprites_manager44fill_hblank_effect_regular_second_attributesEPviNS_11sprite_sizeEPKNS_32sprite_regular_second_attributesEPt
                0x000000000801ed38       0x60 bn_sprites_manager.o
                0x000000000801ed38                bn::sprites_manager::fill_hblank_effect_regular_second_attributes(void*, int, bn::sprite_size, bn::sprite_regular_second_attributes const*, unsigned short*)
 .text._ZN2bn15sprites_manager43fill_hblank_effect_affine_second_attributesEPviNS_11sprite_sizeEPKNS_31sprite_affine_second_attributesEPt
                0x000000000801ed98       0x58 bn_sprites_manager.o
                0x000000000801ed98                bn::sprites_manager::fill_hblank_effect_affine_second_attributes(void*, int, bn::sprite_size, bn::sprite_affine_second_attributes const*, unsigned short*)
 .text._ZN2bn15sprites_manager14update_camerasEv
                0x000000000801edf0       0x20 bn_sprites_manager.o
                0x000000000801edf0                bn::sprites_manager::update_cameras()
 .text._ZN2bn15sprites_manager23update_auto_double_sizeEPv
                0x000000000801ee10       0x2c bn_sprites_manager.o
                0x000000000801ee10                bn::sprites_manager::update_auto_double_size(void*)
 .text._ZN2bn15sprites_manager6commitEb
                0x000000000801ee3c       0xa4 bn_sprites_manager.o
                0x000000000801ee3c                bn::sprites_manager::commit(bool)
 .text._ZN3_bn6assert9show_argsIA54_cEEvPKcS4_S4_iRKT_
                0x000000000801eee0       0x50 bn_sprites_manager.o
                0x000000000801eee0                void _bn::assert::show_args<char [54]>(char const*, char const*, char const*, int, char const (&) [54])
 .text._ZNK2bn17sprite_shape_size11tiles_countENS_8bpp_modeE
                0x000000000801ef30      0x154 bn_sprites_manager.o
                0x000000000801ef30                bn::sprite_shape_size::tiles_count(bn::bpp_mode) const
 .text._ZN2bn15sprites_manager12_GLOBAL__N_118_remove_affine_matERNS_20sprites_manager_itemE
                0x000000000801f084       0xe8 bn_sprites_manager.o
 .text._ZN2bn15sprites_manager42remove_identity_affine_mat_when_not_neededEPv
                0x000000000801f16c        0xc bn_sprites_manager.o
                0x000000000801f16c                bn::sprites_manager::remove_identity_affine_mat_when_not_needed(void*)
 .text._ZN2bn14sprite_builder15release_paletteEv
                0x000000000801f178       0x78 bn_sprites_manager.o
                0x000000000801f178                bn::sprite_builder::release_palette()
 .text._ZN2bn14sprite_builder13release_tilesEv
                0x000000000801f1f0       0x78 bn_sprites_manager.o
                0x000000000801f1f0                bn::sprite_builder::release_tiles()
 .text._ZN2bn15sprites_manager7paletteEPv
                0x000000000801f268       0x34 bn_sprites_manager.o
                0x000000000801f268                bn::sprites_manager::palette(void*)
 .text._ZNK2bn10sprite_ptr7paletteEv
                0x000000000801f29c       0x38 bn_sprites_manager.o
                0x000000000801f29c                bn::sprite_ptr::palette() const