Archive member included to satisfy reference by file (symbol)

/opt/devkitpro/devkitARM/bin/../lib/gcc/arm-none-eabi/12.2.0/thumb/libgcc.a(_call_via_rX.o)
                              mm_main_gba.o (_call_via_r1)
/opt/devkitpro/devkitARM/bin/../lib/gcc/arm-none-eabi/12.2.0/thumb/libgcc.a(_aeabi_ldivmod.o)
                              bn_hw_text.o (__aeabi_ldivmod)
/opt/devkitpro/devkitARM/bin/../lib/gcc/arm-none-eabi/12.2.0/thumb/libgcc.a(_aeabi_uldivmod.o)
                              bn_hw_text.o (__aeabi_uldivmod)
/opt/devkitpro/devkitARM/bin/../lib/gcc/arm-none-eabi/12.2.0/thumb/libgcc.a(_udivmoddi4.o)
                              /opt/devkitpro/devkitARM/bin/../lib/gcc/arm-none-eabi/12.2.0/thumb/libgcc.a(_aeabi_ldivmod.o) (__udivmoddi4)

Discarded input sections

 .text          0x0000000000000000        0x0 /opt/devkitpro/devkitARM/bin/../lib/gcc/arm-none-eabi/12.2.0/../../../../arm-none-eabi/lib/thumb/gba_crt0.o
 .data          0x0000000000000000        0x0 /opt/devkitpro/devkitARM/bin/../lib/gcc/arm-none-eabi/12.2.0/../../../../arm-none-eabi/lib/thumb/gba_crt0.o
 .bss           0x0000000000000000        0x0 /opt/devkitpro/devkitARM/bin/../lib/gcc/arm-none-eabi/12.2.0/../../../../arm-none-eabi/lib/thumb/gba_crt0.o
 .text          0x0000000000000000        0x0 /opt/devkitpro/devkitARM/bin/../lib/gcc/arm-none-eabi/12.2.0/thumb/crti.o
 .data          0x0000000000000000        0x0 /opt/devkitpro/devkitARM/bin/../lib/gcc/arm-none-eabi/12.2.0/thumb/crti.o
 .bss           0x0000000000000000        0x0 /opt/devkitpro/devkitARM/bin/../lib/gcc/arm-none-eabi/12.2.0/thumb/crti.o
 .text          0x0000000000000000        0x0 /opt/devkitpro/devkitARM/bin/../lib/gcc/arm-none-eabi/12.2.0/thumb/crtbegin.o
 .data          0x0000000000000000        0x0 /opt/devkitpro/devkitARM/bin/../lib/gcc/arm-none-eabi/12.2.0/thumb/crtbegin.o
 .bss           0x0000000000000000        0x0 /opt/devkitpro/devkitARM/bin/../lib/gcc/arm-none-eabi/12.2.0/thumb/crtbegin.o
 .rodata.all_implied_fbits
                0x0000000000000000       0x24 /opt/devkitpro/devkitARM/bin/../lib/gcc/arm-none-eabi/12.2.0/thumb/crtbegin.o
 .text          0x0000000000000000        0x0 _bn_audio_soundbank.bin.o
 .data          0x0000000000000000        0x0 _bn_audio_soundbank.bin.o
 .bss           0x0000000000000000        0x0 _bn_audio_soundbank.bin.o
 .text          0x0000000000000000        0x0 base_bn_gfx.o
 .data          0x0000000000000000        0x0 base_bn_gfx.o
 .bss           0x0000000000000000        0x0 base_bn_gfx.o
 .text          0x0000000000000000        0x0 base_habilidad_bn_gfx.o
 .data          0x0000000000000000        0x0 base_habilidad_bn_gfx.o
 .bss           0x0000000000000000        0x0 base_habilidad_bn_gfx.o
 .text          0x0000000000000000        0x0 base_v_bn_gfx.o
 .data          0x0000000000000000        0x0 base_v_bn_gfx.o
 .bss           0x0000000000000000        0x0 base_v_bn_gfx.o
 .text          0x0000000000000000        0x0 base_v_habilidad_bn_gfx.o
 .data          0x0000000000000000        0x0 base_v_habilidad_bn_gfx.o
 .bss           0x0000000000000000        0x0 base_v_habilidad_bn_gfx.o
 .text          0x0000000000000000        0x0 boton_usar_bn_gfx.o
 .data          0x0000000000000000        0x0 boton_usar_bn_gfx.o
 .bss           0x0000000000000000        0x0 boton_usar_bn_gfx.o
 .text          0x0000000000000000        0x0 brillo_de_camila_bn_gfx.o
 .data          0x0000000000000000        0x0 brillo_de_camila_bn_gfx.o
 .bss           0x0000000000000000        0x0 brillo_de_camila_bn_gfx.o
 .text          0x0000000000000000        0x0 cambio_bn_gfx.o
 .data          0x0000000000000000        0x0 cambio_bn_gfx.o
 .bss           0x0000000000000000        0x0 cambio_bn_gfx.o
 .text          0x0000000000000000        0x0 caramelo_energetico_bn_gfx.o
 .data          0x0000000000000000        0x0 caramelo_energetico_bn_gfx.o
 .bss           0x0000000000000000        0x0 caramelo_energetico_bn_gfx.o
 .text          0x0000000000000000        0x0 carta_back_bn_gfx.o
 .data          0x0000000000000000        0x0 carta_back_bn_gfx.o
 .bss           0x0000000000000000        0x0 carta_back_bn_gfx.o
 .text          0x0000000000000000        0x0 cinturon_eleccion_bn_gfx.o
 .data          0x0000000000000000        0x0 cinturon_eleccion_bn_gfx.o
 .bss           0x0000000000000000        0x0 cinturon_eleccion_bn_gfx.o
 .text          0x0000000000000000        0x0 cramobot_bn_gfx.o
 .data          0x0000000000000000        0x0 cramobot_bn_gfx.o
 .bss           0x0000000000000000        0x0 cramobot_bn_gfx.o
 .text          0x0000000000000000        0x0 cristal_niebla_bn_gfx.o
 .data          0x0000000000000000        0x0 cristal_niebla_bn_gfx.o
 .bss           0x0000000000000000        0x0 cristal_niebla_bn_gfx.o
 .text          0x0000000000000000        0x0 cuerda_huida_bn_gfx.o
 .data          0x0000000000000000        0x0 cuerda_huida_bn_gfx.o
 .bss           0x0000000000000000        0x0 cuerda_huida_bn_gfx.o
[...]
Memory Configuration

Name             Origin             Length             Attributes
rom              0x0000000008000000 0x0000000002000000
iwram            0x0000000003000000 0x0000000000008000
ewram            0x0000000002000000 0x0000000000040000
*default*        0x0000000000000000 0xffffffffffffffff

Linker script and memory map

                0x0000000008000000                __text_start = ORIGIN (rom)
                0x0000000002040000                __eheap_end = (ORIGIN (ewram) + LENGTH (ewram))
                0x0000000003000000                __iwram_start = ORIGIN (iwram)
                0x0000000003008000                __iwram_top = (ORIGIN (iwram) + LENGTH (iwram))
                0x0000000003007fa0                __sp_irq = (__iwram_top - 0x60)
                0x0000000003007f00                __sp_usr = (__sp_irq - 0xa0)
                0x0000000003007ff8                __irq_flags = 0x3007ff8
                0x0000000008000000                . = __text_start

.crt0           0x0000000008000000      0x210
 *(.crt0)
 .crt0          0x0000000008000000      0x210 /opt/devkitpro/devkitARM/bin/../lib/gcc/arm-none-eabi/12.2.0/../../../../arm-none-eabi/lib/thumb/gba_crt0.o
                0x0000000008000000                _start
                0x00000000080000c4                __boot_method
                0x00000000080000c5                __slave_number
                0x00000000080000e0                start_vector
                0x0000000008000210                . = ALIGN (0x4)

.init           0x0000000008000210        0xc
 *(SORT_NONE(.init))
 .init          0x0000000008000210        0x4 /opt/devkitpro/devkitARM/bin/../lib/gcc/arm-none-eabi/12.2.0/thumb/crti.o
                0x0000000008000210                _init
 .init          0x0000000008000214        0x8 /opt/devkitpro/devkitARM/bin/../lib/gcc/arm-none-eabi/12.2.0/thumb/crtn.o

.plt            0x000000000800021c        0x0
 *(.plt)
                0x000000000800021c                . = ALIGN (0x4)

.text           0x0000000008000220    0x27260
 *(EXCLUDE_FILE(*.iwram*) .text*)
 .text.__do_global_dtors_aux
                0x0000000008000220       0x2c /opt/devkitpro/devkitARM/bin/../lib/gcc/arm-none-eabi/12.2.0/thumb/crtbegin.o
 .text.frame_dummy
                0x000000000800024c       0x24 /opt/devkitpro/devkitARM/bin/../lib/gcc/arm-none-eabi/12.2.0/thumb/crtbegin.o
 .text._ZNK5carta13obtener_tipo1Ev
                0x0000000008000270        0x4 carta.o
                0x0000000008000270                carta::obtener_tipo1() const
 .text._ZNK5carta13obtener_tipo2Ev
                0x0000000008000274        0x4 carta.o
                0x0000000008000274                carta::obtener_tipo2() const
 .text._ZN5carta16establecer_tipo1Ei
                0x0000000008000278        0x4 carta.o
                0x0000000008000278                carta::establecer_tipo1(int)
 .text._ZN5carta16establecer_tipo2Ei
                0x000000000800027c        0x4 carta.o
                0x000000000800027c                carta::establecer_tipo2(int)
 .text._ZN3_bn6assert9show_argsIJA19_ciA4_ciEEEvPKcS5_S5_iDpRKT_
                0x0000000008000280       0x6c carta.o
                0x0000000008000280                void _bn::assert::show_args<char [19], int, char [4], int>(char const*, char const*, char const*, int, char const (&) [19], int const&, char const (&) [4], int const&)
 .text._ZN5cartaC2EN2bn6stringILi32EEEii
                0x00000000080002ec       0x88 carta.o
                0x00000000080002ec                carta::carta(bn::string<32>, int, int)
                0x00000000080002ec                carta::carta(bn::string<32>, int, int)
 .text._ZN5carta17establecer_nombreERKN2bn6stringILi32EEE
                0x0000000008000374       0x64 carta.o
                0x0000000008000374                carta::establecer_nombre(bn::string<32> const&)
 .text._ZNK5carta14obtener_nombreEv
                0x00000000080003d8       0x74 carta.o
                0x00000000080003d8                carta::obtener_nombre() const
 .text._ZN3_bn6assert9show_argsIA15_cEEvPKcS4_S4_iRKT_
                0x000000000800044c       0x50 funciones_cartas.o
                0x000000000800044c                void _bn::assert::show_args<char [15]>(char const*, char const*, char const*, int, char const (&) [15])
 .text._Z6dibujaiiiiRN2bn6vectorINS_10sprite_ptrELi60EEE
                0x000000000800049c      0xaac funciones_cartas.o
                0x000000000800049c                dibuja(int, int, int, int, bn::vector<bn::sprite_ptr, 60>&)
 .text._ZN3_bn6assert9show_argsIA17_cEEvPKcS4_S4_iRKT_
                0x0000000008000f48       0x50 funciones_cartas.o
                0x0000000008000f48                void _bn::assert::show_args<char [17]>(char const*, char const*, char const*, int, char const (&) [17])
 .text._Z8dibuja_miiiiRN2bn6vectorINS_10sprite_ptrELi60EEEPS1_
                0x0000000008000f98     0x12c0 funciones_cartas.o
                0x0000000008000f98                dibuja_m(int, int, int, int, bn::vector<bn::sprite_ptr, 60>&, bn::sprite_ptr*)
 .text._Z17dibuja_carta_full5cartaii
                0x0000000008002258     0x1f64 funciones_cartas_full.o
                0x0000000008002258                dibuja_carta_full(carta, int, int)
 .text._Z13agrega_imagenN2bn6vectorI5cartaLi60EEERNS0_INS_10sprite_ptrELi60EEES1_i
                0x00000000080041bc       0x44 funciones_combate.o
                0x00000000080041bc                agrega_imagen(bn::vector<carta, 60>, bn::vector<bn::sprite_ptr, 60>&, carta, int)
 .text._ZN2bn7ivectorI5cartaE7_assignERKS2_.isra.0
                0x0000000008004200       0xb4 funciones_combate.o
 .text._ZN3_bn6assert9show_argsIA16_ciEEvPKcS4_S4_iRKT_RKT0_
                0x00000000080042b4       0x58 funciones_combate.o
                0x00000000080042b4                void _bn::assert::show_args<char [16], int>(char const*, char const*, char const*, int, char const (&) [16], int const&)
 .text._Z9distanciaN2bn11fixed_pointES0_
                0x000000000800430c       0x34 funciones_combate.o
                0x000000000800430c                distancia(bn::fixed_point, bn::fixed_point)
 .text._ZN3_bn6assert9show_argsIJA16_ciA4_ciEEEvPKcS5_S5_iDpRKT_
                0x0000000008004340       0x6c funciones_combate.o
                0x0000000008004340                void _bn::assert::show_args<char [16], int, char [4], int>(char const*, char const*, char const*, int, char const (&) [16], int const&, char const (&) [4], int const&)
 .text._Z17reorganiza_imagenRN2bn6vectorINS_10sprite_ptrELi60EEEii
                0x00000000080043ac       0x8c funciones_combate.o
                0x00000000080043ac                reorganiza_imagen(bn::vector<bn::sprite_ptr, 60>&, int, int)
 .text._Z19reorganiza_imagen_mRN2bn6vectorINS_10sprite_ptrELi60EEEPiNS0_INS_11fixed_pointELi19EEE
                0x0000000008004438       0x80 funciones_combate.o
                0x0000000008004438                reorganiza_imagen_m(bn::vector<bn::sprite_ptr, 60>&, int*, bn::vector<bn::fixed_point, 19>)
 .text._Z22verificar_mano_inicialN2bn6vectorI5cartaLi60EEEPi
                0x00000000080044b8      0x118 funciones_combate.o
                0x00000000080044b8                verificar_mano_inicial(bn::vector<carta, 60>, int*)
 .text._Z11robar_cartaN2bn6vectorI5cartaLi60EEERNS0_INS_10sprite_ptrELi60EEERS3_Piii
                0x00000000080045d0      0x250 funciones_combate.o
                0x00000000080045d0                robar_carta(bn::vector<carta, 60>, bn::vector<bn::sprite_ptr, 60>&, bn::sprite_ptr&, int*, int, int)
 .text._Z10log_troncoN2bn6vectorI5cartaLi60EEEPi
                0x0000000008004820      0x4d8 funciones_combate.o
                0x0000000008004820                log_tronco(bn::vector<carta, 60>, int*)
 .text._Z6cambioRN2bn6vectorI5cartaLi60EEEii
                0x0000000008004cf8      0x14c funciones_combate.o
                0x0000000008004cf8                cambio(bn::vector<carta, 60>&, int, int)
 .text._Z8barajearRN2bn6vectorI5cartaLi60EEEPiiRNS_6randomE
                0x0000000008004e44      0x134 funciones_combate.o
                0x0000000008004e44                barajear(bn::vector<carta, 60>&, int*, int, bn::random&)
 .text._ZN3_bn6assert9show_argsIA16_cEEvPKcS4_S4_iRKT_
                0x0000000008004f78       0x50 funciones_combate.o
                0x0000000008004f78                void _bn::assert::show_args<char [16]>(char const*, char const*, char const*, int, char const (&) [16])
 .text._Z11mas_cercanoN2bn11fixed_pointENS_6vectorIS0_Li19EEENS1_INS_10sprite_ptrELi60EEES4_iPi
                0x0000000008004fc8      0x5b8 funciones_combate.o
                0x0000000008004fc8                mas_cercano(bn::fixed_point, bn::vector<bn::fixed_point, 19>, bn::vector<bn::sprite_ptr, 60>, bn::vector<bn::sprite_ptr, 60>, int, int*)
 .text._ZN2bn7ivectorINS_11fixed_pointEE9push_backERKS1_
                0x0000000008005580       0x44 funciones_combate.o
                0x0000000008005580                bn::ivector<bn::fixed_point>::push_back(bn::fixed_point const&)
 .text._ZN2bn7ivectorI5cartaE6insertEPKS1_RS3_.isra.0
                0x00000000080055c4      0x1e0 funciones_combate.o
 .text._Z12agrega_cartaRN2bn6vectorI5cartaLi60EEERNS0_INS_10sprite_ptrELi60EEES1_PiiNS0_INS_11fixed_pointELi19EEEi
                0x00000000080057a4      0x30c funciones_combate.o
                0x00000000080057a4                agrega_carta(bn::vector<carta, 60>&, bn::vector<bn::sprite_ptr, 60>&, carta, int*, int, bn::vector<bn::fixed_point, 19>, int)
 .text._Z13retirar_cartaRN2bn6vectorI5cartaLi60EEERNS0_INS_10sprite_ptrELi60EEEPii
                0x0000000008005ab0      0x254 funciones_combate.o
                0x0000000008005ab0                retirar_carta(bn::vector<carta, 60>&, bn::vector<bn::sprite_ptr, 60>&, int*, int)
 .text._Z10mano_juegoRN2bn6vectorI5cartaLi60EEERNS0_INS_10sprite_ptrELi60EEEPiiNS0_INS_11fixed_pointELi19EEEi
                0x0000000008005d04       0xe8 funciones_combate.o
                0x0000000008005d04                mano_juego(bn::vector<carta, 60>&, bn::vector<bn::sprite_ptr, 60>&, int*, int, bn::vector<bn::fixed_point, 19>, int)
 .text._Z11juega_cartaRN2bn6vectorI5cartaLi60EEES3_RNS0_INS_10sprite_ptrELi60EEES6_PS1_iRS4_PiNS0_INS_11fixed_pointELi19EEE
                0x0000000008005dec      0x234 funciones_combate.o
                0x0000000008005dec                juega_carta(bn::vector<carta, 60>&, bn::vector<carta, 60>&, bn::vector<bn::sprite_ptr, 60>&, bn::vector<bn::sprite_ptr, 60>&, carta*, int, bn::sprite_ptr&, int*, bn::vector<bn::fixed_point, 19>)
 .text._Z12tiempo_medioN2bn6vectorINS_11fixed_pointELi19EEERNS0_INS_10sprite_ptrELi60EEES5_RNS0_I5cartaLi60EEES8_Pi
                0x0000000008006020      0x730 funciones_combate.o
                0x0000000008006020                tiempo_medio(bn::vector<bn::fixed_point, 19>, bn::vector<bn::sprite_ptr, 60>&, bn::vector<bn::sprite_ptr, 60>&, bn::vector<carta, 60>&, bn::vector<carta, 60>&, int*)
 .text._Z7combateRN2bn6vectorI5cartaLi60EEES3_RNS_6randomE
                0x0000000008006750      0x6f0 funciones_combate.o
                0x0000000008006750                combate(bn::vector<carta, 60>&, bn::vector<carta, 60>&, bn::random&)
 .text._ZN2bneqERKNS_12istring_baseES2_.isra.0
                0x0000000008006e40       0x30 funciones_diccionario.o
 .text._Z17diccionario_vstar5carta
                0x0000000008006e70       0x74 funciones_diccionario.o
                0x0000000008006e70                diccionario_vstar(carta)
 .text._ZN2bn7istring6assignEPKc.isra.0
                0x0000000008006ee4       0x88 funciones_diccionario.o
 .text._Z19obtener_imagen_vmax5cartaii
                0x0000000008006f6c       0xcc funciones_diccionario.o
                0x0000000008006f6c                obtener_imagen_vmax(carta, int, int)
 .text._Z16obtener_imagen_v5cartaii
                0x0000000008007038      0x12c funciones_diccionario.o
                0x0000000008007038                obtener_imagen_v(carta, int, int)
 .text._Z21obtener_imagen_normal5cartaii
                0x0000000008007164      0x1b8 funciones_diccionario.o
                0x0000000008007164                obtener_imagen_normal(carta, int, int)
 .text._Z25obtener_imagen_no_pokemon5cartaii
                0x000000000800731c      0x504 funciones_diccionario.o
                0x000000000800731c                obtener_imagen_no_pokemon(carta, int, int)
 .text._Z14obtener_imagen5cartaii
                0x0000000008007820      0x14c funciones_diccionario.o
                0x0000000008007820                obtener_imagen(carta, int, int)
 .text._Z20diccionario_energias5carta
                0x000000000800796c      0x218 funciones_diccionario.o
                0x000000000800796c                diccionario_energias(carta)
 .text._Z23diccionario_v_habilidad5carta
                0x0000000008007b84      0xab4 funciones_diccionario.o
                0x0000000008007b84                diccionario_v_habilidad(carta)
 .text._Z16diccionario_vmax5carta
                0x0000000008008638      0xb80 funciones_diccionario.o
                0x0000000008008638                diccionario_vmax(carta)
 .text._Z13diccionario_v5carta
                0x00000000080091b8      0xd00 funciones_diccionario.o
                0x00000000080091b8                diccionario_v(carta)
 .text._Z28diccionario_normal_habilidad5carta
                0x0000000008009eb8      0xf40 funciones_diccionario.o
                0x0000000008009eb8                diccionario_normal_habilidad(carta)
 .text._Z18diccionario_normal5carta
                0x000000000800adf8      0xc74 funciones_diccionario.o
                0x000000000800adf8                diccionario_normal(carta)
 .text._Z9es_basico5carta
                0x000000000800ba6c      0x13c funciones_diccionario.o
                0x000000000800ba6c                es_basico(carta)
 .text._ZN2bn7ivectorINS_6stringILi30EEEE9push_backERKS2_
                0x000000000800bba8       0xa8 funciones_diccionario.o
                0x000000000800bba8                bn::ivector<bn::string<30> >::push_back(bn::string<30> const&)
 .text._Z22diccionario_no_pokemon5carta
                0x000000000800bc50     0x1b30 funciones_diccionario.o
                0x000000000800bc50                diccionario_no_pokemon(carta)
 .text._Z28obtener_informacion_completa5carta
                0x000000000800d780      0x234 funciones_diccionario.o
                0x000000000800d780                obtener_informacion_completa(carta)
 .text._Z19dibuja_mini_energiaiii
                0x000000000800d9b4       0xa4 funciones_mini_energias.o
                0x000000000800d9b4                dibuja_mini_energia(int, int, int)
 .text._Z16imprime_energiasN2bn6vectorIiLi10EEEii
                0x000000000800da58       0x94 funciones_mostrar_informacion.o
                0x000000000800da58                imprime_energias(bn::vector<int, 10>, int, int)
 .text._Z19mostrar_informacion5carta
                0x000000000800daec     0x1054 funciones_mostrar_informacion.o
                0x000000000800daec                mostrar_informacion(carta)
 .text._ZN2bn7istring6assignEPKc.isra.0
                0x000000000800eb40       0x84 main.o
 .text._ZN2bn7ivectorI5cartaE9push_backEOS1_
                0x000000000800ebc4       0xc4 main.o
                0x000000000800ebc4                bn::ivector<carta>::push_back(carta&&)
 .text.startup.main
                0x000000000800ec88      0xdec main.o
                0x000000000800ec88                main
 .text._ZN3_bn6assert9show_argsIA15_ciEEvPKcS4_S4_iRKT_RKT0_
                0x000000000800fa74       0x58 common_stats.o
                0x000000000800fa74                void _bn::assert::show_args<char [15], int>(char const*, char const*, char const*, int, char const (&) [15], int const&)
 .text._ZN2bn13ostringstream6appendILi12EEEvNS_7fixed_tIXT_EEE
                0x000000000800facc       0xa0 common_stats.o
                0x000000000800facc                void bn::ostringstream::append<12>(bn::fixed_t<12>)
 .text._ZN2bn13ostringstream11append_argsIiJA4_ciEEEvRKT_DpRKT0_.isra.0
                0x000000000800fb6c       0x24 bn_affine_bg_animate_actions.o
 .text._ZN3_bn6assert9show_argsIJA23_ciA4_ciEEEvPKcS5_S5_iDpRKT_
                0x000000000800fb90       0x5c bn_affine_bg_animate_actions.o
                0x000000000800fb90                void _bn::assert::show_args<char [23], int, char [4], int>(char const*, char const*, char const*, int, char const (&) [23], int const&, char const (&) [4], int const&)
 .text._ZN3_bn6assert9show_argsIA24_ciEEvPKcS4_S4_iRKT_RKT0_
                0x000000000800fbec       0x58 bn_affine_bg_animate_actions.o
                0x000000000800fbec                void _bn::assert::show_args<char [24], int>(char const*, char const*, char const*, int, char const (&) [24], int const&)
 .text._ZN3_bn6assert9show_argsIA28_ciEEvPKcS4_S4_iRKT_RKT0_
                0x000000000800fc44       0x58 bn_affine_bg_animate_actions.o
                0x000000000800fc44                void _bn::assert::show_args<char [28], int>(char const*, char const*, char const*, int, char const (&) [28], int const&)
 .text._ZN3_bn6assert9show_argsIJA28_ciA4_ciEEEvPKcS5_S5_iDpRKT_
                0x000000000800fc9c       0x5c bn_affine_bg_animate_actions.o
                0x000000000800fc9c                void _bn::assert::show_args<char [28], int, char [4], int>(char const*, char const*, char const*, int, char const (&) [28], int const&, char const (&) [4], int const&)
 .text._ZN2bn13audio_manager12_GLOBAL__N_111static_dataD2Ev
                0x000000000800fcf8        0x4 bn_audio_manager.o
 .text._ZN2bn13audio_manager4initEv
                0x000000000800fcfc       0x48 bn_audio_manager.o
                0x000000000800fcfc                bn::audio_manager::init()
 .text._ZN2bn13audio_manager7disableEv
                0x000000000800fd44        0xc bn_audio_manager.o
                0x000000000800fd44                bn::audio_manager::disable()
 .text._ZN2bn13audio_manager10sound_dataEt
                0x000000000800fd50       0x64 bn_audio_manager.o
                0x000000000800fd50                bn::audio_manager::sound_data(unsigned short)
 .text._ZN2bn13audio_manager6updateEv
                0x000000000800fdb4        0xc bn_audio_manager.o
                0x000000000800fdb4                bn::audio_manager::update()
 .text._ZN2bn13audio_manager6commitEv
                0x000000000800fdc0        0xc bn_audio_manager.o
                0x000000000800fdc0                bn::audio_manager::commit()
 .text._ZN2bn13audio_manager4stopEv
                0x000000000800fdcc       0x6c bn_audio_manager.o
                0x000000000800fdcc                bn::audio_manager::stop()
 .text._ZN3_bn6assert9show_argsIA18_ciEEvPKcS4_S4_iRKT_RKT0_
                0x000000000800fe38       0x58 bn_audio_manager.o
                0x000000000800fe38                void _bn::assert::show_args<char [18], int>(char const*, char const*, char const*, int, char const (&) [18], int const&)
 .text._ZN3_bn6assert9show_argsIA14_ciEEvPKcS4_S4_iRKT_RKT0_
                0x000000000800fe90       0x58 bn_audio_manager.o
                0x000000000800fe90                void _bn::assert::show_args<char [14], int>(char const*, char const*, char const*, int, char const (&) [14], int const&)
 .text._ZN3_bn6assert9show_argsIA19_ciEEvPKcS4_S4_iRKT_RKT0_
                0x000000000800fee8       0x58 bn_audio_manager.o
                0x000000000800fee8                void _bn::assert::show_args<char [19], int>(char const*, char const*, char const*, int, char const (&) [19], int const&)
 .text._ZN3_bn6assert9show_argsIA26_ciEEvPKcS4_S4_iRKT_RKT0_
                0x000000000800ff40       0x58 bn_audio_manager.o
                0x000000000800ff40                void _bn::assert::show_args<char [26], int>(char const*, char const*, char const*, int, char const (&) [26], int const&)
 .text._ZN3_bn6assert9show_argsIA33_cEEvPKcS4_S4_iRKT_
                0x000000000800ff98       0x50 bn_audio_manager.o
                0x000000000800ff98                void _bn::assert::show_args<char [33]>(char const*, char const*, char const*, int, char const (&) [33])
 .text._ZN3_bn6assert9show_argsIA25_cEEvPKcS4_S4_iRKT_
                0x000000000800ffe8       0x50 bn_audio_manager.o
                0x000000000800ffe8                void _bn::assert::show_args<char [25]>(char const*, char const*, char const*, int, char const (&) [25])
 .text._ZN3_bn6assert9show_argsIA24_cEEvPKcS4_S4_iRKT_
                0x0000000008010038       0x50 bn_audio_manager.o
                0x0000000008010038                void _bn::assert::show_args<char [24]>(char const*, char const*, char const*, int, char const (&) [24])
 .text._ZN3_bn6assert9show_argsIA26_cEEvPKcS4_S4_iRKT_
                0x0000000008010088       0x50 bn_audio_manager.o
                0x0000000008010088                void _bn::assert::show_args<char [26]>(char const*, char const*, char const*, int, char const (&) [26])
 .text._ZN3_bn6assert9show_argsIA25_ciEEvPKcS4_S4_iRKT_RKT0_
                0x00000000080100d8       0x58 bn_audio_manager.o
                0x00000000080100d8                void _bn::assert::show_args<char [25], int>(char const*, char const*, char const*, int, char const (&) [25], int const&)
 .text._ZN2bn13audio_manager16execute_commandsEv
                0x0000000008010130      0x71c bn_audio_manager.o
                0x0000000008010130                bn::audio_manager::execute_commands()
 .text.startup._GLOBAL__sub_I__ZN2bn5audio16update_on_vblankEv
                0x000000000801084c       0x98 bn_audio_manager.o
 .text._ZN2bn18best_fit_allocator4freeEPv
                0x00000000080108e4      0x110 bn_best_fit_allocator.o
                0x00000000080108e4                bn::best_fit_allocator::free(void*)
 .text._ZN3_bn6assert9show_argsIA23_cEEvPKcS4_S4_iRKT_
                0x00000000080109f4       0x50 bn_best_fit_allocator.o
                0x00000000080109f4                void _bn::assert::show_args<char [23]>(char const*, char const*, char const*, int, char const (&) [23])
 .text._ZN2bn18best_fit_allocatorD2Ev
                0x0000000008010a44       0x34 bn_best_fit_allocator.o
                0x0000000008010a44                bn::best_fit_allocator::~best_fit_allocator()
                0x0000000008010a44                bn::best_fit_allocator::~best_fit_allocator()
 .text._ZN2bn18best_fit_allocator5allocEi
                0x0000000008010a78      0x15c bn_best_fit_allocator.o
                0x0000000008010a78                bn::best_fit_allocator::alloc(int)
 .text._ZN3_bn6assert9show_argsIA20_ciEEvPKcS4_S4_iRKT_RKT0_
                0x0000000008010bd4       0x58 bn_best_fit_allocator.o
                0x0000000008010bd4                void _bn::assert::show_args<char [20], int>(char const*, char const*, char const*, int, char const (&) [20], int const&)
 .text._ZN3_bn6assert9show_argsIA14_cEEvPKcS4_S4_iRKT_
                0x0000000008010c2c       0x50 bn_best_fit_allocator.o
                0x0000000008010c2c                void _bn::assert::show_args<char [14]>(char const*, char const*, char const*, int, char const (&) [14])
 .text._ZN3_bn6assert9show_argsIA21_cEEvPKcS4_S4_iRKT_
                0x0000000008010c7c       0x50 bn_best_fit_allocator.o
                0x0000000008010c7c                void _bn::assert::show_args<char [21]>(char const*, char const*, char const*, int, char const (&) [21])
 .text._ZN2bn18best_fit_allocator5resetEPvi
                0x0000000008010ccc       0xbc bn_best_fit_allocator.o
                0x0000000008010ccc                bn::best_fit_allocator::reset(void*, int)
 .text._ZN2bn17bg_blocks_manager12_GLOBAL__N_117_hw_commit_offsetEPKtjtPt
                0x0000000008010d88       0x90 bn_bg_blocks_manager.o
 .text._ZN2bn13ostringstream11append_argsIiJA4_ctEEEvRKT_DpRKT0_.isra.0
                0x0000000008010e18       0x24 bn_bg_blocks_manager.o
 .text._ZN2bn13ostringstream11append_argsIiJA4_ciEEEvRKT_DpRKT0_.isra.0
                0x0000000008010e3c       0x24 bn_bg_blocks_manager.o
 .text._ZNK2bn18regular_bg_map_ptr2idEv
                0x0000000008010e60       0x18 bn_bg_blocks_manager.o
                0x0000000008010e60                bn::regular_bg_map_ptr::id() const
 .text._ZNK2bn18regular_bg_map_ptr10dimensionsEv
                0x0000000008010e78       0x20 bn_bg_blocks_manager.o
                0x0000000008010e78                bn::regular_bg_map_ptr::dimensions() const
 .text._ZNK2bn18regular_bg_map_ptr3bigEv
                0x0000000008010e98       0x1c bn_bg_blocks_manager.o
                0x0000000008010e98                bn::regular_bg_map_ptr::big() const
 .text._ZNK2bn20regular_bg_tiles_ptr3cbbEv
                0x0000000008010eb4       0x18 bn_bg_blocks_manager.o
                0x0000000008010eb4                bn::regular_bg_tiles_ptr::cbb() const
 .text._ZN2bn17affine_bg_map_ptrC2ERKS0_
                0x0000000008010ecc       0x20 bn_bg_blocks_manager.o
                0x0000000008010ecc                bn::affine_bg_map_ptr::affine_bg_map_ptr(bn::affine_bg_map_ptr const&)
                0x0000000008010ecc                bn::affine_bg_map_ptr::affine_bg_map_ptr(bn::affine_bg_map_ptr const&)
 .text._ZNK2bn17affine_bg_map_ptr2idEv
                0x0000000008010eec       0x18 bn_bg_blocks_manager.o
                0x0000000008010eec                bn::affine_bg_map_ptr::id() const
 .text._ZNK2bn17affine_bg_map_ptr10dimensionsEv
                0x0000000008010f04       0x20 bn_bg_blocks_manager.o
                0x0000000008010f04                bn::affine_bg_map_ptr::dimensions() const
 .text._ZNK2bn17affine_bg_map_ptr3bigEv
                0x0000000008010f24       0x1c bn_bg_blocks_manager.o
                0x0000000008010f24                bn::affine_bg_map_ptr::big() const
 .text._ZNK2bn19affine_bg_tiles_ptr3cbbEv
                0x0000000008010f40       0x18 bn_bg_blocks_manager.o
                0x0000000008010f40                bn::affine_bg_tiles_ptr::cbb() const
 .text._ZN2bn17bg_blocks_manager10log_statusEv
                0x0000000008010f58      0x440 bn_bg_blocks_manager.o
                0x0000000008010f58                bn::bg_blocks_manager::log_status()
 .text._ZN2bn17bg_blocks_manager15decrease_usagesEi
                0x0000000008011398       0x98 bn_bg_blocks_manager.o
                0x0000000008011398                bn::bg_blocks_manager::decrease_usages(int)
 .text._ZN2bn18regular_bg_map_ptrD2Ev
                0x0000000008011430       0x18 bn_bg_blocks_manager.o
                0x0000000008011430                bn::regular_bg_map_ptr::~regular_bg_map_ptr()
                0x0000000008011430                bn::regular_bg_map_ptr::~regular_bg_map_ptr()
 .text._ZN2bn17affine_bg_map_ptrD2Ev
                0x0000000008011448       0x18 bn_bg_blocks_manager.o
                0x0000000008011448                bn::affine_bg_map_ptr::~affine_bg_map_ptr()
                0x0000000008011448                bn::affine_bg_map_ptr::~affine_bg_map_ptr()
 .text._ZN2bn17bg_blocks_manager12_GLOBAL__N_111static_dataD2Ev
                0x0000000008011460       0x5c bn_bg_blocks_manager.o
 .text._ZN2bn17bg_blocks_manager12_GLOBAL__N_110items_list12insert_afterEiRKNS1_9item_typeE.constprop.0
                0x00000000080114bc      0x254 bn_bg_blocks_manager.o
 .text._ZN2bn17bg_blocks_manager4initEv
                0x0000000008011710       0xb4 bn_bg_blocks_manager.o
                0x0000000008011710                bn::bg_blocks_manager::init()
 .text._ZN2bn17bg_blocks_manager11must_commitEi
                0x00000000080117c4       0x14 bn_bg_blocks_manager.o
                0x00000000080117c4                bn::bg_blocks_manager::must_commit(int)
 .text._ZN2bn17bg_blocks_manager6updateEv
                0x00000000080117d8      0x238 bn_bg_blocks_manager.o
                0x00000000080117d8                bn::bg_blocks_manager::update()
 .text._ZN3_bn6assert9show_argsIA52_ctEEvPKcS4_S4_iRKT_RKT0_
                0x0000000008011a10       0x58 bn_bg_blocks_manager.o
                0x0000000008011a10                void _bn::assert::show_args<char [52], unsigned short>(char const*, char const*, char const*, int, char const (&) [52], unsigned short const&)
 .text._ZN3_bn6assert9show_argsIJA20_ciA4_ctEEEvPKcS5_S5_iDpRKT_
                0x0000000008011a68       0x5c bn_bg_blocks_manager.o
                0x0000000008011a68                void _bn::assert::show_args<char [20], int, char [4], unsigned short>(char const*, char const*, char const*, int, char const (&) [20], int const&, char const (&) [4], unsigned short const&)
 .text._ZN3_bn6assert9show_argsIJA22_ciA4_ciEEEvPKcS5_S5_iDpRKT_
                0x0000000008011ac4       0x5c bn_bg_blocks_manager.o
                0x0000000008011ac4                void _bn::assert::show_args<char [22], int, char [4], int>(char const*, char const*, char const*, int, char const (&) [22], int const&, char const (&) [4], int const&)
 .text._ZN3_bn6assert9show_argsIJA58_ciA4_ciEEEvPKcS5_S5_iDpRKT_
                0x0000000008011b20       0x5c bn_bg_blocks_manager.o
                0x0000000008011b20                void _bn::assert::show_args<char [58], int, char [4], int>(char const*, char const*, char const*, int, char const (&) [58], int const&, char const (&) [4], int const&)
 .text._ZN3_bn6assert9show_argsIA38_cEEvPKcS4_S4_iRKT_
                0x0000000008011b7c       0x50 bn_bg_blocks_manager.o
                0x0000000008011b7c                void _bn::assert::show_args<char [38]>(char const*, char const*, char const*, int, char const (&) [38])
 .text._ZN3_bn6assert9show_argsIA27_ciEEvPKcS4_S4_iRKT_RKT0_
                0x0000000008011bcc       0x58 bn_bg_blocks_manager.o
                0x0000000008011bcc                void _bn::assert::show_args<char [27], int>(char const*, char const*, char const*, int, char const (&) [27], int const&)
 .text._ZN2bn17bg_blocks_manager12_GLOBAL__N_110_hw_commitEPKtNS_16compression_typeEiPt
                0x0000000008011c24       0x50 bn_bg_blocks_manager.o
 .text._ZN3_bn6assert9show_argsIA22_ciEEvPKcS4_S4_iRKT_RKT0_
                0x0000000008011c74       0x58 bn_bg_blocks_manager.o
                0x0000000008011c74                void _bn::assert::show_args<char [22], int>(char const*, char const*, char const*, int, char const (&) [22], int const&)
 .text._ZN3_bn6assert9show_argsIA19_cEEvPKcS4_S4_iRKT_
                0x0000000008011ccc       0x50 bn_bg_blocks_manager.o
                0x0000000008011ccc                void _bn::assert::show_args<char [19]>(char const*, char const*, char const*, int, char const (&) [19])
 .text._ZN2bn17bg_blocks_manager12_GLOBAL__N_116_find_tiles_implEPKtNS_16compression_typeEib
                0x0000000008011d1c       0xec bn_bg_blocks_manager.o
 .text._ZN3_bn6assert9show_argsIJA32_cA15_cPKtA16_ciA17_ciA34_cN2bn11string_viewEEEEvPKcSC_SC_iDpRKT_
                0x0000000008011e08       0x94 bn_bg_blocks_manager.o
                0x0000000008011e08                void _bn::assert::show_args<char [32], char [15], unsigned short const*, char [16], int, char [17], int, char [34], bn::string_view>(char const*, char const*, char const*, int, char const (&) [32], char const (&) [15], unsigned short const* const&, char const (&) [16], int const&, char const (&) [17], int const&, char const (&) [34], bn::string_view const&)
 .text._ZN3_bn6assert9show_argsIJA31_cA15_cPKtA16_ciA17_ciA34_cN2bn11string_viewEEEEvPKcSC_SC_iDpRKT_
                0x0000000008011e9c       0x94 bn_bg_blocks_manager.o
                0x0000000008011e9c                void _bn::assert::show_args<char [31], char [15], unsigned short const*, char [16], int, char [17], int, char [34], bn::string_view>(char const*, char const*, char const*, int, char const (&) [31], char const (&) [15], unsigned short const* const&, char const (&) [16], int const&, char const (&) [17], int const&, char const (&) [34], bn::string_view const&)
 .text._ZN3_bn6assert9show_argsIJA30_cA13_cPKtA14_ciA15_ciA17_ciA34_cN2bn11string_viewEEEEvPKcSD_SD_iDpRKT_
                0x0000000008011f30       0xa8 bn_bg_blocks_manager.o
                0x0000000008011f30                void _bn::assert::show_args<char [30], char [13], unsigned short const*, char [14], int, char [15], int, char [17], int, char [34], bn::string_view>(char const*, char const*, char const*, int, char const (&) [30], char const (&) [13], unsigned short const* const&, char const (&) [14], int const&, char const (&) [15], int const&, char const (&) [17], int const&, char const (&) [34], bn::string_view const&)
 .text._ZN3_bn6assert9show_argsIA31_cEEvPKcS4_S4_iRKT_
                0x0000000008011fd8       0x50 bn_bg_blocks_manager.o
                0x0000000008011fd8                void _bn::assert::show_args<char [31]>(char const*, char const*, char const*, int, char const (&) [31])
 .text._ZN2bn17bg_blocks_manager22set_affine_map_paletteEiONS_14bg_palette_ptrE
                0x0000000008012028       0x9c bn_bg_blocks_manager.o
                0x0000000008012028                bn::bg_blocks_manager::set_affine_map_palette(int, bn::bg_palette_ptr&&)
 .text._ZN3_bn6assert9show_argsIJA29_cA13_cPKhA14_ciA15_ciA17_ciA34_cN2bn11string_viewEEEEvPKcSD_SD_iDpRKT_
                0x00000000080120c4       0xa8 bn_bg_blocks_manager.o
                0x00000000080120c4                void _bn::assert::show_args<char [29], char [13], unsigned char const*, char [14], int, char [15], int, char [17], int, char [34], bn::string_view>(char const*, char const*, char const*, int, char const (&) [29], char const (&) [13], unsigned char const* const&, char const (&) [14], int const&, char const (&) [15], int const&, char const (&) [17], int const&, char const (&) [34], bn::string_view const&)
 .text._ZN3_bn6assert9show_argsIJA37_ciA4_ciEEEvPKcS5_S5_iDpRKT_
                0x000000000801216c       0x5c bn_bg_blocks_manager.o
                0x000000000801216c                void _bn::assert::show_args<char [37], int, char [4], int>(char const*, char const*, char const*, int, char const (&) [37], int const&, char const (&) [4], int const&)
 .text._ZN3_bn6assert9show_argsIA22_cEEvPKcS4_S4_iRKT_
                0x00000000080121c8       0x50 bn_bg_blocks_manager.o
                0x00000000080121c8                void _bn::assert::show_args<char [22]>(char const*, char const*, char const*, int, char const (&) [22])
 .text._ZNK2bn18regular_bg_map_ptr5tilesEv
                0x0000000008012218       0x48 bn_bg_blocks_manager.o
                0x0000000008012218                bn::regular_bg_map_ptr::tiles() const
 .text._ZNK2bn17affine_bg_map_ptr5tilesEv
                0x0000000008012260       0x48 bn_bg_blocks_manager.o
                0x0000000008012260                bn::affine_bg_map_ptr::tiles() const
 .text._ZNK2bn18regular_bg_map_ptr3bppEv
                0x00000000080122a8       0x4c bn_bg_blocks_manager.o
                0x00000000080122a8                bn::regular_bg_map_ptr::bpp() const
 .text._ZN2bn17bg_blocks_manager21update_affine_map_rowEiii
                0x00000000080122f4      0x144 bn_bg_blocks_manager.o
                0x00000000080122f4                bn::bg_blocks_manager::update_affine_map_row(int, int, int)
 .text._ZN2bn17bg_blocks_manager23set_affine_map_positionEiii
                0x0000000008012438      0x1e4 bn_bg_blocks_manager.o
                0x0000000008012438                bn::bg_blocks_manager::set_affine_map_position(int, int, int)
 .text._ZN2bn17bg_blocks_manager20set_affine_map_tilesEiONS_19affine_bg_tiles_ptrE
                0x000000000801261c      0x144 bn_bg_blocks_manager.o
                0x000000000801261c                bn::bg_blocks_manager::set_affine_map_tiles(int, bn::affine_bg_tiles_ptr&&)
 .text._ZN2bn17bg_blocks_manager12_GLOBAL__N_121_find_affine_map_implERKNS_18affine_bg_map_itemEPKhRKNS_19affine_bg_tiles_ptrERKNS_14bg_palette_ptrE
                0x0000000008012760      0x1f4 bn_bg_blocks_manager.o
 .text._ZN2bn17bg_blocks_manager21update_affine_map_colEiii
                0x0000000008012954      0x298 bn_bg_blocks_manager.o
                0x0000000008012954                bn::bg_blocks_manager::update_affine_map_col(int, int, int)
 .text._ZN2bn17bg_blocks_manager22update_regular_map_rowEiii
                0x0000000008012bec      0x17c bn_bg_blocks_manager.o
                0x0000000008012bec                bn::bg_blocks_manager::update_regular_map_row(int, int, int)
 .text._ZN2bn17bg_blocks_manager22update_regular_map_colEiii
                0x0000000008012d68      0x1f8 bn_bg_blocks_manager.o
                0x0000000008012d68                bn::bg_blocks_manager::update_regular_map_col(int, int, int)
 .text._ZN2bn17bg_blocks_manager24set_regular_map_positionEiii
                0x0000000008012f60      0x210 bn_bg_blocks_manager.o
                0x0000000008012f60                bn::bg_blocks_manager::set_regular_map_position(int, int, int)
 .text._ZN2bn17bg_blocks_manager33set_regular_map_tiles_and_paletteEiONS_20regular_bg_tiles_ptrEONS_14bg_palette_ptrE
                0x0000000008013170      0x2e8 bn_bg_blocks_manager.o
                0x0000000008013170                bn::bg_blocks_manager::set_regular_map_tiles_and_palette(int, bn::regular_bg_tiles_ptr&&, bn::bg_palette_ptr&&)
 .text._ZN2bn17bg_blocks_manager21set_regular_map_tilesEiONS_20regular_bg_tiles_ptrE
                0x0000000008013458      0x25c bn_bg_blocks_manager.o
                0x0000000008013458                bn::bg_blocks_manager::set_regular_map_tiles(int, bn::regular_bg_tiles_ptr&&)
 .text._ZN2bn17bg_blocks_manager23set_regular_map_paletteEiONS_14bg_palette_ptrE
                0x00000000080136b4      0x224 bn_bg_blocks_manager.o
                0x00000000080136b4                bn::bg_blocks_manager::set_regular_map_palette(int, bn::bg_palette_ptr&&)
 .text._ZN2bn17bg_blocks_manager12_GLOBAL__N_122_find_regular_map_implERKNS_19regular_bg_map_itemEPKtRKNS_20regular_bg_tiles_ptrERKNS_14bg_palette_ptrE
                0x00000000080138d8      0x27c bn_bg_blocks_manager.o
 .text._ZN2bn17bg_blocks_manager12_GLOBAL__N_112_commit_itemERKNS1_9item_typeE
                0x0000000008013b54      0x180 bn_bg_blocks_manager.o
 .text._ZN2bn17bg_blocks_manager6commitEv
                0x0000000008013cd4       0x48 bn_bg_blocks_manager.o
                0x0000000008013cd4                bn::bg_blocks_manager::commit()
 .text._ZN2bn17bg_blocks_manager12_GLOBAL__N_112_create_itemEiibONS1_11create_dataE
                0x0000000008013d1c      0x3bc bn_bg_blocks_manager.o
 .text._ZN2bn17bg_blocks_manager12_GLOBAL__N_112_create_implEONS1_11create_dataE
                0x00000000080140d8      0x1d4 bn_bg_blocks_manager.o
 .text._ZN2bn17bg_blocks_manager20create_regular_tilesERKNS_21regular_bg_tiles_itemEb
                0x00000000080142ac      0x138 bn_bg_blocks_manager.o
                0x00000000080142ac                bn::bg_blocks_manager::create_regular_tiles(bn::regular_bg_tiles_item const&, bool)
 .text._ZN2bn17bg_blocks_manager19create_affine_tilesERKNS_20affine_bg_tiles_itemEb
                0x00000000080143e4      0x12c bn_bg_blocks_manager.o
                0x00000000080143e4                bn::bg_blocks_manager::create_affine_tiles(bn::affine_bg_tiles_item const&, bool)
 .text._ZN2bn17bg_blocks_manager18create_regular_mapERKNS_19regular_bg_map_itemEPKtONS_20regular_bg_tiles_ptrEONS_14bg_palette_ptrEb
                0x0000000008014510      0x280 bn_bg_blocks_manager.o
                0x0000000008014510                bn::bg_blocks_manager::create_regular_map(bn::regular_bg_map_item const&, unsigned short const*, bn::regular_bg_tiles_ptr&&, bn::bg_palette_ptr&&, bool)
 .text._ZN2bn18regular_bg_map_ptr6createERKNS_15regular_bg_itemEi
                0x0000000008014790       0xcc bn_bg_blocks_manager.o
                0x0000000008014790                bn::regular_bg_map_ptr::create(bn::regular_bg_item const&, int)
 .text._ZN2bn17bg_blocks_manager17create_affine_mapERKNS_18affine_bg_map_itemEPKhONS_19affine_bg_tiles_ptrEONS_14bg_palette_ptrEb
                0x000000000801485c      0x1fc bn_bg_blocks_manager.o
                0x000000000801485c                bn::bg_blocks_manager::create_affine_map(bn::affine_bg_map_item const&, unsigned char const*, bn::affine_bg_tiles_ptr&&, bn::bg_palette_ptr&&, bool)
 .text._ZN2bn17affine_bg_map_ptr6createERKNS_14affine_bg_itemEi
                0x0000000008014a58       0xc8 bn_bg_blocks_manager.o
                0x0000000008014a58                bn::affine_bg_map_ptr::create(bn::affine_bg_item const&, int)
 .text._ZN3_bn6assert9show_argsIA39_ciEEvPKcS4_S4_iRKT_RKT0_
                0x0000000008014b20       0x58 bn_bg_blocks_manager.o
                0x0000000008014b20                void _bn::assert::show_args<char [39], int>(char const*, char const*, char const*, int, char const (&) [39], int const&)
 .text.startup._GLOBAL__sub_I__ZN2bn7bg_maps16used_cells_countEv
                0x0000000008014b78       0x7c bn_bg_blocks_manager.o
 .text._ZN2bn11bgs_manager12_GLOBAL__N_129_check_unique_regular_big_mapERNS1_9item_typeE
                0x0000000008014bf4       0x68 bn_bgs_manager.o
 .text._ZN2bn11bgs_manager12_GLOBAL__N_128_check_unique_affine_big_mapERNS1_9item_typeE
                0x0000000008014c5c       0x68 bn_bgs_manager.o
 .text._ZN2bn11bgs_manager12_GLOBAL__N_111static_dataD2Ev
                0x0000000008014cc4       0x10 bn_bgs_manager.o
 .text._ZN2bn11bgs_manager12_GLOBAL__N_133_update_item_hw_affine_attributesERKNS1_9item_typeE
                0x0000000008014cd4       0x48 bn_bgs_manager.o
 .text._ZN2bn11bgs_manager4initEv
                0x0000000008014d1c       0x8c bn_bgs_manager.o
                0x0000000008014d1c                bn::bgs_manager::init()
 .text._ZN2bn11bgs_manager5hw_idEPv
                0x0000000008014da8        0x8 bn_bgs_manager.o
                0x0000000008014da8                bn::bgs_manager::hw_id(void*)
 .text._ZN2bn11bgs_manager11hw_positionEPv
                0x0000000008014db0        0x4 bn_bgs_manager.o
                0x0000000008014db0                bn::bgs_manager::hw_position(void*)
 .text._ZN2bn11bgs_manager14mat_attributesEPv
                0x0000000008014db4        0x4 bn_bgs_manager.o
                0x0000000008014db4                bn::bgs_manager::mat_attributes(void*)
 .text._ZN2bn11bgs_manager20update_windows_flagsEPj
                0x0000000008014db8       0x7c bn_bgs_manager.o
                0x0000000008014db8                bn::bgs_manager::update_windows_flags(unsigned int*)
 .text._ZN2bn11bgs_manager14update_camerasEv
                0x0000000008014e34      0x14c bn_bgs_manager.o
                0x0000000008014e34                bn::bgs_manager::update_cameras()
 .text._ZN2bn11bgs_manager28update_regular_map_tiles_cbbEii
                0x0000000008014f80       0xa8 bn_bgs_manager.o
                0x0000000008014f80                bn::bgs_manager::update_regular_map_tiles_cbb(int, int)
 .text._ZN2bn11bgs_manager27update_affine_map_tiles_cbbEii
                0x0000000008015028       0xa8 bn_bgs_manager.o
                0x0000000008015028                bn::bgs_manager::update_affine_map_tiles_cbb(int, int)
 .text._ZN2bn11bgs_manager30update_regular_map_palette_bppEiNS_8bpp_modeE
                0x00000000080150d0       0xac bn_bgs_manager.o
                0x00000000080150d0                bn::bgs_manager::update_regular_map_palette_bpp(int, bn::bpp_mode)
 .text._ZN2bn11bgs_manager36fill_hblank_effect_regular_positionsEiPKNS_7fixed_tILi12EEEPt
                0x000000000801517c       0x38 bn_bgs_manager.o
                0x000000000801517c                bn::bgs_manager::fill_hblank_effect_regular_positions(int, bn::fixed_t<12> const*, unsigned short*)
 .text._ZN2bn11bgs_manager45fill_hblank_effect_pivot_horizontal_positionsEPvPKNS_7fixed_tILi12EEEPj
                0x00000000080151b4       0x24 bn_bgs_manager.o
                0x00000000080151b4                bn::bgs_manager::fill_hblank_effect_pivot_horizontal_positions(void*, bn::fixed_t<12> const*, unsigned int*)
 .text._ZN2bn11bgs_manager43fill_hblank_effect_pivot_vertical_positionsEPvPKNS_7fixed_tILi12EEEPj
                0x00000000080151d8       0x24 bn_bgs_manager.o
                0x00000000080151d8                bn::bgs_manager::fill_hblank_effect_pivot_vertical_positions(void*, bn::fixed_t<12> const*, unsigned int*)
 .text._ZN2bn11bgs_manager6commitEb
                0x00000000080151fc       0x58 bn_bgs_manager.o
                0x00000000080151fc                bn::bgs_manager::commit(bool)
 .text._ZN2bn11bgs_manager4stopEv
                0x0000000008015254       0x28 bn_bgs_manager.o
                0x0000000008015254                bn::bgs_manager::stop()
 .text._ZN3_bn6assert9show_argsIA17_ciEEvPKcS4_S4_iRKT_RKT0_
                0x000000000801527c       0x58 bn_bgs_manager.o
                0x000000000801527c                void _bn::assert::show_args<char [17], int>(char const*, char const*, char const*, int, char const (&) [17], int const&)
 .text._ZN3_bn6assert9show_argsIA30_cEEvPKcS4_S4_iRKT_
                0x00000000080152d4       0x50 bn_bgs_manager.o
                0x00000000080152d4                void _bn::assert::show_args<char [30]>(char const*, char const*, char const*, int, char const (&) [30])
 .text._ZN3_bn6assert9show_argsIA27_cEEvPKcS4_S4_iRKT_
                0x0000000008015324       0x50 bn_bgs_manager.o
                0x0000000008015324                void _bn::assert::show_args<char [27]>(char const*, char const*, char const*, int, char const (&) [27])
 .text._ZN3_bn6assert9show_argsIA46_cEEvPKcS4_S4_iRKT_
                0x0000000008015374       0x50 bn_bgs_manager.o
                0x0000000008015374                void _bn::assert::show_args<char [46]>(char const*, char const*, char const*, int, char const (&) [46])
 .text._ZN3_bn6assert9show_argsIA45_cEEvPKcS4_S4_iRKT_
                0x00000000080153c4       0x50 bn_bgs_manager.o
                0x00000000080153c4                void _bn::assert::show_args<char [45]>(char const*, char const*, char const*, int, char const (&) [45])
 .text._ZN2bn11bgs_manager15rebuild_handlesEv.part.0
                0x0000000008015414      0x198 bn_bgs_manager.o
 .text._ZN3_bn6assert9show_argsIA16_cN2bn7fixed_tILi12EEEEEvPKcS7_S7_iRKT_RKT0_
                0x00000000080155ac       0x58 bn_bgs_manager.o
                0x00000000080155ac                void _bn::assert::show_args<char [16], bn::fixed_t<12> >(char const*, char const*, char const*, int, char const (&) [16], bn::fixed_t<12> const&)
 .text._ZN2bn18regular_bg_builder11release_mapEv
                0x0000000008015604       0x78 bn_bgs_manager.o
                0x0000000008015604                bn::regular_bg_builder::release_map()
 .text._ZN2bn11bgs_manager37fill_hblank_effect_regular_attributesEPvPKNS_21regular_bg_attributesEPt
                0x000000000801567c      0x100 bn_bgs_manager.o
                0x000000000801567c                bn::bgs_manager::fill_hblank_effect_regular_attributes(void*, bn::regular_bg_attributes const*, unsigned short*)
 .text._ZN2bn11bgs_manager6updateEv
                0x000000000801577c      0x164 bn_bgs_manager.o
                0x000000000801577c                bn::bgs_manager::update()
 .text._ZN2bn11bgs_manager15commit_big_mapsEv
                0x00000000080158e0      0x1d4 bn_bgs_manager.o
                0x00000000080158e0                bn::bgs_manager::commit_big_maps()
 .text._ZN2bn11bgs_manager12_GLOBAL__N_19item_type18update_regular_mapEv
                0x0000000008015ab4      0x1bc bn_bgs_manager.o
 .text._ZN2bn11bgs_manager12_GLOBAL__N_19item_type17update_affine_mapEb
                0x0000000008015c70      0x2b4 bn_bgs_manager.o
 .text._ZN2bn11bgs_manager12_GLOBAL__N_19item_typeC2EONS_17affine_bg_builderEONS_17affine_bg_map_ptrE.isra.0
                0x0000000008015f24      0x204 bn_bgs_manager.o
 .text._ZN2bn11bgs_manager36fill_hblank_effect_affine_attributesEPvPKNS_20affine_bg_attributesEPt
                0x0000000008016128      0x104 bn_bgs_manager.o
                0x0000000008016128                bn::bgs_manager::fill_hblank_effect_affine_attributes(void*, bn::affine_bg_attributes const*, unsigned short*)
 .text._ZN2bn17affine_bg_builder11release_mapEv
                0x000000000801622c       0x80 bn_bgs_manager.o
                0x000000000801622c                bn::affine_bg_builder::release_map()
 .text._ZN2bn11bgs_manager11regular_mapEPv
                0x00000000080162ac       0x34 bn_bgs_manager.o
                0x00000000080162ac                bn::bgs_manager::regular_map(void*)
 .text._ZN2bn11bgs_manager10affine_mapEPv
                0x00000000080162e0       0x34 bn_bgs_manager.o
                0x00000000080162e0                bn::bgs_manager::affine_map(void*)
 .text._ZN2bn11bgs_manager12_GLOBAL__N_112_insert_itemERNS1_9item_typeE
                0x0000000008016314      0x100 bn_bgs_manager.o
 .text._ZN3_bn6assert9show_argsIA13_cEEvPKcS4_S4_iRKT_
                0x0000000008016414       0x50 bn_bgs_manager.o
                0x0000000008016414                void _bn::assert::show_args<char [13]>(char const*, char const*, char const*, int, char const (&) [13])
 .text._ZN2bn11bgs_manager6createEONS_17affine_bg_builderE
                0x0000000008016464       0xc8 bn_bgs_manager.o
                0x0000000008016464                bn::bgs_manager::create(bn::affine_bg_builder&&)
 .text._ZN2bn13affine_bg_ptr6createERKNS_17affine_bg_builderE
                0x000000000801652c       0xbc bn_bgs_manager.o
                0x000000000801652c                bn::affine_bg_ptr::create(bn::affine_bg_builder const&)
 .text._ZNK2bn17affine_bg_builder5buildEv
                0x00000000080165e8       0x10 bn_bgs_manager.o
                0x00000000080165e8                bn::affine_bg_builder::build() const
 .text._ZN2bn11bgs_manager6createEONS_18regular_bg_builderE
                0x00000000080165f8      0x1e4 bn_bgs_manager.o
                0x00000000080165f8                bn::bgs_manager::create(bn::regular_bg_builder&&)
 .text._ZNK2bn15regular_bg_item9create_bgENS_7fixed_tILi12EEES2_
                0x00000000080167dc       0x78 bn_bgs_manager.o
                0x00000000080167dc                bn::regular_bg_item::create_bg(bn::fixed_t<12>, bn::fixed_t<12>) const
 .text._ZN2bn5eraseIPNS_11bgs_manager12_GLOBAL__N_19item_typeEEENS_7ivectorIT_E9size_typeERS7_RKS6_.constprop.0.isra.0
                0x0000000008016854      0x150 bn_bgs_manager.o
 .text._ZN2bn11bgs_manager15decrease_usagesEPv
                0x00000000080169a4       0xa8 bn_bgs_manager.o
                0x00000000080169a4                bn::bgs_manager::decrease_usages(void*)
 .text._ZN2bn13affine_bg_ptrD2Ev
                0x0000000008016a4c       0x18 bn_bgs_manager.o
                0x0000000008016a4c                bn::affine_bg_ptr::~affine_bg_ptr()
                0x0000000008016a4c                bn::affine_bg_ptr::~affine_bg_ptr()
 .text._ZN2bn14regular_bg_ptrD2Ev
                0x0000000008016a64       0x18 bn_bgs_manager.o
                0x0000000008016a64                bn::regular_bg_ptr::~regular_bg_ptr()
                0x0000000008016a64                bn::regular_bg_ptr::~regular_bg_ptr()
 .text._ZN2bn13affine_bg_ptr12set_priorityEi
                0x0000000008016a7c       0x68 bn_bgs_manager.o
                0x0000000008016a7c                bn::affine_bg_ptr::set_priority(int)
 .text._ZN2bn14regular_bg_ptr12set_priorityEi
                0x0000000008016ae4       0x68 bn_bgs_manager.o
                0x0000000008016ae4                bn::regular_bg_ptr::set_priority(int)
 .text.startup._GLOBAL__sub_I__ZN2bn3bgs16used_items_countEv
                0x0000000008016b4c       0x90 bn_bgs_manager.o
 .text._ZN2bn10camera_ptrC2ERKS0_
                0x0000000008016bdc       0x20 bn_cameras_manager.o
                0x0000000008016bdc                bn::camera_ptr::camera_ptr(bn::camera_ptr const&)
                0x0000000008016bdc                bn::camera_ptr::camera_ptr(bn::camera_ptr const&)
 .text._ZN2bn10camera_ptrD2Ev
                0x0000000008016bfc       0x38 bn_cameras_manager.o
                0x0000000008016bfc                bn::camera_ptr::~camera_ptr()
                0x0000000008016bfc                bn::camera_ptr::~camera_ptr()
 .text._ZNK2bn10camera_ptr8positionEv
                0x0000000008016c34       0x14 bn_cameras_manager.o
                0x0000000008016c34                bn::camera_ptr::position() const
 .text._ZN2bn15cameras_manager4initEv
                0x0000000008016c48       0x24 bn_cameras_manager.o
                0x0000000008016c48                bn::cameras_manager::init()
 .text._ZN2bn15cameras_manager6updateEv
                0x0000000008016c6c       0x28 bn_cameras_manager.o
                0x0000000008016c6c                bn::cameras_manager::update()
 .text.startup._GLOBAL__sub_I__ZN2bn7cameras16used_items_countEv
                0x0000000008016c94       0x24 bn_cameras_manager.o
 .text._ZN2bn4core12_GLOBAL__N_14stopEb
                0x0000000008016cb8       0x54 bn_core.o
 .text._ZN2bn4core12_GLOBAL__N_111update_implEv
                0x0000000008016d0c       0xd8 bn_core.o
 .text._ZN2bn11string_viewC2EPKc
                0x0000000008016de4       0x1c bn_core.o
                0x0000000008016de4                bn::string_view::string_view(char const*)
                0x0000000008016de4                bn::string_view::string_view(char const*)
 .text._ZN3_bn6assert12_GLOBAL__N_110_show_implEPKcS3_S3_iRKN2bn11string_viewE
                0x0000000008016e00       0x80 bn_core.o
 .text._ZN2bn4core6updateEv
                0x0000000008016e80       0x68 bn_core.o
                0x0000000008016e80                bn::core::update()
 .text._ZN2bn4core4initERKNS_11string_viewE
                0x0000000008016ee8      0x124 bn_core.o
                0x0000000008016ee8                bn::core::init(bn::string_view const&)
 .text._ZN2bn4core4initEv
                0x000000000801700c       0x18 bn_core.o
                0x000000000801700c                bn::core::init()
 .text._ZN2bn4core9on_vblankEv
                0x0000000008017024       0x2c bn_core.o
                0x0000000008017024                bn::core::on_vblank()
 .text._ZN3_bn6assert4showEPKcS2_S2_iRKN2bn12istring_baseE
                0x0000000008017050       0x18 bn_core.o
                0x0000000008017050                _bn::assert::show(char const*, char const*, char const*, int, bn::istring_base const&)
 .text.startup._GLOBAL__sub_I__ZN2bn4core4initEv
                0x0000000008017068       0x4c bn_core.o
 .text._ZN2bn15display_manager12_GLOBAL__N_111static_dataD2Ev
                0x00000000080170b4       0x34 bn_display_manager.o
 .text._ZN2bn15display_manager12_GLOBAL__N_134_update_rect_windows_hw_boundariesEi
                0x00000000080170e8       0x84 bn_display_manager.o
 .text._ZN2bn15display_manager4initEv
                0x000000000801716c       0x98 bn_display_manager.o
                0x000000000801716c                bn::display_manager::init()
 .text._ZN2bn15display_manager8set_modeEi
                0x0000000008017204       0x1c bn_display_manager.o
                0x0000000008017204                bn::display_manager::set_mode(int)
 .text._ZN2bn15display_manager14set_bg_enabledEib
                0x0000000008017220       0x1c bn_display_manager.o
                0x0000000008017220                bn::display_manager::set_bg_enabled(int, bool)
 .text._ZN2bn15display_manager15disable_all_bgsEv
                0x000000000801723c       0x18 bn_display_manager.o
                0x000000000801723c                bn::display_manager::disable_all_bgs()
 .text._ZN2bn15display_manager36fill_mosaic_hblank_effect_attributesEPKNS_17mosaic_attributesEPt
                0x0000000008017254       0xb4 bn_display_manager.o
                0x0000000008017254                bn::display_manager::fill_mosaic_hblank_effect_attributes(bn::mosaic_attributes const*, unsigned short*)
 .text._ZN2bn15display_manager23set_blending_bg_enabledEib
                0x0000000008017308       0x1c bn_display_manager.o
                0x0000000008017308                bn::display_manager::set_blending_bg_enabled(int, bool)
 .text._ZN2bn15display_manager32blending_transparency_top_weightEv
                0x0000000008017324       0x18 bn_display_manager.o
                0x0000000008017324                bn::display_manager::blending_transparency_top_weight()
 .text._ZN2bn15display_manager35blending_transparency_bottom_weightEv
                0x000000000801733c       0x28 bn_display_manager.o
                0x000000000801733c                bn::display_manager::blending_transparency_bottom_weight()
 .text._ZN2bn15display_manager51fill_blending_transparency_hblank_effect_attributesEPKNS_32blending_transparency_attributesEPt
                0x0000000008017364       0x30 bn_display_manager.o
                0x0000000008017364                bn::display_manager::fill_blending_transparency_hblank_effect_attributes(bn::blending_transparency_attributes const*, unsigned short*)
 .text._ZN2bn15display_manager21blending_fade_enabledEv
                0x0000000008017394        0xc bn_display_manager.o
                0x0000000008017394                bn::display_manager::blending_fade_enabled()
 .text._ZN2bn15display_manager39fill_blending_fade_hblank_effect_alphasEPKNS_19blending_fade_alphaEPt
                0x00000000080173a0       0x24 bn_display_manager.o
                0x00000000080173a0                bn::display_manager::fill_blending_fade_hblank_effect_alphas(bn::blending_fade_alpha const*, unsigned short*)
 .text._ZN2bn15display_manager26update_windows_visible_bgsEv
                0x00000000080173c4       0x14 bn_display_manager.o
                0x00000000080173c4                bn::display_manager::update_windows_visible_bgs()
 .text._ZN2bn15display_manager36rect_window_hw_horizontal_boundariesEi
                0x00000000080173d8       0x14 bn_display_manager.o
                0x00000000080173d8                bn::display_manager::rect_window_hw_horizontal_boundaries(int)
 .text._ZN2bn15display_manager34rect_window_hw_vertical_boundariesEi
                0x00000000080173ec       0x14 bn_display_manager.o
                0x00000000080173ec                bn::display_manager::rect_window_hw_vertical_boundaries(int)
 .text._ZN2bn15display_manager52fill_rect_window_hblank_effect_horizontal_boundariesERKNS_4pairIiiEEPKNS1_INS_7fixed_tILi12EEES6_EEPt
                0x0000000008017400      0x13c bn_display_manager.o
                0x0000000008017400                bn::display_manager::fill_rect_window_hblank_effect_horizontal_boundaries(bn::pair<int, int> const&, bn::pair<bn::fixed_t<12>, bn::fixed_t<12> > const*, unsigned short*)
 .text._ZN2bn15display_manager50fill_rect_window_hblank_effect_vertical_boundariesERKNS_4pairIiiEEPKNS1_INS_7fixed_tILi12EEES6_EEPt
                0x000000000801753c      0x13c bn_display_manager.o
                0x000000000801753c                bn::display_manager::fill_rect_window_hblank_effect_vertical_boundaries(bn::pair<int, int> const&, bn::pair<bn::fixed_t<12>, bn::fixed_t<12> > const*, unsigned short*)
 .text._ZN2bn15display_manager36fill_green_swap_hblank_effect_statesEPKbPt
                0x0000000008017678       0x38 bn_display_manager.o
                0x0000000008017678                bn::display_manager::fill_green_swap_hblank_effect_states(bool const*, unsigned short*)
 .text._ZN2bn15display_manager14update_camerasEv
                0x00000000080176b0       0x40 bn_display_manager.o
                0x00000000080176b0                bn::display_manager::update_cameras()
 .text._ZN2bn15display_manager6updateEv
                0x00000000080176f0      0x214 bn_display_manager.o
                0x00000000080176f0                bn::display_manager::update()
 .text._ZN2bn15display_manager6commitEv
                0x0000000008017904      0x130 bn_display_manager.o
                0x0000000008017904                bn::display_manager::commit()
 .text._ZN2bn15display_manager4stopEv
                0x0000000008017a34       0x2c bn_display_manager.o
                0x0000000008017a34                bn::display_manager::stop()
 .text._ZN3_bn6assert9show_argsIA66_cEEvPKcS4_S4_iRKT_
                0x0000000008017a60       0x50 bn_display_manager.o
                0x0000000008017a60                void _bn::assert::show_args<char [66]>(char const*, char const*, char const*, int, char const (&) [66])
 .text._ZN3_bn6assert9show_argsIA29_cN2bn7fixed_tILi12EEEEEvPKcS7_S7_iRKT_RKT0_
                0x0000000008017ab0       0x58 bn_display_manager.o
                0x0000000008017ab0                void _bn::assert::show_args<char [29], bn::fixed_t<12> >(char const*, char const*, char const*, int, char const (&) [29], bn::fixed_t<12> const&)
 .text._ZN2bn8blending22set_transparency_alphaENS_7fixed_tILi12EEE
                0x0000000008017b08       0x94 bn_display_manager.o
                0x0000000008017b08                bn::blending::set_transparency_alpha(bn::fixed_t<12>)
 .text.startup._GLOBAL__sub_I__ZNK2bn6window7show_bgERKNS_14regular_bg_ptrE
                0x0000000008017b9c       0x88 bn_display_manager.o
 .text._ZN2bn18igeneric_pool_baseC2EPci
                0x0000000008017c24       0x10 bn_generic_pool.o
                0x0000000008017c24                bn::igeneric_pool_base::igeneric_pool_base(char*, int)
                0x0000000008017c24                bn::igeneric_pool_base::igeneric_pool_base(char*, int)
 .text._ZN2bn18igeneric_pool_base5_freeEPc
                0x0000000008017c34       0x10 bn_generic_pool.o
                0x0000000008017c34                bn::igeneric_pool_base::_free(char*)
 .text._ZN3_bn6assert9show_argsIA18_cEEvPKcS4_S4_iRKT_
                0x0000000008017c44       0x50 bn_generic_pool.o
                0x0000000008017c44                void _bn::assert::show_args<char [18]>(char const*, char const*, char const*, int, char const (&) [18])
 .text._ZN2bn18igeneric_pool_baseD2Ev
                0x0000000008017c94       0x30 bn_generic_pool.o
                0x0000000008017c94                bn::igeneric_pool_base::~igeneric_pool_base()
                0x0000000008017c94                bn::igeneric_pool_base::~igeneric_pool_base()
 .text._ZN2bn18igeneric_pool_base9_allocateEv
                0x0000000008017cc4       0x48 bn_generic_pool.o
                0x0000000008017cc4                bn::igeneric_pool_base::_allocate()
 .text._ZN2bn12gpio_manager5sleepEv
                0x0000000008017d0c       0x28 bn_gpio_manager.o
                0x0000000008017d0c                bn::gpio_manager::sleep()
 .text._ZN2bn22hblank_effects_manager12_GLOBAL__N_19item_type18_output_values_ptrEv
                0x0000000008017d34       0x40 bn_hblank_effects_manager.o
 .text._ZN2bn22hblank_effects_manager7disableEv
                0x0000000008017d74       0x24 bn_hblank_effects_manager.o
                0x0000000008017d74                bn::hblank_effects_manager::disable()
 .text._ZN2bn22hblank_effects_manager6commitEv
                0x0000000008017d98       0x74 bn_hblank_effects_manager.o
                0x0000000008017d98                bn::hblank_effects_manager::commit()
 .text._ZN2bn22hblank_effects_manager12_GLOBAL__N_110_is_uint32ENS0_12handler_typeE
                0x0000000008017e0c       0x64 bn_hblank_effects_manager.o
 .text._ZN2bn22hblank_effects_manager12_GLOBAL__N_19item_type12check_updateEv
                0x0000000008017e70     0x16d8 bn_hblank_effects_manager.o
 .text._ZN2bn22hblank_effects_manager6updateEv
                0x0000000008019548      0x1ec bn_hblank_effects_manager.o
                0x0000000008019548                bn::hblank_effects_manager::update()
 .text._ZN2bn22hblank_effects_manager4initEv
                0x0000000008019734      0x190 bn_hblank_effects_manager.o
                0x0000000008019734                bn::hblank_effects_manager::init()
 .text.startup._GLOBAL__sub_I__ZN2bn4hbes10used_countEv
                0x00000000080198c4       0xe8 bn_hblank_effects_manager.o
 .text._ZN2bn12hdma_manager4initEv
                0x00000000080199ac       0x40 bn_hdma_manager.o
                0x00000000080199ac                bn::hdma_manager::init()
 .text._ZN2bn12hdma_manager10force_stopEv
                0x00000000080199ec       0x3c bn_hdma_manager.o
                0x00000000080199ec                bn::hdma_manager::force_stop()
 .text._ZN2bn12hdma_manager7disableEv
                0x0000000008019a28       0x30 bn_hdma_manager.o
                0x0000000008019a28                bn::hdma_manager::disable()
 .text._ZN2bn12hdma_manager6updateEv
                0x0000000008019a58       0x6c bn_hdma_manager.o
                0x0000000008019a58                bn::hdma_manager::update()
 .text._ZN2bn12hdma_manager6commitEb
                0x0000000008019ac4      0x118 bn_hdma_manager.o
                0x0000000008019ac4                bn::hdma_manager::commit(bool)
 .text.startup._GLOBAL__sub_I__ZN2bn4hdma7runningEv
                0x0000000008019bdc       0x34 bn_hdma_manager.o
 .text._ZN2bn6keypad9a_pressedEv
                0x0000000008019c10       0x10 bn_keypad_manager.o
                0x0000000008019c10                bn::keypad::a_pressed()
 .text._ZN2bn6keypad9b_pressedEv
                0x0000000008019c20       0x10 bn_keypad_manager.o
                0x0000000008019c20                bn::keypad::b_pressed()
 .text._ZN2bn6keypad13right_pressedEv
                0x0000000008019c30       0x10 bn_keypad_manager.o
                0x0000000008019c30                bn::keypad::right_pressed()
 .text._ZN2bn6keypad12left_pressedEv
                0x0000000008019c40       0x10 bn_keypad_manager.o
                0x0000000008019c40                bn::keypad::left_pressed()
 .text._ZN2bn6keypad7up_heldEv
                0x0000000008019c50       0x10 bn_keypad_manager.o
                0x0000000008019c50                bn::keypad::up_held()
 .text._ZN2bn6keypad10up_pressedEv
                0x0000000008019c60       0x10 bn_keypad_manager.o
                0x0000000008019c60                bn::keypad::up_pressed()
 .text._ZN2bn6keypad9down_heldEv
                0x0000000008019c70       0x10 bn_keypad_manager.o
                0x0000000008019c70                bn::keypad::down_held()
 .text._ZN2bn6keypad12down_pressedEv
                0x0000000008019c80       0x10 bn_keypad_manager.o
                0x0000000008019c80                bn::keypad::down_pressed()
 .text._ZN2bn6keypad9l_pressedEv
                0x0000000008019c90       0x10 bn_keypad_manager.o
                0x0000000008019c90                bn::keypad::l_pressed()
 .text._ZN2bn6keypad10l_releasedEv
                0x0000000008019ca0       0x10 bn_keypad_manager.o
                0x0000000008019ca0                bn::keypad::l_released()
 .text._ZN2bn14keypad_manager4stopEv
                0x0000000008019cb0        0x4 bn_keypad_manager.o
                0x0000000008019cb0                bn::keypad_manager::stop()
 .text._ZN2bn14keypad_manager6updateEv
                0x0000000008019cb4       0xa8 bn_keypad_manager.o
                0x0000000008019cb4                bn::keypad_manager::update()
 .text._ZN2bn14keypad_manager4initERKNS_11string_viewE
                0x0000000008019d5c       0x64 bn_keypad_manager.o
                0x0000000008019d5c                bn::keypad_manager::init(bn::string_view const&)
 .text._ZN2bn12link_manager4initEv
                0x0000000008019dc0        0xc bn_link_manager.o
                0x0000000008019dc0                bn::link_manager::init()
 .text._ZN2bn12link_manager6activeEv
                0x0000000008019dcc        0xc bn_link_manager.o
                0x0000000008019dcc                bn::link_manager::active()
 .text._ZN2bn12link_manager7disableEv
                0x0000000008019dd8       0x18 bn_link_manager.o
                0x0000000008019dd8                bn::link_manager::disable()
 .text._ZN2bn3logERKNS_12istring_baseE
                0x0000000008019df0       0x58 bn_log.o
                0x0000000008019df0                bn::log(bn::istring_base const&)
 .text._ZN3_bn9sqrt_implEi
                0x0000000008019e48       0x18 bn_math.o
                0x0000000008019e48                _bn::sqrt_impl(int)
 .text._ZN2bn14memory_manager12_GLOBAL__N_111static_dataD2Ev
                0x0000000008019e60       0x10 bn_memory_manager.o
 .text._ZdlPvj  0x0000000008019e70       0x18 bn_memory_manager.o
                0x0000000008019e70                operator delete(void*, unsigned int)
 .text._ZN2bn14memory_manager4initEv
                0x0000000008019e88       0x2c bn_memory_manager.o
                0x0000000008019e88                bn::memory_manager::init()
 .text._ZN3_bn6assert9show_argsIA35_cjEEvPKcS4_S4_iRKT_RKT0_
                0x0000000008019eb4       0x58 bn_memory_manager.o
                0x0000000008019eb4                void _bn::assert::show_args<char [35], unsigned int>(char const*, char const*, char const*, int, char const (&) [35], unsigned int const&)
 .text._Znwj    0x0000000008019f0c       0x40 bn_memory_manager.o
                0x0000000008019f0c                operator new(unsigned int)
 .text.startup._GLOBAL__sub_I__Znwj
                0x0000000008019f4c       0x20 bn_memory_manager.o
 .text._ZN2bn16palettes_manager12_GLOBAL__N_111static_dataD2Ev
                0x0000000008019f6c        0x4 bn_palettes_manager.o
 .text._ZN2bn2hw8palettes9grayscaleEPKNS_5colorEiiPS2_.part.0
                0x0000000008019f70       0x40 bn_palettes_manager.o
 .text._ZN2bn14bg_palette_ptrC2ERKS0_
                0x0000000008019fb0       0x2c bn_palettes_manager.o
                0x0000000008019fb0                bn::bg_palette_ptr::bg_palette_ptr(bn::bg_palette_ptr const&)
                0x0000000008019fb0                bn::bg_palette_ptr::bg_palette_ptr(bn::bg_palette_ptr const&)
 .text._ZNK2bn14bg_palette_ptr3bppEv
                0x0000000008019fdc       0x20 bn_palettes_manager.o
                0x0000000008019fdc                bn::bg_palette_ptr::bpp() const
 .text._ZN2bn18sprite_palette_ptrC2ERKS0_
                0x0000000008019ffc       0x1c bn_palettes_manager.o
                0x0000000008019ffc                bn::sprite_palette_ptr::sprite_palette_ptr(bn::sprite_palette_ptr const&)
                0x0000000008019ffc                bn::sprite_palette_ptr::sprite_palette_ptr(bn::sprite_palette_ptr const&)
 .text._ZNK2bn18sprite_palette_ptr3bppEv
                0x000000000801a018       0x1c bn_palettes_manager.o
                0x000000000801a018                bn::sprite_palette_ptr::bpp() const
 .text._ZNK2bn13palettes_bank10log_statusEv
                0x000000000801a034      0x188 bn_palettes_manager.o
                0x000000000801a034                bn::palettes_bank::log_status() const
 .text._ZN2bn13palettes_bank10find_bpp_4ERKNS_4spanIKNS_5colorEEEt
                0x000000000801a1bc      0x11c bn_palettes_manager.o
                0x000000000801a1bc                bn::palettes_bank::find_bpp_4(bn::span<bn::color const> const&, unsigned short)
 .text._ZNK2bn13palettes_bank20retrieve_commit_dataEv
                0x000000000801a2d8       0x4c bn_palettes_manager.o
                0x000000000801a2d8                bn::palettes_bank::retrieve_commit_data() const
 .text._ZNK2bn13palettes_bank21_apply_global_effectsEiPNS_5colorE
                0x000000000801a324      0x13c bn_palettes_manager.o
                0x000000000801a324                bn::palettes_bank::_apply_global_effects(int, bn::color*) const
 .text._ZNK2bn13palettes_bank25fill_hblank_effect_colorsEPKNS_5colorEPt
                0x000000000801a460       0x30 bn_palettes_manager.o
                0x000000000801a460                bn::palettes_bank::fill_hblank_effect_colors(bn::color const*, unsigned short*) const
 .text._ZNK2bn13palettes_bank7palette13apply_effectsEiPNS_5colorE
                0x000000000801a490       0xbc bn_palettes_manager.o
                0x000000000801a490                bn::palettes_bank::palette::apply_effects(int, bn::color*) const
 .text._ZNK2bn13palettes_bank25fill_hblank_effect_colorsEiPKNS_5colorEPt
                0x000000000801a54c       0x44 bn_palettes_manager.o
                0x000000000801a54c                bn::palettes_bank::fill_hblank_effect_colors(int, bn::color const*, unsigned short*) const
 .text._ZN2bn13palettes_bank15_update_paletteEi
                0x000000000801a590       0x6c bn_palettes_manager.o
                0x000000000801a590                bn::palettes_bank::_update_palette(int)
 .text._ZN2bn13palettes_bank6updateEv
                0x000000000801a5fc      0x130 bn_palettes_manager.o
                0x000000000801a5fc                bn::palettes_bank::update()
 .text._ZN2bn13palettes_bankC2Ev
                0x000000000801a72c       0xd4 bn_palettes_manager.o
                0x000000000801a72c                bn::palettes_bank::palettes_bank()
                0x000000000801a72c                bn::palettes_bank::palettes_bank()
 .text._ZN2bn16palettes_manager4initEv
                0x000000000801a800      0x16c bn_palettes_manager.o
                0x000000000801a800                bn::palettes_manager::init()
 .text._ZN2bn16palettes_manager20sprite_palettes_bankEv
                0x000000000801a96c        0x8 bn_palettes_manager.o
                0x000000000801a96c                bn::palettes_manager::sprite_palettes_bank()
 .text._ZN2bn16palettes_manager16bg_palettes_bankEv
                0x000000000801a974        0x8 bn_palettes_manager.o
                0x000000000801a974                bn::palettes_manager::bg_palettes_bank()
 .text._ZN2bn16palettes_manager6updateEv
                0x000000000801a97c       0x20 bn_palettes_manager.o
                0x000000000801a97c                bn::palettes_manager::update()
 .text._ZN2bn16palettes_manager6commitEb
                0x000000000801a99c      0x108 bn_palettes_manager.o
                0x000000000801a99c                bn::palettes_manager::commit(bool)
 .text._ZN2bn16palettes_manager4stopEv
                0x000000000801aaa4       0x20 bn_palettes_manager.o
                0x000000000801aaa4                bn::palettes_manager::stop()
 .text._ZN3_bn6assert9show_argsIA35_cEEvPKcS4_S4_iRKT_
                0x000000000801aac4       0x50 bn_palettes_manager.o
                0x000000000801aac4                void _bn::assert::show_args<char [35]>(char const*, char const*, char const*, int, char const (&) [35])
 .text._ZN2bn13palettes_bank11colors_hashERKNS_4spanIKNS_5colorEEE
                0x000000000801ab14       0x48 bn_palettes_manager.o
                0x000000000801ab14                bn::palettes_bank::colors_hash(bn::span<bn::color const> const&)
 .text._ZN3_bn6assert9show_argsIJA43_ciA36_cA42_cEEEvPKcS6_S6_iDpRKT_
                0x000000000801ab5c       0x68 bn_palettes_manager.o
                0x000000000801ab5c                void _bn::assert::show_args<char [43], int, char [36], char [42]>(char const*, char const*, char const*, int, char const (&) [43], int const&, char const (&) [36], char const (&) [42])
 .text._ZN2bn13palettes_bank12create_bpp_8ERKNS_4spanIKNS_5colorEEENS_16compression_typeEb
                0x000000000801abc4      0x22c bn_palettes_manager.o
                0x000000000801abc4                bn::palettes_bank::create_bpp_8(bn::span<bn::color const> const&, bn::compression_type, bool)
 .text._ZNK2bn15bg_palette_item10decompressENS_4spanINS_5colorEEE
                0x000000000801adf0      0x174 bn_palettes_manager.o
                0x000000000801adf0                bn::bg_palette_item::decompress(bn::span<bn::color>) const
 .text._ZNK2bn19sprite_palette_item10decompressENS_4spanINS_5colorEEE
                0x000000000801af64      0x174 bn_palettes_manager.o
                0x000000000801af64                bn::sprite_palette_item::decompress(bn::span<bn::color>) const
 .text._ZN2bn13palettes_bank12create_bpp_4ERKNS_4spanIKNS_5colorEEEtb
                0x000000000801b0d8      0x298 bn_palettes_manager.o
                0x000000000801b0d8                bn::palettes_bank::create_bpp_4(bn::span<bn::color const> const&, unsigned short, bool)
 .text._ZN2bn12_GLOBAL__N_112_create_implERKNS_15bg_palette_itemEb
                0x000000000801b370       0x94 bn_palettes_manager.o
 .text._ZN2bn14bg_palette_ptr6createERKNS_15bg_palette_itemE
                0x000000000801b404       0x54 bn_palettes_manager.o
                0x000000000801b404                bn::bg_palette_ptr::create(bn::bg_palette_item const&)
 .text._ZNK2bn15bg_palette_item14create_paletteEv
                0x000000000801b458       0x10 bn_palettes_manager.o
                0x000000000801b458                bn::bg_palette_item::create_palette() const
 .text._ZN2bn12_GLOBAL__N_112_create_implERKNS_19sprite_palette_itemEb
                0x000000000801b468       0x7c bn_palettes_manager.o
 .text._ZNK2bn19sprite_palette_item14create_paletteEv
                0x000000000801b4e4       0x48 bn_palettes_manager.o
                0x000000000801b4e4                bn::sprite_palette_item::create_palette() const
 .text._ZNK2bn19sprite_palette_item18create_new_paletteEv
                0x000000000801b52c       0x8c bn_palettes_manager.o
                0x000000000801b52c                bn::sprite_palette_item::create_new_palette() const
 .text._ZN2bn14iunordered_mapItsNS_15identity_hasherENS_8equal_toItEEE5eraseERKNS4_14const_iteratorE.isra.0
                0x000000000801b5b8      0x1b4 bn_palettes_manager.o
 .text._ZN2bn13palettes_bank15decrease_usagesEi.part.0
                0x000000000801b76c       0xdc bn_palettes_manager.o
 .text._ZN2bn18sprite_palette_ptrD2Ev
                0x000000000801b848       0x30 bn_palettes_manager.o
                0x000000000801b848                bn::sprite_palette_ptr::~sprite_palette_ptr()
                0x000000000801b848                bn::sprite_palette_ptr::~sprite_palette_ptr()
 .text._ZN2bn14bg_palette_ptrD2Ev
                0x000000000801b878       0x3c bn_palettes_manager.o
                0x000000000801b878                bn::bg_palette_ptr::~bg_palette_ptr()
                0x000000000801b878                bn::bg_palette_ptr::~bg_palette_ptr()
 .text._ZN2bn14bg_palette_ptraSERKS0_
                0x000000000801b8b4       0x5c bn_palettes_manager.o
                0x000000000801b8b4                bn::bg_palette_ptr::operator=(bn::bg_palette_ptr const&)
 .text._ZN2bn18sprite_palette_ptr4findERKNS_19sprite_palette_itemE
                0x000000000801b910      0x134 bn_palettes_manager.o
                0x000000000801b910                bn::sprite_palette_ptr::find(bn::sprite_palette_item const&)
 .text._ZNK2bn19sprite_palette_item12find_paletteEv
                0x000000000801ba44       0x10 bn_palettes_manager.o
                0x000000000801ba44                bn::sprite_palette_item::find_palette() const
 .text.startup._GLOBAL__sub_I__ZN2bn11bg_palettes17used_colors_countEv
                0x000000000801ba54       0x34 bn_palettes_manager.o
 .text._ZN2bn26sprite_affine_mats_manager12_GLOBAL__N_119_sprite_double_sizeILi32ELi16EEEbiiiii
                0x000000000801ba88       0x84 bn_sprite_affine_mats_manager.o
 .text._ZN2bn26sprite_affine_mats_manager12_GLOBAL__N_119_sprite_double_sizeILi16ELi32EEEbiiiii
                0x000000000801bb0c       0x84 bn_sprite_affine_mats_manager.o
 .text._ZNK2bn26sprite_affine_mats_manager12_GLOBAL__N_19item_type18sprite_double_sizeEiRKNS_17sprite_shape_sizeE
                0x000000000801bb90      0x1c0 bn_sprite_affine_mats_manager.o
 .text._ZN2bn26sprite_affine_mats_manager12_GLOBAL__N_111static_dataD2Ev
                0x000000000801bd50       0x44 bn_sprite_affine_mats_manager.o
 .text._ZNK2bn21sprite_affine_mat_ptr15horizontal_flipEv
                0x000000000801bd94       0x18 bn_sprite_affine_mats_manager.o
                0x000000000801bd94                bn::sprite_affine_mat_ptr::horizontal_flip() const
 .text._ZNK2bn21sprite_affine_mat_ptr13vertical_flipEv
                0x000000000801bdac       0x18 bn_sprite_affine_mats_manager.o
                0x000000000801bdac                bn::sprite_affine_mat_ptr::vertical_flip() const
 .text._ZNK2bn21sprite_affine_mat_ptr16flipped_identityEv
                0x000000000801bdc4       0x14 bn_sprite_affine_mats_manager.o
                0x000000000801bdc4                bn::sprite_affine_mat_ptr::flipped_identity() const
 .text._ZN2bn26sprite_affine_mats_manager13attach_spriteEiRNS_24intrusive_list_node_typeE
                0x000000000801bdd8       0x2c bn_sprite_affine_mats_manager.o
                0x000000000801bdd8                bn::sprite_affine_mats_manager::attach_sprite(int, bn::intrusive_list_node_type&)
 .text._ZN2bn26sprite_affine_mats_manager18sprite_double_sizeEiRKNS_17sprite_shape_sizeE
                0x000000000801be04       0x48 bn_sprite_affine_mats_manager.o
                0x000000000801be04                bn::sprite_affine_mats_manager::sprite_double_size(int, bn::sprite_shape_size const&)
 .text._ZN2bn26sprite_affine_mats_manager20retrieve_commit_dataEv
                0x000000000801be4c       0x38 bn_sprite_affine_mats_manager.o
                0x000000000801be4c                bn::sprite_affine_mats_manager::retrieve_commit_data()
 .text._ZN3_bn6assert9show_argsIA37_cEEvPKcS4_S4_iRKT_
                0x000000000801be84       0x50 bn_sprite_affine_mats_manager.o
                0x000000000801be84                void _bn::assert::show_args<char [37]>(char const*, char const*, char const*, int, char const (&) [37])
 .text._ZN2bn26sprite_affine_mats_manager15decrease_usagesEi.part.0
                0x000000000801bed4       0x70 bn_sprite_affine_mats_manager.o
 .text._ZN2bn21sprite_affine_mat_ptrD2Ev
                0x000000000801bf44       0x34 bn_sprite_affine_mats_manager.o
                0x000000000801bf44                bn::sprite_affine_mat_ptr::~sprite_affine_mat_ptr()
                0x000000000801bf44                bn::sprite_affine_mat_ptr::~sprite_affine_mat_ptr()
 .text._ZN2bn26sprite_affine_mats_manager6updateEv
                0x000000000801bf78      0x310 bn_sprite_affine_mats_manager.o
                0x000000000801bf78                bn::sprite_affine_mats_manager::update()
 .text._ZN2bn26sprite_affine_mats_manager4initEPv
                0x000000000801c288      0x108 bn_sprite_affine_mats_manager.o
                0x000000000801c288                bn::sprite_affine_mats_manager::init(void*)
 .text._ZN2bn26sprite_affine_mats_manager14dettach_spriteEiRNS_24intrusive_list_node_typeE
                0x000000000801c390       0x4c bn_sprite_affine_mats_manager.o
                0x000000000801c390                bn::sprite_affine_mats_manager::dettach_sprite(int, bn::intrusive_list_node_type&)
 .text.startup._GLOBAL__sub_I__ZN2bn18sprite_affine_mats10used_countEv
                0x000000000801c3dc       0xb4 bn_sprite_affine_mats_manager.o
 .text._ZN2bn15sprites_manager12_GLOBAL__N_132_always_update_indexes_to_commitERKNS_20sprites_manager_itemE
                0x000000000801c490       0x48 bn_sprites_manager.o
 .text._ZN2bn15sprites_manager12_GLOBAL__N_111static_dataD2Ev
                0x000000000801c4d8       0x44 bn_sprites_manager.o
 .text._ZN2bn13ostringstream11append_argsIiJA4_ciEEEvRKT_DpRKT0_.isra.0
                0x000000000801c51c       0x24 bn_sprites_manager.o
 .text._ZN2bn15sprites_manager12_GLOBAL__N_123_update_item_dimensionsERNS_20sprites_manager_itemE
                0x000000000801c540       0xcc bn_sprites_manager.o
 .text._ZN2bn10sprite_ptrC2ERKS0_
                0x000000000801c60c        0xc bn_sprites_manager.o
                0x000000000801c60c                bn::sprite_ptr::sprite_ptr(bn::sprite_ptr const&)
                0x000000000801c60c                bn::sprite_ptr::sprite_ptr(bn::sprite_ptr const&)
 .text._ZNK2bn10sprite_ptr1xEv
                0x000000000801c618        0x8 bn_sprites_manager.o
                0x000000000801c618                bn::sprite_ptr::x() const
 .text._ZN2bn10sprite_ptr5set_xENS_7fixed_tILi12EEE
                0x000000000801c620       0x48 bn_sprites_manager.o
                0x000000000801c620                bn::sprite_ptr::set_x(bn::fixed_t<12>)
 .text._ZNK2bn10sprite_ptr1yEv
                0x000000000801c668        0x8 bn_sprites_manager.o
                0x000000000801c668                bn::sprite_ptr::y() const
 .text._ZN2bn10sprite_ptr5set_yENS_7fixed_tILi12EEE
                0x000000000801c670       0x48 bn_sprites_manager.o
                0x000000000801c670                bn::sprite_ptr::set_y(bn::fixed_t<12>)
 .text._ZNK2bn10sprite_ptr8positionEv
                0x000000000801c6b8        0x8 bn_sprites_manager.o
                0x000000000801c6b8                bn::sprite_ptr::position() const
 .text._ZN2bn10sprite_ptr12set_positionENS_7fixed_tILi12EEES2_
                0x000000000801c6c0       0x6c bn_sprites_manager.o
                0x000000000801c6c0                bn::sprite_ptr::set_position(bn::fixed_t<12>, bn::fixed_t<12>)
 .text._ZN2bn10sprite_ptr12set_positionERKNS_11fixed_pointE
                0x000000000801c72c       0x78 bn_sprites_manager.o
                0x000000000801c72c                bn::sprite_ptr::set_position(bn::fixed_point const&)
 .text._ZN2bn15sprites_manager4initEv
                0x000000000801c7a4       0xd0 bn_sprites_manager.o
                0x000000000801c7a4                bn::sprites_manager::init()
 .text._ZN2bn15sprites_manager5hw_idEPv
                0x000000000801c874        0x8 bn_sprites_manager.o
                0x000000000801c874                bn::sprites_manager::hw_id(void*)
 .text._ZN2bn15sprites_manager5shapeEPv
                0x000000000801c87c        0x8 bn_sprites_manager.o
                0x000000000801c87c                bn::sprites_manager::shape(void*)
 .text._ZN2bn15sprites_manager4sizeEPv
                0x000000000801c884        0x8 bn_sprites_manager.o
                0x000000000801c884                bn::sprites_manager::size(void*)
 .text._ZN2bn15sprites_manager10shape_sizeEPv
                0x000000000801c88c       0x14 bn_sprites_manager.o
                0x000000000801c88c                bn::sprites_manager::shape_size(void*)
 .text._ZN2bn15sprites_manager11hw_positionEPv
                0x000000000801c8a0        0x4 bn_sprites_manager.o
                0x000000000801c8a0                bn::sprites_manager::hw_position(void*)
 .text._ZN2bn15sprites_manager9view_modeEPv
                0x000000000801c8a4        0xc bn_sprites_manager.o
                0x000000000801c8a4                bn::sprites_manager::view_mode(void*)
 .text._ZN2bn15sprites_manager10affine_matEPv
                0x000000000801c8b0        0x4 bn_sprites_manager.o
                0x000000000801c8b0                bn::sprites_manager::affine_mat(void*)
 .text._ZN2bn15sprites_manager39fill_hblank_effect_horizontal_positionsEPviPKNS_7fixed_tILi12EEEPt
                0x000000000801c8b4       0x44 bn_sprites_manager.o
                0x000000000801c8b4                bn::sprites_manager::fill_hblank_effect_horizontal_positions(void*, int, bn::fixed_t<12> const*, unsigned short*)
 .text._ZN2bn15sprites_manager37fill_hblank_effect_vertical_positionsEPviPKNS_7fixed_tILi12EEEPt
                0x000000000801c8f8       0x44 bn_sprites_manager.o
                0x000000000801c8f8                bn::sprites_manager::fill_hblank_effect_vertical_positions(void*, int, bn::fixed_t<12> const*, unsigned short*)
 .text._ZN2bn15sprites_manager35fill_hblank_effect_first_attributesEiNS_12sprite_shapeENS_8bpp_modeEiPKNS_23sprite_first_attributesEPt
                0x000000000801c93c      0x108 bn_sprites_manager.o
                0x000000000801c93c                bn::sprites_manager::fill_hblank_effect_first_attributes(int, bn::sprite_shape, bn::bpp_mode, int, bn::sprite_first_attributes const*, unsigned short*)
 .text._ZN2bn15sprites_manager44fill_hblank_effect_regular_second_attributesEPviNS_11sprite_sizeEPKNS_32sprite_regular_second_attributesEPt
                0x000000000801ca44       0x60 bn_sprites_manager.o
                0x000000000801ca44                bn::sprites_manager::fill_hblank_effect_regular_second_attributes(void*, int, bn::sprite_size, bn::sprite_regular_second_attributes const*, unsigned short*)
 .text._ZN2bn15sprites_manager43fill_hblank_effect_affine_second_attributesEPviNS_11sprite_sizeEPKNS_31sprite_affine_second_attributesEPt
                0x000000000801caa4       0x58 bn_sprites_manager.o
                0x000000000801caa4                bn::sprites_manager::fill_hblank_effect_affine_second_attributes(void*, int, bn::sprite_size, bn::sprite_affine_second_attributes const*, unsigned short*)
 .text._ZN2bn15sprites_manager14update_camerasEv
                0x000000000801cafc       0x20 bn_sprites_manager.o
                0x000000000801cafc                bn::sprites_manager::update_cameras()
 .text._ZN2bn15sprites_manager23update_auto_double_sizeEPv
                0x000000000801cb1c       0x2c bn_sprites_manager.o
                0x000000000801cb1c                bn::sprites_manager::update_auto_double_size(void*)
 .text._ZN2bn15sprites_manager6commitEb
                0x000000000801cb48       0xa4 bn_sprites_manager.o
                0x000000000801cb48                bn::sprites_manager::commit(bool)
 .text._ZN3_bn6assert9show_argsIA54_cEEvPKcS4_S4_iRKT_
                0x000000000801cbec       0x50 bn_sprites_manager.o
                0x000000000801cbec                void _bn::assert::show_args<char [54]>(char const*, char const*, char const*, int, char const (&) [54])
 .text._ZNK2bn17sprite_shape_size11tiles_countENS_8bpp_modeE
                0x000000000801cc3c      0x154 bn_sprites_manager.o
                0x000000000801cc3c                bn::sprite_shape_size::tiles_count(bn::bpp_mode) const
 .text._ZN2bn15sprites_manager12_GLOBAL__N_118_remove_affine_matERNS_20sprites_manager_itemE
                0x000000000801cd90       0xe8 bn_sprites_manager.o
 .text._ZN2bn15sprites_manager42remove_identity_affine_mat_when_not_neededEPv
                0x000000000801ce78        0xc bn_sprites_manager.o
                0x000000000801ce78                bn::sprites_manager::remove_identity_affine_mat_when_not_needed(void*)
 .text._ZN2bn14sprite_builder15release_paletteEv
                0x000000000801ce84       0x78 bn_sprites_manager.o
                0x000000000801ce84                bn::sprite_builder::release_palette()
 .text._ZN2bn14sprite_builder13release_tilesEv
                0x000000000801cefc       0x78 bn_sprites_manager.o
                0x000000000801cefc                bn::sprite_builder::release_tiles()
 .text._ZN2bn15sprites_manager7paletteEPv
                0x000000000801cf74       0x34 bn_sprites_manager.o
                0x000000000801cf74                bn::sprites_manager::palette(void*)
 .text._ZN3_bn6assert9show_argsIA27_chEEvPKcS4_S4_iRKT_RKT0_
                0x000000000801cfa8       0x58 bn_sprites_manager.o
                0x000000000801cfa8                void _bn::assert::show_args<char [27], unsigned char>(char const*, char const*, char const*, int, char const (&) [27], unsigned char const&)
 .text._ZN2bn20sprites_manager_item13_builder_initERKNS_14sprite_builderE
                0x000000000801d000      0x36c bn_sprites_manager.o
                0x000000000801d000                bn::sprites_manager_item::_builder_init(bn::sprite_builder const&)
 .text._ZN2bn14sprite_builder11set_z_orderEi
                0x000000000801d36c       0x48 bn_sprites_manager.o
                0x000000000801d36c                bn::sprite_builder::set_z_order(int)
 .text._ZN2bn14sprite_builderC2ERKNS_17sprite_shape_sizeENS_16sprite_tiles_ptrENS_18sprite_palette_ptrE
                0x000000000801d3b4      0x118 bn_sprites_manager.o
                0x000000000801d3b4                bn::sprite_builder::sprite_builder(bn::sprite_shape_size const&, bn::sprite_tiles_ptr, bn::sprite_palette_ptr)
                0x000000000801d3b4                bn::sprite_builder::sprite_builder(bn::sprite_shape_size const&, bn::sprite_tiles_ptr, bn::sprite_palette_ptr)
 .text._ZN3_bn6assert9show_argsIJA25_ciA4_ciEEEvPKcS5_S5_iDpRKT_
                0x000000000801d4cc       0x5c bn_sprites_manager.o
                0x000000000801d4cc                void _bn::assert::show_args<char [25], int, char [4], int>(char const*, char const*, char const*, int, char const (&) [25], int const&, char const (&) [4], int const&)
 .text._ZN2bn14sprite_builderC2ERKNS_11sprite_itemEi
                0x000000000801d528       0xb0 bn_sprites_manager.o
                0x000000000801d528                bn::sprite_builder::sprite_builder(bn::sprite_item const&, int)
                0x000000000801d528                bn::sprite_builder::sprite_builder(bn::sprite_item const&, int)
 .text._ZN2bn14sprite_builder15set_bg_priorityEi
                0x000000000801d5d8       0x38 bn_sprites_manager.o
                0x000000000801d5d8                bn::sprite_builder::set_bg_priority(int)
 .text._ZN2bn15sprites_manager6updateEv
                0x000000000801d610      0x160 bn_sprites_manager.o
                0x000000000801d610                bn::sprites_manager::update()
 .text._ZN2bn15sprites_manager11set_paletteEPvNS_8bpp_modeEONS_18sprite_palette_ptrE
                0x000000000801d770       0xb8 bn_sprites_manager.o
                0x000000000801d770                bn::sprites_manager::set_palette(void*, bn::bpp_mode, bn::sprite_palette_ptr&&)
 .text._ZN2bn10sprite_ptr11set_paletteERKNS_19sprite_palette_itemE
                0x000000000801d828       0xdc bn_sprites_manager.o
                0x000000000801d828                bn::sprite_ptr::set_palette(bn::sprite_palette_item const&)
 .text._ZN3_bn6assert9show_argsIJA27_ciA4_ciEEEvPKcS5_S5_iDpRKT_
                0x000000000801d904       0x5c bn_sprites_manager.o
                0x000000000801d904                void _bn::assert::show_args<char [27], int, char [4], int>(char const*, char const*, char const*, int, char const (&) [27], int const&, char const (&) [4], int const&)
 .text._ZN2bn15sprites_manager35fill_hblank_effect_third_attributesENS_17sprite_shape_sizeEPKNS_23sprite_third_attributesEPt
                0x000000000801d960       0xb4 bn_sprites_manager.o
                0x000000000801d960                bn::sprites_manager::fill_hblank_effect_third_attributes(bn::sprite_shape_size, bn::sprite_third_attributes const*, unsigned short*)
 .text._ZN2bn14sorted_sprites6sorter6insertERNS_20sprites_manager_itemE
                0x000000000801da14      0x170 bn_sprites_manager.o